Archive member included to satisfy reference by file (symbol)

C:/devkitPro/nflib/lib\libnflib.a(nf_2d.o)
                              main.o (NF_Set2D)
C:/devkitPro/nflib/lib\libnflib.a(nf_basic.o)
                              C:/devkitPro/nflib/lib\libnflib.a(nf_2d.o) (NF_Error)
C:/devkitPro/nflib/lib\libnflib.a(nf_sprite256.o)
                              main.o (NF_InitSpriteBuffers)
C:/devkitPro/nflib/lib\libnflib.a(nf_tiledbg.o)
                              main.o (NF_InitTiledBgBuffers)
C:/devkitPro/libnds/lib\libfilesystem.a(nitrofs.o)
                              main.o (nitroFSInit)
C:/devkitPro/libnds/lib\libfat.a(libfat.o)
                              C:/devkitPro/libnds/lib\libfilesystem.a(nitrofs.o) (fatInitDefault)
C:/devkitPro/libnds/lib\libfat.a(disc.o)
                              C:/devkitPro/libnds/lib\libfat.a(libfat.o) (_FAT_disc_interfaces)
C:/devkitPro/libnds/lib\libfat.a(fatfile.o)
                              C:/devkitPro/libnds/lib\libfat.a(libfat.o) (_FAT_open_r)
C:/devkitPro/libnds/lib\libfat.a(cache.o)
                              C:/devkitPro/libnds/lib\libfat.a(fatfile.o) (_FAT_cache_readSectors)
C:/devkitPro/libnds/lib\libfat.a(fatdir.o)
                              C:/devkitPro/libnds/lib\libfat.a(libfat.o) (_FAT_stat_r)
C:/devkitPro/libnds/lib\libfat.a(directory.o)
                              C:/devkitPro/libnds/lib\libfat.a(fatfile.o) (_FAT_directory_entryGetCluster)
C:/devkitPro/libnds/lib\libfat.a(partition.o)
                              C:/devkitPro/libnds/lib\libfat.a(libfat.o) (_FAT_partition_destructor)
C:/devkitPro/libnds/lib\libfat.a(lock.o)
                              C:/devkitPro/libnds/lib\libfat.a(partition.o) (_FAT_lock_init)
C:/devkitPro/libnds/lib\libfat.a(filetime.o)
                              C:/devkitPro/libnds/lib\libfat.a(fatfile.o) (_FAT_filetime_getTimeFromRTC)
C:/devkitPro/libnds/lib\libfat.a(file_allocation_table.o)
                              C:/devkitPro/libnds/lib\libfat.a(fatfile.o) (_FAT_fat_nextCluster)
C:/devkitPro/libnds/lib\libnds9.a(video.o)
                              C:/devkitPro/nflib/lib\libnflib.a(nf_basic.o) (setBrightness)
C:/devkitPro/libnds/lib\libnds9.a(console.o)
                              main.o (consoleDemoInit)
C:/devkitPro/libnds/lib\libnds9.a(sprite.o)
                              C:/devkitPro/nflib/lib\libnflib.a(nf_sprite256.o) (oamInit)
C:/devkitPro/libnds/lib\libnds9.a(dldi.o)
                              C:/devkitPro/libnds/lib\libfat.a(disc.o) (dldiGetInternal)
C:/devkitPro/libnds/lib\libnds9.a(initSystem.o)
                              C:/devkitPro/devkitARM/bin/../lib/gcc/arm-none-eabi/13.1.0/../../../../arm-none-eabi/lib/ds_arm9_crt0.o (initSystem)
C:/devkitPro/libnds/lib\libnds9.a(securearea.o)
                              C:/devkitPro/devkitARM/bin/../lib/gcc/arm-none-eabi/13.1.0/../../../../arm-none-eabi/lib/ds_arm9_crt0.o (__secure_area__)
C:/devkitPro/libnds/lib\libnds9.a(interrupts.o)
                              C:/devkitPro/libnds/lib\libnds9.a(initSystem.o) (irqInit)
C:/devkitPro/libnds/lib\libnds9.a(libnds_exit.arm.o)
                              C:/devkitPro/devkitARM/bin/../lib/gcc/arm-none-eabi/13.1.0/../../../../arm-none-eabi/lib/ds_arm9_crt0.o (__libnds_exit)
C:/devkitPro/libnds/lib\libnds9.a(card.o)
                              C:/devkitPro/libnds/lib\libfilesystem.a(nitrofs.o) (cardParamCommand)
C:/devkitPro/libnds/lib\libnds9.a(fifosystem.o)
                              C:/devkitPro/libnds/lib\libnds9.a(initSystem.o) (fifoSetValue32Handler)
C:/devkitPro/libnds/lib\libnds9.a(dcache.o)
                              C:/devkitPro/nflib/lib\libnflib.a(nf_basic.o) (DC_FlushRange)
C:/devkitPro/libnds/lib\libnds9.a(dldi_stub.o)
                              C:/devkitPro/libnds/lib\libnds9.a(dldi.o) (_io_dldi_stub)
C:/devkitPro/libnds/lib\libnds9.a(mpu_setup.o)
                              C:/devkitPro/devkitARM/bin/../lib/gcc/arm-none-eabi/13.1.0/../../../../arm-none-eabi/lib/ds_arm9_crt0.o (__libnds_mpu_setup)
C:/devkitPro/libnds/lib\libnds9.a(IntrWait.o)
                              main.o (swiWaitForVBlank)
C:/devkitPro/libnds/lib\libnds9.a(cpu_clock.o)
                              C:/devkitPro/libnds/lib\libnds9.a(initSystem.o) (setCpuClock)
C:/devkitPro/libnds/lib\libnds9.a(interruptDispatcher.o)
                              C:/devkitPro/libnds/lib\libnds9.a(interrupts.o) (IntrMain)
C:/devkitPro/libnds/lib\libnds9.a(biosCalls.o)
                              C:/devkitPro/libnds/lib\libnds9.a(card.o) (swiDelay)
C:/devkitPro/libnds/lib\libnds9.a(debugprint.o)
                              C:/devkitPro/libnds/lib\libnds9.a(console.o) (nocashWrite)
C:/devkitPro/libnds/lib\libnds9.a(swiSoftReset.o)
                              C:/devkitPro/libnds/lib\libnds9.a(fifosystem.o) (swiSoftReset)
C:/devkitPro/libnds/lib\libnds9.a(default_font.bin.o)
                              C:/devkitPro/libnds/lib\libnds9.a(console.o) (default_font_bin)
[...]
Memory Configuration

Name             Origin             Length             Attributes
ewram            0x02000000         0x00380000
dtcm             0x02ff0000         0x00004000
vectors          0x01000000         0x00000100
itcm             0x01000100         0x00007f00
*default*        0x00000000         0xffffffff

Linker script and memory map

                0x02380000                        __ewram_end = (ORIGIN (ewram) + LENGTH (ewram))
                0x02380000                        __eheap_end = (ORIGIN (ewram) + LENGTH (ewram))
                0x02ff4000                        __dtcm_top = (ORIGIN (dtcm) + LENGTH (dtcm))
                0x02ff3ff8                        __irq_flags = (__dtcm_top - 0x8)
                0x02ff3ffc                        __irq_vector = (__dtcm_top - 0x4)
                0x02ff3f00                        __sp_svc = (__dtcm_top - 0x100)
                0x02ff3e00                        __sp_irq = (__sp_svc - 0x100)
                0x02ff3d00                        __sp_usr = (__sp_irq - 0x100)

.secure         0x02000000      0x800
 *(.secure)
 .secure        0x02000000      0x800 C:/devkitPro/libnds/lib\libnds9.a(securearea.o)
                0x02000000                __secure_area__

.crt0           0x02000800      0x300
                0x02000800                        __text_start = .
 *(.crt0)
 .crt0          0x02000800      0x300 C:/devkitPro/devkitARM/bin/../lib/gcc/arm-none-eabi/13.1.0/../../../../arm-none-eabi/lib/ds_arm9_crt0.o
                0x02000800                _start
                0x02000b00                        . = ALIGN (0x4)

.plt
 *(.plt)

.init           0x02000b00       0x18
 *(SORT_NONE(.init))
 .init          0x02000b00        0xc C:/devkitPro/devkitARM/bin/../lib/gcc/arm-none-eabi/13.1.0/crti.o
                0x02000b00                _init
 .init          0x02000b0c        0xc C:/devkitPro/devkitARM/bin/../lib/gcc/arm-none-eabi/13.1.0/crtn.o

.text           0x02000b40    0x235f0
 *(EXCLUDE_FILE(*.twl* *.vectors* *.itcm*) .text)
 .text          0x02000b40      0x738 C:/devkitPro/nflib/lib\libnflib.a(nf_2d.o)
                0x02000b40                NF_Set2D
                0x02000ba4                NF_ShowBg
                0x02000c18                NF_HideBg
                0x02000cb4                NF_ScrollBg
                0x02000ff8                NF_SpriteFrame
                0x020010c4                NF_EnableSpriteRotScale
                0x02001164                NF_DisableSpriteRotScale
                0x020011d8                NF_SpriteRotScale
 .text          0x02001278      0x50c C:/devkitPro/nflib/lib\libnflib.a(nf_basic.o)
                0x02001278                NF_Error
                0x02001524                NF_SetRootFolder
                0x02001700                NF_DmaMemCopy
 .text          0x02001784     0x1360 C:/devkitPro/nflib/lib\libnflib.a(nf_sprite256.o)
                0x02001784                NF_InitSpriteBuffers
                0x020017e0                NF_ResetSpriteBuffers
                0x02001814                NF_InitSpriteSys
                0x02001a14                NF_LoadSpriteGfx
                0x02001b40                NF_UnloadSpriteGfx
                0x02001bbc                NF_LoadSpritePal
                0x02001cb4                NF_UnloadSpritePal
                0x02001d10                NF_VramSpriteGfx
                0x02002034                NF_VramSpriteGfxDefrag
                0x02002254                NF_FreeSpriteGfx
                0x02002344                NF_VramSpritePal
                0x02002428                NF_CreateSprite
                0x0200276c                NF_DeleteSprite
                0x02002808                NF_SpriteOamSet
                0x020028cc                NF_SpriteSetPalColor
                0x02002964                NF_SpriteEditPalColor
                0x020029e0                NF_SpriteUpdatePalette
                0x02002a74                NF_SpriteGetPalColor
 .text          0x02002ae4     0x19d4 C:/devkitPro/nflib/lib\libnflib.a(nf_tiledbg.o)
                0x02002ae4                NF_InitTiledBgBuffers
                0x02002b78                NF_ResetTiledBgBuffers
                0x02002bd4                NF_InitTiledBgSys
                0x02002cf4                NF_LoadTiledBg
                0x02002f9c                NF_LoadTilesForBg
                0x02003234                NF_UnloadTiledBg
                0x020032fc                NF_DeleteTiledBg
                0x020034b0                NF_CreateTiledBg
                0x02003aa4                NF_GetTileMapAddress
                0x02003b5c                NF_GetTileOfMap
                0x02003b94                NF_SetTileOfMap
                0x02003bd8                NF_UpdateVramMap
                0x02003cf4                NF_BgSetPalColor
                0x02003da4                NF_BgEditPalColor
                0x02003e48                NF_BgUpdatePalette
                0x02003f0c                NF_BgGetPalColor
                0x02003fa8                NF_GetTilePal
                0x02003fdc                NF_SetTilePal
                0x02004020                NF_LoadExBgPal
                0x0200410c                NF_UnloadExBgPal
                0x0200415c                NF_VramExBgPal
                0x02004204                NF_SetExBgPal
                0x020042ec                NF_SetTileHflip
                0x02004324                NF_SetTileVflip
                0x0200435c                NF_RotateTileGfx
 *fill*         0x020044b8        0x8 ff
 .text          0x020044c0     0x4000 C:/devkitPro/libnds/lib\libnds9.a(dldi_stub.o)
                0x020044c0                _io_dldi_stub
 .text          0x020084c0      0x114 C:/devkitPro/devkitARM/bin/../lib/gcc/arm-none-eabi/13.1.0\libgcc.a(_udivsi3.o)
                0x020084c0                __aeabi_uidiv
                0x020084c0                __udivsi3
                0x020085b4                __aeabi_uidivmod
 .text          0x020085d4      0x148 C:/devkitPro/devkitARM/bin/../lib/gcc/arm-none-eabi/13.1.0\libgcc.a(_divsi3.o)
                0x020085d4                __divsi3
                0x020085d4                __aeabi_idiv
                0x020086fc                __aeabi_idivmod
 .text          0x0200871c        0x4 C:/devkitPro/devkitARM/bin/../lib/gcc/arm-none-eabi/13.1.0\libgcc.a(_dvmd_tls.o)
                0x0200871c                __aeabi_idiv0
                0x0200871c                __aeabi_ldiv0
 .text          0x02008720       0xd4 C:/devkitPro/devkitARM/bin/../lib/gcc/arm-none-eabi/13.1.0\libgcc.a(_aeabi_ldivmod.o)
                0x02008720                __aeabi_ldivmod
 .text          0x020087f4       0x28 C:/devkitPro/devkitARM/bin/../lib/gcc/arm-none-eabi/13.1.0\libgcc.a(_clzdi2.o)
                0x020087f4                __clzdi2
 .text          0x0200881c       0x48 C:/devkitPro/devkitARM/bin/../lib/gcc/arm-none-eabi/13.1.0\libgcc.a(_clzsi2.o)
                0x0200881c                __clzsi2
 .text          0x02008864      0x224 C:/devkitPro/devkitARM/bin/../lib/gcc/arm-none-eabi/13.1.0/../../../../arm-none-eabi/lib\libg.a(libc_a-strcmp.o)
                0x02008864                strcmp
 .text          0x02008a88      0x424 C:/devkitPro/devkitARM/bin/../lib/gcc/arm-none-eabi/13.1.0\libgcc.a(_arm_addsubdf3.o)
                0x02008a88                __aeabi_drsub
                0x02008a90                __aeabi_dsub
                0x02008a90                __subdf3
                0x02008a94                __aeabi_dadd
                0x02008a94                __adddf3
                0x02008da4                __floatunsidf
                0x02008da4                __aeabi_ui2d
                0x02008dc8                __floatsidf
                0x02008dc8                __aeabi_i2d
                0x02008df0                __aeabi_f2d
                0x02008df0                __extendsfdf2
                0x02008e38                __floatundidf
                0x02008e38                __aeabi_ul2d
                0x02008e4c                __floatdidf
                0x02008e4c                __aeabi_l2d
 .text          0x02008eac      0x49c C:/devkitPro/devkitARM/bin/../lib/gcc/arm-none-eabi/13.1.0\libgcc.a(_arm_muldivdf3.o)
                0x02008eac                __aeabi_dmul
                0x02008eac                __muldf3
                0x0200913c                __divdf3
                0x0200913c                __aeabi_ddiv
 .text          0x02009348      0x144 C:/devkitPro/devkitARM/bin/../lib/gcc/arm-none-eabi/13.1.0\libgcc.a(_arm_cmpdf2.o)
                0x02009348                __gtdf2
                0x02009348                __gedf2
                0x02009350                __ltdf2
                0x02009350                __ledf2
                0x02009358                __nedf2
                0x02009358                __eqdf2
                0x02009358                __cmpdf2
                0x020093e0                __aeabi_cdrcmple
                0x020093fc                __aeabi_cdcmpeq
                0x020093fc                __aeabi_cdcmple
                0x02009414                __aeabi_dcmpeq
                0x0200942c                __aeabi_dcmplt
                0x02009444                __aeabi_dcmple
                0x0200945c                __aeabi_dcmpge
                0x02009474                __aeabi_dcmpgt
 .text          0x0200948c       0x38 C:/devkitPro/devkitARM/bin/../lib/gcc/arm-none-eabi/13.1.0\libgcc.a(_arm_unorddf2.o)
                0x0200948c                __unorddf2
                0x0200948c                __aeabi_dcmpun
 .text          0x020094c4       0x5c C:/devkitPro/devkitARM/bin/../lib/gcc/arm-none-eabi/13.1.0\libgcc.a(_arm_fixdfsi.o)
                0x020094c4                __aeabi_d2iz
                0x020094c4                __fixdfsi
 .text          0x02009520       0x3c C:/devkitPro/devkitARM/bin/../lib/gcc/arm-none-eabi/13.1.0\libgcc.a(_aeabi_uldivmod.o)
                0x02009520                __aeabi_uldivmod
 *(EXCLUDE_FILE(*.twl* *.vectors* *.itcm*) .stub)
 *(EXCLUDE_FILE(*.twl* *.vectors* *.itcm*) .text.*)
 .text.__do_global_dtors_aux
                0x0200955c       0x40 C:/devkitPro/devkitARM/bin/../lib/gcc/arm-none-eabi/13.1.0/crtbegin.o
 .text.frame_dummy
                0x0200959c       0x30 C:/devkitPro/devkitARM/bin/../lib/gcc/arm-none-eabi/13.1.0/crtbegin.o
 .text.startup  0x020095cc      0x120 main.o
                0x020095cc                main
 .text.nitroFSDirClose
                0x020096ec        0x4 C:/devkitPro/libnds/lib\libfilesystem.a(nitrofs.o)
 .text.nitroFSSeek
                0x020096f0       0x78 C:/devkitPro/libnds/lib\libfilesystem.a(nitrofs.o)
 .text.nitroFSFstat
                0x02009768       0x10 C:/devkitPro/libnds/lib\libfilesystem.a(nitrofs.o)
 .text.nitroSubReadBlock
                0x02009778       0x54 C:/devkitPro/libnds/lib\libfilesystem.a(nitrofs.o)
 .text.nitroSubReadCard
                0x020097cc       0xb0 C:/devkitPro/libnds/lib\libfilesystem.a(nitrofs.o)
 .text.nitroFSClose
                0x0200987c        0x4 C:/devkitPro/libnds/lib\libfilesystem.a(nitrofs.o)
 .text.nitroDirReset
                0x02009880       0x9c C:/devkitPro/libnds/lib\libfilesystem.a(nitrofs.o)
 .text.nitroFSRead
                0x0200991c       0xbc C:/devkitPro/libnds/lib\libfilesystem.a(nitrofs.o)
 .text.nitroFSDirNext
                0x020099d8      0x30c C:/devkitPro/libnds/lib\libfilesystem.a(nitrofs.o)
 .text.nitroFSDirOpen
                0x02009ce4       0xe0 C:/devkitPro/libnds/lib\libfilesystem.a(nitrofs.o)
 .text.nitroFSChdir
                0x02009dc4       0x30 C:/devkitPro/libnds/lib\libfilesystem.a(nitrofs.o)
 .text.nitroFSOpen
                0x02009df4       0xc4 C:/devkitPro/libnds/lib\libfilesystem.a(nitrofs.o)
 .text.nitroFSstat
                0x02009eb8       0x68 C:/devkitPro/libnds/lib\libfilesystem.a(nitrofs.o)
 .text.nitroFSInit
                0x02009f20      0x12c C:/devkitPro/libnds/lib\libfilesystem.a(nitrofs.o)
                0x02009f20                nitroFSInit
 .text.fatMount.part.0
                0x0200a04c       0xa0 C:/devkitPro/libnds/lib\libfat.a(libfat.o)
 .text.fatMount
                0x0200a0ec       0x3c C:/devkitPro/libnds/lib\libfat.a(libfat.o)
                0x0200a0ec                fatMount
 .text.fatInit  0x0200a128      0x130 C:/devkitPro/libnds/lib\libfat.a(libfat.o)
                0x0200a128                fatInit
 .text.fatInitDefault
                0x0200a258        0xc C:/devkitPro/libnds/lib\libfat.a(libfat.o)
                0x0200a258                fatInitDefault
 .text._FAT_check_position_for_next_cluster.part.0
                0x0200a264       0x68 C:/devkitPro/libnds/lib\libfat.a(fatfile.o)
 .text._FAT_syncToDisc.part.0
                0x0200a2cc       0xd4 C:/devkitPro/libnds/lib\libfat.a(fatfile.o)
 .text._FAT_file_extend_r
                0x0200a3a0      0x208 C:/devkitPro/libnds/lib\libfat.a(fatfile.o)
 .text._FAT_open_r
                0x0200a5a8      0x2d4 C:/devkitPro/libnds/lib\libfat.a(fatfile.o)
                0x0200a5a8                _FAT_open_r
 .text._FAT_close_r
                0x0200a87c       0x74 C:/devkitPro/libnds/lib\libfat.a(fatfile.o)
                0x0200a87c                _FAT_close_r
 .text._FAT_read_r
                0x0200a8f0      0x398 C:/devkitPro/libnds/lib\libfat.a(fatfile.o)
                0x0200a8f0                _FAT_read_r
 .text._FAT_write_r
                0x0200ac88      0x53c C:/devkitPro/libnds/lib\libfat.a(fatfile.o)
                0x0200ac88                _FAT_write_r
 .text._FAT_seek_r
                0x0200b1c4      0x194 C:/devkitPro/libnds/lib\libfat.a(fatfile.o)
                0x0200b1c4                _FAT_seek_r
 .text._FAT_fstat_r
                0x0200b358       0x8c C:/devkitPro/libnds/lib\libfat.a(fatfile.o)
                0x0200b358                _FAT_fstat_r
 .text._FAT_ftruncate_r
                0x0200b3e4      0x16c C:/devkitPro/libnds/lib\libfat.a(fatfile.o)
                0x0200b3e4                _FAT_ftruncate_r
 .text._FAT_fsync_r
                0x0200b550       0x44 C:/devkitPro/libnds/lib\libfat.a(fatfile.o)
                0x0200b550                _FAT_fsync_r
 .text._FAT_cache_getPage
                0x0200b594       0xf0 C:/devkitPro/libnds/lib\libfat.a(cache.o)
 .text._FAT_cache_constructor
                0x0200b684       0x90 C:/devkitPro/libnds/lib\libfat.a(cache.o)
                0x0200b684                _FAT_cache_constructor
 .text._FAT_cache_readSectors
                0x0200b714       0x60 C:/devkitPro/libnds/lib\libfat.a(cache.o)
                0x0200b714                _FAT_cache_readSectors
 .text._FAT_cache_readPartialSector
                0x0200b774       0x3c C:/devkitPro/libnds/lib\libfat.a(cache.o)
                0x0200b774                _FAT_cache_readPartialSector
 .text._FAT_cache_readLittleEndianValue
                0x0200b7b0       0x70 C:/devkitPro/libnds/lib\libfat.a(cache.o)
                0x0200b7b0                _FAT_cache_readLittleEndianValue
 .text._FAT_cache_writePartialSector
                0x0200b820       0x4c C:/devkitPro/libnds/lib\libfat.a(cache.o)
                0x0200b820                _FAT_cache_writePartialSector
 .text._FAT_cache_writeLittleEndianValue
                0x0200b86c       0x8c C:/devkitPro/libnds/lib\libfat.a(cache.o)
                0x0200b86c                _FAT_cache_writeLittleEndianValue
 .text._FAT_cache_eraseWritePartialSector
                0x0200b8f8       0x60 C:/devkitPro/libnds/lib\libfat.a(cache.o)
                0x0200b8f8                _FAT_cache_eraseWritePartialSector
 .text._FAT_cache_writeSectors
                0x0200b958       0x80 C:/devkitPro/libnds/lib\libfat.a(cache.o)
                0x0200b958                _FAT_cache_writeSectors
 .text._FAT_cache_flush
                0x0200b9d8       0x40 C:/devkitPro/libnds/lib\libfat.a(cache.o)
                0x0200b9d8                _FAT_cache_flush
 .text._FAT_stat_r
                0x0200ba18       0x90 C:/devkitPro/libnds/lib\libfat.a(fatdir.o)
                0x0200ba18                _FAT_stat_r
 .text._FAT_link_r
                0x0200baa8        0xc C:/devkitPro/libnds/lib\libfat.a(fatdir.o)
                0x0200baa8                _FAT_link_r
 .text._FAT_unlink_r
                0x0200bab4      0x184 C:/devkitPro/libnds/lib\libfat.a(fatdir.o)
                0x0200bab4                _FAT_unlink_r
 .text._FAT_chdir_r
                0x0200bc38       0x70 C:/devkitPro/libnds/lib\libfat.a(fatdir.o)
                0x0200bc38                _FAT_chdir_r
 .text._FAT_rename_r
                0x0200bca8      0x1c4 C:/devkitPro/libnds/lib\libfat.a(fatdir.o)
                0x0200bca8                _FAT_rename_r
 .text._FAT_mkdir_r
                0x0200be6c      0x244 C:/devkitPro/libnds/lib\libfat.a(fatdir.o)
                0x0200be6c                _FAT_mkdir_r
 .text._FAT_statvfs_r
                0x0200c0b0       0x78 C:/devkitPro/libnds/lib\libfat.a(fatdir.o)
                0x0200c0b0                _FAT_statvfs_r
 .text._FAT_diropen_r
                0x0200c128       0xb0 C:/devkitPro/libnds/lib\libfat.a(fatdir.o)
                0x0200c128                _FAT_diropen_r
 .text._FAT_dirreset_r
                0x0200c1d8       0x4c C:/devkitPro/libnds/lib\libfat.a(fatdir.o)
                0x0200c1d8                _FAT_dirreset_r
 .text._FAT_dirnext_r
                0x0200c224       0x7c C:/devkitPro/libnds/lib\libfat.a(fatdir.o)
                0x0200c224                _FAT_dirnext_r
 .text._FAT_dirclose_r
                0x0200c2a0       0x20 C:/devkitPro/libnds/lib\libfat.a(fatdir.o)
                0x0200c2a0                _FAT_dirclose_r
 .text._FAT_directory_entryGetAlias
                0x0200c2c0       0xc8 C:/devkitPro/libnds/lib\libfat.a(directory.o)
 .text._FAT_directory_incrementDirEntryPosition
                0x0200c388       0x80 C:/devkitPro/libnds/lib\libfat.a(directory.o)
 .text._FAT_directory_mbsncasecmp
                0x0200c408       0xa8 C:/devkitPro/libnds/lib\libfat.a(directory.o)
 .text._FAT_directory_ucs2tombs.constprop.0
                0x0200c4b0       0x90 C:/devkitPro/libnds/lib\libfat.a(directory.o)
 .text._FAT_directory_entryGetCluster
                0x0200c540       0x20 C:/devkitPro/libnds/lib\libfat.a(directory.o)
                0x0200c540                _FAT_directory_entryGetCluster
 .text._FAT_directory_getNextEntry
                0x0200c560      0x23c C:/devkitPro/libnds/lib\libfat.a(directory.o)
                0x0200c560                _FAT_directory_getNextEntry
 .text._FAT_directory_entryExists
                0x0200c79c       0x80 C:/devkitPro/libnds/lib\libfat.a(directory.o)
 .text._FAT_directory_getFirstEntry
                0x0200c81c       0x20 C:/devkitPro/libnds/lib\libfat.a(directory.o)
                0x0200c81c                _FAT_directory_getFirstEntry
 .text._FAT_directory_getRootEntry
                0x0200c83c       0x60 C:/devkitPro/libnds/lib\libfat.a(directory.o)
                0x0200c83c                _FAT_directory_getRootEntry
 .text._FAT_directory_entryFromPosition
                0x0200c89c      0x150 C:/devkitPro/libnds/lib\libfat.a(directory.o)
                0x0200c89c                _FAT_directory_entryFromPosition
 .text._FAT_directory_entryFromPath
                0x0200c9ec      0x248 C:/devkitPro/libnds/lib\libfat.a(directory.o)
                0x0200c9ec                _FAT_directory_entryFromPath
 .text._FAT_directory_removeEntry
                0x0200cc34       0xd8 C:/devkitPro/libnds/lib\libfat.a(directory.o)
                0x0200cc34                _FAT_directory_removeEntry
 .text._FAT_directory_addEntry
                0x0200cd0c      0x808 C:/devkitPro/libnds/lib\libfat.a(directory.o)
                0x0200cd0c                _FAT_directory_addEntry
 .text._FAT_directory_chdir
                0x0200d514       0x3c C:/devkitPro/libnds/lib\libfat.a(directory.o)
                0x0200d514                _FAT_directory_chdir
 .text._FAT_directory_entryStat
                0x0200d550       0xe4 C:/devkitPro/libnds/lib\libfat.a(directory.o)
                0x0200d550                _FAT_directory_entryStat
 .text.isValidMBR
                0x0200d634       0x5c C:/devkitPro/libnds/lib\libfat.a(partition.o)
 .text._FAT_updateFS_INFO
                0x0200d690       0x54 C:/devkitPro/libnds/lib\libfat.a(partition.o)
 .text.FindFirstValidPartition_buf.part.0
                0x0200d6e4      0x11c C:/devkitPro/libnds/lib\libfat.a(partition.o)
 .text._FAT_partition_getPartitionFromPath
                0x0200d800       0x10 C:/devkitPro/libnds/lib\libfat.a(partition.o)
                0x0200d800                _FAT_partition_getPartitionFromPath
 .text._FAT_partition_createFSinfo
                0x0200d810       0x50 C:/devkitPro/libnds/lib\libfat.a(partition.o)
                0x0200d810                _FAT_partition_createFSinfo
 .text._FAT_partition_readFSinfo.part.0
                0x0200d860       0x74 C:/devkitPro/libnds/lib\libfat.a(partition.o)
 .text._FAT_partition_constructor_buf
                0x0200d8d4      0x2e8 C:/devkitPro/libnds/lib\libfat.a(partition.o)
                0x0200d8d4                _FAT_partition_constructor_buf
 .text._FAT_partition_constructor
                0x0200dbbc       0x40 C:/devkitPro/libnds/lib\libfat.a(partition.o)
                0x0200dbbc                _FAT_partition_constructor
 .text._FAT_partition_readFSinfo
                0x0200dbfc       0x10 C:/devkitPro/libnds/lib\libfat.a(partition.o)
                0x0200dbfc                _FAT_partition_readFSinfo
 .text._FAT_lock_init
                0x0200dc0c        0x4 C:/devkitPro/libnds/lib\libfat.a(lock.o)
                0x0200dc0c                _FAT_lock_init
 .text._FAT_lock
                0x0200dc10        0x4 C:/devkitPro/libnds/lib\libfat.a(lock.o)
                0x0200dc10                _FAT_lock
 .text._FAT_unlock
                0x0200dc14        0x4 C:/devkitPro/libnds/lib\libfat.a(lock.o)
                0x0200dc14                _FAT_unlock
 .text._FAT_filetime_getTimeFromRTC
                0x0200dc18       0x44 C:/devkitPro/libnds/lib\libfat.a(filetime.o)
                0x0200dc18                _FAT_filetime_getTimeFromRTC
 .text._FAT_filetime_getDateFromRTC
                0x0200dc5c       0x44 C:/devkitPro/libnds/lib\libfat.a(filetime.o)
                0x0200dc5c                _FAT_filetime_getDateFromRTC
 .text._FAT_filetime_to_time_t
                0x0200dca0       0x38 C:/devkitPro/libnds/lib\libfat.a(filetime.o)
                0x0200dca0                _FAT_filetime_to_time_t
 .text._FAT_fat_writeFatEntry.part.0.isra.0
                0x0200dcd8      0x12c C:/devkitPro/libnds/lib\libfat.a(file_allocation_table.o)
 .text._FAT_fat_nextCluster
                0x0200de04      0x108 C:/devkitPro/libnds/lib\libfat.a(file_allocation_table.o)
                0x0200de04                _FAT_fat_nextCluster
 .text._FAT_fat_linkFreeCluster
                0x0200df0c       0xac C:/devkitPro/libnds/lib\libfat.a(file_allocation_table.o)
                0x0200df0c                _FAT_fat_linkFreeCluster
 .text._FAT_fat_linkFreeClusterCleared
                0x0200dfb8       0x68 C:/devkitPro/libnds/lib\libfat.a(file_allocation_table.o)
                0x0200dfb8                _FAT_fat_linkFreeClusterCleared
 .text._FAT_fat_clearLinks
                0x0200e020       0x7c C:/devkitPro/libnds/lib\libfat.a(file_allocation_table.o)
                0x0200e020                _FAT_fat_clearLinks
 .text._FAT_fat_trimChain
                0x0200e09c       0x80 C:/devkitPro/libnds/lib\libfat.a(file_allocation_table.o)
                0x0200e09c                _FAT_fat_trimChain
 .text._FAT_fat_lastCluster
                0x0200e11c       0x34 C:/devkitPro/libnds/lib\libfat.a(file_allocation_table.o)
                0x0200e11c                _FAT_fat_lastCluster
 .text._FAT_fat_freeClusterCount
                0x0200e150       0x2c C:/devkitPro/libnds/lib\libfat.a(file_allocation_table.o)
                0x0200e150                _FAT_fat_freeClusterCount
 .text.setBrightness
                0x0200e17c       0x40 C:/devkitPro/libnds/lib\libnds9.a(video.o)
                0x0200e17c                setBrightness
 .text.vramDefault
                0x0200e1bc       0xd0 C:/devkitPro/libnds/lib\libnds9.a(video.o)
                0x0200e1bc                vramDefault
 .text.newRow   0x0200e28c       0xa8 C:/devkitPro/libnds/lib\libnds9.a(console.o)
 .text.consolePrintChar
                0x0200e334       0xe0 C:/devkitPro/libnds/lib\libnds9.a(console.o)
                0x0200e334                consolePrintChar
 .text.con_write
                0x0200e414      0x36c C:/devkitPro/libnds/lib\libnds9.a(console.o)
                0x0200e414                con_write
 .text.consoleLoadFont
                0x0200e780      0x2a0 C:/devkitPro/libnds/lib\libnds9.a(console.o)
                0x0200e780                consoleLoadFont
 .text.consoleInit
                0x0200ea20      0x18c C:/devkitPro/libnds/lib\libnds9.a(console.o)
                0x0200ea20                consoleInit
 .text.consoleDemoInit
                0x0200ebac       0x40 C:/devkitPro/libnds/lib\libnds9.a(console.o)
                0x0200ebac                consoleDemoInit
 .text.consoleClear
                0x0200ebec       0x10 C:/devkitPro/libnds/lib\libnds9.a(console.o)
                0x0200ebec                consoleClear
 .text.oamInit  0x0200ebfc      0x114 C:/devkitPro/libnds/lib\libnds9.a(sprite.o)
                0x0200ebfc                oamInit
 .text.oamGfxPtrToOffset
                0x0200ed10       0x34 C:/devkitPro/libnds/lib\libnds9.a(sprite.o)
                0x0200ed10                oamGfxPtrToOffset
 .text.oamSet   0x0200ed44      0x104 C:/devkitPro/libnds/lib\libnds9.a(sprite.o)
                0x0200ed44                oamSet
 .text.oamUpdate
                0x0200ee48       0x60 C:/devkitPro/libnds/lib\libnds9.a(sprite.o)
                0x0200ee48                oamUpdate
 .text.oamRotateScale
                0x0200eea8       0x4c C:/devkitPro/libnds/lib\libnds9.a(sprite.o)
                0x0200eea8                oamRotateScale
 .text.dldiGetInternal
                0x0200eef4       0x34 C:/devkitPro/libnds/lib\libnds9.a(dldi.o)
                0x0200eef4                dldiGetInternal
 .text.get_io_dsisd
                0x0200ef28       0x24 C:/devkitPro/libnds/lib\libnds9.a(dldi.o)
                0x0200ef28                get_io_dsisd
 .text.__syscall_gettod_r
                0x0200ef4c       0x28 C:/devkitPro/libnds/lib\libnds9.a(initSystem.o)
                0x0200ef4c                __syscall_gettod_r
 .text.__syscall_exit
                0x0200ef74        0x8 C:/devkitPro/libnds/lib\libnds9.a(initSystem.o)
                0x0200ef74                __syscall_exit
 .text.initSystem
                0x0200ef7c      0x180 C:/devkitPro/libnds/lib\libnds9.a(initSystem.o)
                0x0200ef7c                initSystem
 .text.irqDummy
                0x0200f0fc        0x4 C:/devkitPro/libnds/lib\libnds9.a(interrupts.o)
                0x0200f0fc                irqDummy
 .text.irqSet   0x0200f100       0x6c C:/devkitPro/libnds/lib\libnds9.a(interrupts.o)
                0x0200f100                irqSet
 .text.irqInit  0x0200f16c       0x50 C:/devkitPro/libnds/lib\libnds9.a(interrupts.o)
                0x0200f16c                irqInit
 .text.irqEnable
                0x0200f1bc       0x64 C:/devkitPro/libnds/lib\libnds9.a(interrupts.o)
                0x0200f1bc                irqEnable
 .text.systemErrorExit
                0x0200f220        0x4 C:/devkitPro/libnds/lib\libnds9.a(libnds_exit.arm.o)
                0x0200f220                systemErrorExit
 .text.__libnds_exit
                0x0200f224       0x5c C:/devkitPro/libnds/lib\libnds9.a(libnds_exit.arm.o)
                0x0200f224                __libnds_exit
 .text.cardPolledTransfer
                0x0200f280       0x54 C:/devkitPro/libnds/lib\libnds9.a(card.o)
                0x0200f280                cardPolledTransfer
 .text.cardParamCommand
                0x0200f2d4       0x34 C:/devkitPro/libnds/lib\libnds9.a(card.o)
                0x0200f2d4                cardParamCommand
 .text.fifo_queueBlock
                0x0200f308       0x44 C:/devkitPro/libnds/lib\libnds9.a(fifosystem.o)
 .text.fifo_waitBlock
                0x0200f34c       0x80 C:/devkitPro/libnds/lib\libnds9.a(fifosystem.o)
 .text.fifoInternalSend.part.0
                0x0200f3cc       0xd4 C:/devkitPro/libnds/lib\libnds9.a(fifosystem.o)
 .text.fifoInternalSendInterrupt
                0x0200f4a0       0xb0 C:/devkitPro/libnds/lib\libnds9.a(fifosystem.o)
 .text.fifoSetValue32Handler
                0x0200f550       0xd4 C:/devkitPro/libnds/lib\libnds9.a(fifosystem.o)
                0x0200f550                fifoSetValue32Handler
 .text.fifoSendValue32
                0x0200f624       0x4c C:/devkitPro/libnds/lib\libnds9.a(fifosystem.o)
                0x0200f624                fifoSendValue32
 .text.fifoSendDatamsg
                0x0200f670       0x90 C:/devkitPro/libnds/lib\libnds9.a(fifosystem.o)
                0x0200f670                fifoSendDatamsg
 .text.fifoGetValue32
                0x0200f700       0x70 C:/devkitPro/libnds/lib\libnds9.a(fifosystem.o)
                0x0200f700                fifoGetValue32
 .text.fifoGetDatamsg
                0x0200f770       0xf4 C:/devkitPro/libnds/lib\libnds9.a(fifosystem.o)
                0x0200f770                fifoGetDatamsg
 .text.fifoInternalRecvInterrupt
                0x0200f864      0x37c C:/devkitPro/libnds/lib\libnds9.a(fifosystem.o)
 .text.fifoSetDatamsgHandler
                0x0200fbe0       0x9c C:/devkitPro/libnds/lib\libnds9.a(fifosystem.o)
                0x0200fbe0                fifoSetDatamsgHandler
 .text.fifoCheckValue32
                0x0200fc7c       0x24 C:/devkitPro/libnds/lib\libnds9.a(fifosystem.o)
                0x0200fc7c                fifoCheckValue32
 .text.fifoInit
                0x0200fca0      0x108 C:/devkitPro/libnds/lib\libnds9.a(fifosystem.o)
                0x0200fca0                fifoInit
 .text.DC_FlushRange
                0x0200fda8       0x24 C:/devkitPro/libnds/lib\libnds9.a(dcache.o)
                0x0200fda8                DC_FlushRange
 .text.DC_InvalidateRange
                0x0200fdcc       0x2c C:/devkitPro/libnds/lib\libnds9.a(dcache.o)
                0x0200fdcc                DC_InvalidateRange
 .text.__libnds_mpu_setup
                0x0200fdf8      0x174 C:/devkitPro/libnds/lib\libnds9.a(mpu_setup.o)
                0x0200fdf8                __libnds_mpu_setup
 .text.memUncached
                0x0200ff6c       0x20 C:/devkitPro/libnds/lib\libnds9.a(mpu_setup.o)
                0x0200ff6c                memUncached
 .text.swiWaitForVBlank
                0x0200ff8c        0x8 C:/devkitPro/libnds/lib\libnds9.a(IntrWait.o)
                0x0200ff8c                swiWaitForVBlank
 .text.swiIntrWait
                0x0200ff94       0x70 C:/devkitPro/libnds/lib\libnds9.a(IntrWait.o)
                0x0200ff94                swiIntrWait
 .text.setCpuClock
                0x02010004       0x50 C:/devkitPro/libnds/lib\libnds9.a(cpu_clock.o)
                0x02010004                setCpuClock
 .text.swiDelay
                0x02010054        0x4 C:/devkitPro/libnds/lib\libnds9.a(biosCalls.o)
                0x02010054                swiDelay
 .text.swiSoftReset
                0x02010058       0x2c C:/devkitPro/libnds/lib\libnds9.a(swiSoftReset.o)
                0x02010058                swiSoftReset
 .text.checkIfText
                0x02010084       0x5c C:/devkitPro/libnds/lib\libnds9.a(background.o)
                0x02010084                checkIfText
 .text.bgUpdate
                0x020100e0       0xf4 C:/devkitPro/libnds/lib\libnds9.a(background.o)
                0x020100e0                bgUpdate
 .text.bgInit_call
                0x020101d4       0xc4 C:/devkitPro/libnds/lib\libnds9.a(background.o)
                0x020101d4                bgInit_call
 .text.bgInitSub_call
                0x02010298       0xcc C:/devkitPro/libnds/lib\libnds9.a(background.o)
                0x02010298                bgInitSub_call
 .text.sinLutLookup
                0x02010364       0x4c C:/devkitPro/libnds/lib\libnds9.a(trig.o)
                0x02010364                sinLutLookup
 .text.sinLerp  0x020103b0       0x40 C:/devkitPro/libnds/lib\libnds9.a(trig.o)
                0x020103b0                sinLerp
 .text.cosLerp  0x020103f0       0x4c C:/devkitPro/libnds/lib\libnds9.a(trig.o)
                0x020103f0                cosLerp
 .text.oamAllocReset
                0x0201043c       0x1c C:/devkitPro/libnds/lib\libnds9.a(sprite_alloc.o)
                0x0201043c                oamAllocReset
 .text.systemValueHandler
                0x02010458       0x48 C:/devkitPro/libnds/lib\libnds9.a(system.o)
                0x02010458                systemValueHandler
 .text.systemMsgHandler
                0x020104a0       0x60 C:/devkitPro/libnds/lib\libnds9.a(system.o)
                0x020104a0                systemMsgHandler
 .text.powerOn  0x02010500       0x2c C:/devkitPro/libnds/lib\libnds9.a(system.o)
                0x02010500                powerOn
 .text.__muldi3
                0x0201052c       0x18 C:/devkitPro/devkitARM/bin/../lib/gcc/arm-none-eabi/13.1.0\libgcc.a(_muldi3.o)
                0x0201052c                __muldi3
                0x0201052c                __aeabi_lmul
 .text.__udivmoddi4
                0x02010544      0x128 C:/devkitPro/devkitARM/bin/../lib/gcc/arm-none-eabi/13.1.0\libgcc.a(_udivmoddi4.o)
                0x02010544                __udivmoddi4
 .text.towlower
                0x0201066c       0x14 C:/devkitPro/devkitARM/bin/../lib/gcc/arm-none-eabi/13.1.0/../../../../arm-none-eabi/lib\libg.a(libc_a-towlower.o)
                0x0201066c                towlower
 .text._mbrtowc_r
                0x02010680       0xc0 C:/devkitPro/devkitARM/bin/../lib/gcc/arm-none-eabi/13.1.0/../../../../arm-none-eabi/lib\libg.a(libc_a-mbrtowc.o)
                0x02010680                _mbrtowc_r
 .text.mbrtowc  0x02010740       0xc4 C:/devkitPro/devkitARM/bin/../lib/gcc/arm-none-eabi/13.1.0/../../../../arm-none-eabi/lib\libg.a(libc_a-mbrtowc.o)
                0x02010740                mbrtowc
 .text._wcrtomb_r
                0x02010804       0xac C:/devkitPro/devkitARM/bin/../lib/gcc/arm-none-eabi/13.1.0/../../../../arm-none-eabi/lib\libg.a(libc_a-wcrtomb.o)
                0x02010804                _wcrtomb_r
 .text.wcrtomb  0x020108b0       0xb4 C:/devkitPro/devkitARM/bin/../lib/gcc/arm-none-eabi/13.1.0/../../../../arm-none-eabi/lib\libg.a(libc_a-wcrtomb.o)
                0x020108b0                wcrtomb
 .text.towupper
                0x02010964       0x14 C:/devkitPro/devkitARM/bin/../lib/gcc/arm-none-eabi/13.1.0/../../../../arm-none-eabi/lib\libg.a(libc_a-towupper.o)
                0x02010964                towupper
 .text.mbsrtowcs
                0x02010978       0x3c C:/devkitPro/devkitARM/bin/../lib/gcc/arm-none-eabi/13.1.0/../../../../arm-none-eabi/lib\libg.a(libc_a-mbsrtowcs.o)
                0x02010978                mbsrtowcs
 .text.wctob    0x020109b4       0x88 C:/devkitPro/devkitARM/bin/../lib/gcc/arm-none-eabi/13.1.0/../../../../arm-none-eabi/lib\libg.a(libc_a-wctob.o)
                0x020109b4                wctob
 .text.rewind   0x02010a3c       0x30 C:/devkitPro/devkitARM/bin/../lib/gcc/arm-none-eabi/13.1.0/../../../../arm-none-eabi/lib\libg.a(libc_a-rewind.o)
                0x02010a3c                rewind
 .text.towctrans
                0x02010a6c       0x48 C:/devkitPro/devkitARM/bin/../lib/gcc/arm-none-eabi/13.1.0/../../../../arm-none-eabi/lib\libg.a(libc_a-towctrans.o)
                0x02010a6c                towctrans
 .text.snprintf
                0x02010ab4       0xcc C:/devkitPro/devkitARM/bin/../lib/gcc/arm-none-eabi/13.1.0/../../../../arm-none-eabi/lib\libg.a(libc_a-snprintf.o)
                0x02010ab4                snprintf
 .text._puts_r  0x02010b80       0xe4 C:/devkitPro/devkitARM/bin/../lib/gcc/arm-none-eabi/13.1.0/../../../../arm-none-eabi/lib\libg.a(libc_a-puts.o)
                0x02010b80                _puts_r
 .text.puts     0x02010c64       0x18 C:/devkitPro/devkitARM/bin/../lib/gcc/arm-none-eabi/13.1.0/../../../../arm-none-eabi/lib\libg.a(libc_a-puts.o)
                0x02010c64                puts
 .text.siscanf  0x02010c7c       0x74 C:/devkitPro/devkitARM/bin/../lib/gcc/arm-none-eabi/13.1.0/../../../../arm-none-eabi/lib\libg.a(libc_a-siscanf.o)
                0x02010c7c                siscanf
 .text.calloc   0x02010cf0       0x24 C:/devkitPro/devkitARM/bin/../lib/gcc/arm-none-eabi/13.1.0/../../../../arm-none-eabi/lib\libg.a(libc_a-calloc.o)
                0x02010cf0                calloc
 .text._calloc_r
                0x02010d14       0xd0 C:/devkitPro/devkitARM/bin/../lib/gcc/arm-none-eabi/13.1.0/../../../../arm-none-eabi/lib\libg.a(libc_a-callocr.o)
                0x02010d14                _calloc_r
 .text.setvbuf  0x02010de4      0x25c C:/devkitPro/devkitARM/bin/../lib/gcc/arm-none-eabi/13.1.0/../../../../arm-none-eabi/lib\libg.a(libc_a-setvbuf.o)
                0x02010de4                setvbuf
 .text.get_arg  0x02011040       0x54 C:/devkitPro/devkitARM/bin/../lib/gcc/arm-none-eabi/13.1.0/../../../../arm-none-eabi/lib\libg.a(libc_a-svfiscanf.o)
 .text._sungetc_r
                0x02011094       0xe4 C:/devkitPro/devkitARM/bin/../lib/gcc/arm-none-eabi/13.1.0/../../../../arm-none-eabi/lib\libg.a(libc_a-svfiscanf.o)
                0x02011094                _sungetc_r
 .text.__ssrefill_r
                0x02011178       0x68 C:/devkitPro/devkitARM/bin/../lib/gcc/arm-none-eabi/13.1.0/../../../../arm-none-eabi/lib\libg.a(libc_a-svfiscanf.o)
                0x02011178                __ssrefill_r
 .text._sfread_r
                0x020111e0       0xc8 C:/devkitPro/devkitARM/bin/../lib/gcc/arm-none-eabi/13.1.0/../../../../arm-none-eabi/lib\libg.a(libc_a-svfiscanf.o)
                0x020111e0                _sfread_r
 .text.__ssvfiscanf_r
                0x020112a8     0x22dc C:/devkitPro/devkitARM/bin/../lib/gcc/arm-none-eabi/13.1.0/../../../../arm-none-eabi/lib\libg.a(libc_a-svfiscanf.o)
                0x020112a8                __ssvfiscanf_r
 .text._malloc_trim_r
                0x02013584      0x100 C:/devkitPro/devkitARM/bin/../lib/gcc/arm-none-eabi/13.1.0/../../../../arm-none-eabi/lib\libg.a(libc_a-freer.o)
                0x02013584                _malloc_trim_r
 .text._free_r  0x02013684      0x2e8 C:/devkitPro/devkitARM/bin/../lib/gcc/arm-none-eabi/13.1.0/../../../../arm-none-eabi/lib\libg.a(libc_a-freer.o)
                0x02013684                _free_r
 .text.iprintf  0x0201396c       0x34 C:/devkitPro/devkitARM/bin/../lib/gcc/arm-none-eabi/13.1.0/../../../../arm-none-eabi/lib\libg.a(libc_a-iprintf.o)
                0x0201396c                iprintf
 .text.strchr   0x020139a0      0x13c C:/devkitPro/devkitARM/bin/../lib/gcc/arm-none-eabi/13.1.0/../../../../arm-none-eabi/lib\libg.a(libc_a-strchr.o)
                0x020139a0                strchr
 .text.memcmp   0x02013adc       0xe0 C:/devkitPro/devkitARM/bin/../lib/gcc/arm-none-eabi/13.1.0/../../../../arm-none-eabi/lib\libg.a(libc_a-memcmp.o)
                0x02013adc                memcmp
 .text._fclose_r
                0x02013bbc      0x150 C:/devkitPro/devkitARM/bin/../lib/gcc/arm-none-eabi/13.1.0/../../../../arm-none-eabi/lib\libg.a(libc_a-fclose.o)
                0x02013bbc                _fclose_r
 .text.fclose   0x02013d0c       0x18 C:/devkitPro/devkitARM/bin/../lib/gcc/arm-none-eabi/13.1.0/../../../../arm-none-eabi/lib\libg.a(libc_a-fclose.o)
                0x02013d0c                fclose
 .text.get_arg  0x02013d24      0x654 C:/devkitPro/devkitARM/bin/../lib/gcc/arm-none-eabi/13.1.0/../../../../arm-none-eabi/lib\libg.a(libc_a-svfprintf.o)
 .text._svfprintf_r
                0x02014378     0x3518 C:/devkitPro/devkitARM/bin/../lib/gcc/arm-none-eabi/13.1.0/../../../../arm-none-eabi/lib\libg.a(libc_a-svfprintf.o)
                0x02014378                _svfprintf_r
 .text.malloc   0x02017890       0x1c C:/devkitPro/devkitARM/bin/../lib/gcc/arm-none-eabi/13.1.0/../../../../arm-none-eabi/lib\libg.a(libc_a-malloc.o)
                0x02017890                malloc
 .text.free     0x020178ac       0x1c C:/devkitPro/devkitARM/bin/../lib/gcc/arm-none-eabi/13.1.0/../../../../arm-none-eabi/lib\libg.a(libc_a-malloc.o)
                0x020178ac                free
 .text._malloc_r
                0x020178c8      0x7a4 C:/devkitPro/devkitARM/bin/../lib/gcc/arm-none-eabi/13.1.0/../../../../arm-none-eabi/lib\libg.a(libc_a-mallocr.o)
                0x020178c8                _malloc_r
 .text.memmove  0x0201806c      0x154 C:/devkitPro/devkitARM/bin/../lib/gcc/arm-none-eabi/13.1.0/../../../../arm-none-eabi/lib\libg.a(libc_a-memmove.o)
                0x0201806c                memmove
 .text.memset   0x020181c0       0xfc C:/devkitPro/devkitARM/bin/../lib/gcc/arm-none-eabi/13.1.0/../../../../arm-none-eabi/lib\libg.a(libc_a-memset.o)
                0x020181c0                memset
 .text.__malloc_lock
                0x020182bc       0x18 C:/devkitPro/devkitARM/bin/../lib/gcc/arm-none-eabi/13.1.0/../../../../arm-none-eabi/lib\libg.a(libc_a-mlock.o)
                0x020182bc                __malloc_lock
 .text.__malloc_unlock
                0x020182d4       0x18 C:/devkitPro/devkitARM/bin/../lib/gcc/arm-none-eabi/13.1.0/../../../../arm-none-eabi/lib\libg.a(libc_a-mlock.o)
                0x020182d4                __malloc_unlock
 .text.strlen   0x020182ec       0x94 C:/devkitPro/devkitARM/bin/../lib/gcc/arm-none-eabi/13.1.0/../../../../arm-none-eabi/lib\libg.a(libc_a-strlen.o)
                0x020182ec                strlen
 .text._fopen_r
                0x02018380      0x138 C:/devkitPro/devkitARM/bin/../lib/gcc/arm-none-eabi/13.1.0/../../../../arm-none-eabi/lib\libg.a(libc_a-fopen.o)
                0x02018380                _fopen_r
 .text.fopen    0x020184b8       0x20 C:/devkitPro/devkitARM/bin/../lib/gcc/arm-none-eabi/13.1.0/../../../../arm-none-eabi/lib\libg.a(libc_a-fopen.o)
                0x020184b8                fopen
 .text.__sflush_r
                0x020184d8      0x248 C:/devkitPro/devkitARM/bin/../lib/gcc/arm-none-eabi/13.1.0/../../../../arm-none-eabi/lib\libg.a(libc_a-fflush.o)
                0x020184d8                __sflush_r
 .text._fflush_r
                0x02018720       0x9c C:/devkitPro/devkitARM/bin/../lib/gcc/arm-none-eabi/13.1.0/../../../../arm-none-eabi/lib\libg.a(libc_a-fflush.o)
                0x02018720                _fflush_r
 .text.strpbrk  0x020187bc       0x7c C:/devkitPro/devkitARM/bin/../lib/gcc/arm-none-eabi/13.1.0/../../../../arm-none-eabi/lib\libg.a(libc_a-strpbrk.o)
                0x020187bc                strpbrk
 .text.strdup   0x02018838       0x1c C:/devkitPro/devkitARM/bin/../lib/gcc/arm-none-eabi/13.1.0/../../../../arm-none-eabi/lib\libg.a(libc_a-strdup.o)
                0x02018838                strdup
 .text.strcasecmp
                0x02018854       0x70 C:/devkitPro/devkitARM/bin/../lib/gcc/arm-none-eabi/13.1.0/../../../../arm-none-eabi/lib\libg.a(libc_a-strcasecmp.o)
                0x02018854                strcasecmp
 .text.strrchr  0x020188c4       0x58 C:/devkitPro/devkitARM/bin/../lib/gcc/arm-none-eabi/13.1.0/../../../../arm-none-eabi/lib\libg.a(libc_a-strrchr.o)
                0x020188c4                strrchr
 .text.strncasecmp
                0x0201891c       0x8c C:/devkitPro/devkitARM/bin/../lib/gcc/arm-none-eabi/13.1.0/../../../../arm-none-eabi/lib\libg.a(libc_a-strncasecmp.o)
                0x0201891c                strncasecmp
 .text._strdup_r
                0x020189a8       0x44 C:/devkitPro/devkitARM/bin/../lib/gcc/arm-none-eabi/13.1.0/../../../../arm-none-eabi/lib\libg.a(libc_a-strdup_r.o)
                0x020189a8                _strdup_r
 .text.ftell    0x020189ec       0x30 C:/devkitPro/devkitARM/bin/../lib/gcc/arm-none-eabi/13.1.0/../../../../arm-none-eabi/lib\libg.a(libc_a-ftell.o)
                0x020189ec                ftell
 .text.__sfvwrite_r
                0x02018a1c      0x4c8 C:/devkitPro/devkitARM/bin/../lib/gcc/arm-none-eabi/13.1.0/../../../../arm-none-eabi/lib\libg.a(libc_a-fvwrite.o)
                0x02018a1c                __sfvwrite_r
 .text.strncmp  0x02018ee4       0xec C:/devkitPro/devkitARM/bin/../lib/gcc/arm-none-eabi/13.1.0/../../../../arm-none-eabi/lib\libg.a(libc_a-strncmp.o)
                0x02018ee4                strncmp
 .text._fwalk_sglue
                0x02018fd0       0x78 C:/devkitPro/devkitARM/bin/../lib/gcc/arm-none-eabi/13.1.0/../../../../arm-none-eabi/lib\libg.a(libc_a-fwalk.o)
                0x02018fd0                _fwalk_sglue
 .text._fread_r
                0x02019048      0x33c C:/devkitPro/devkitARM/bin/../lib/gcc/arm-none-eabi/13.1.0/../../../../arm-none-eabi/lib\libg.a(libc_a-fread.o)
                0x02019048                _fread_r
 .text.fread    0x02019384       0x3c C:/devkitPro/devkitARM/bin/../lib/gcc/arm-none-eabi/13.1.0/../../../../arm-none-eabi/lib\libg.a(libc_a-fread.o)
                0x02019384                fread
 .text._realloc_r
                0x020193c0      0x4b8 C:/devkitPro/devkitARM/bin/../lib/gcc/arm-none-eabi/13.1.0/../../../../arm-none-eabi/lib\libg.a(libc_a-reallocr.o)
                0x020193c0                _realloc_r
 .text.strncpy  0x02019878       0xd0 C:/devkitPro/devkitARM/bin/../lib/gcc/arm-none-eabi/13.1.0/../../../../arm-none-eabi/lib\libg.a(libc_a-strncpy.o)
                0x02019878                strncpy
 .text.stdio_exit_handler
                0x02019948       0x28 C:/devkitPro/devkitARM/bin/../lib/gcc/arm-none-eabi/13.1.0/../../../../arm-none-eabi/lib\libg.a(libc_a-findfp.o)
 .text.cleanup_stdio
                0x02019970       0x54 C:/devkitPro/devkitARM/bin/../lib/gcc/arm-none-eabi/13.1.0/../../../../arm-none-eabi/lib\libg.a(libc_a-findfp.o)
 .text.global_stdio_init.part.0
                0x020199c4      0x158 C:/devkitPro/devkitARM/bin/../lib/gcc/arm-none-eabi/13.1.0/../../../../arm-none-eabi/lib\libg.a(libc_a-findfp.o)
 .text.__sfp    0x02019b1c      0x138 C:/devkitPro/devkitARM/bin/../lib/gcc/arm-none-eabi/13.1.0/../../../../arm-none-eabi/lib\libg.a(libc_a-findfp.o)
                0x02019b1c                __sfp
 .text.__sinit  0x02019c54       0x64 C:/devkitPro/devkitARM/bin/../lib/gcc/arm-none-eabi/13.1.0/../../../../arm-none-eabi/lib\libg.a(libc_a-findfp.o)
                0x02019c54                __sinit
 .text.__sfp_lock_acquire
                0x02019cb8       0x18 C:/devkitPro/devkitARM/bin/../lib/gcc/arm-none-eabi/13.1.0/../../../../arm-none-eabi/lib\libg.a(libc_a-findfp.o)
                0x02019cb8                __sfp_lock_acquire
 .text.__sfp_lock_release
                0x02019cd0       0x18 C:/devkitPro/devkitARM/bin/../lib/gcc/arm-none-eabi/13.1.0/../../../../arm-none-eabi/lib\libg.a(libc_a-findfp.o)
                0x02019cd0                __sfp_lock_release
 .text.localtime_r
                0x02019ce8      0x374 C:/devkitPro/devkitARM/bin/../lib/gcc/arm-none-eabi/13.1.0/../../../../arm-none-eabi/lib\libg.a(libc_a-lcltime_r.o)
                0x02019ce8                localtime_r
 .text.strnlen  0x0201a05c       0x48 C:/devkitPro/devkitARM/bin/../lib/gcc/arm-none-eabi/13.1.0/../../../../arm-none-eabi/lib\libg.a(libc_a-strnlen.o)
                0x0201a05c                strnlen
 .text._tzset_unlocked
                0x0201a0a4       0x14 C:/devkitPro/devkitARM/bin/../lib/gcc/arm-none-eabi/13.1.0/../../../../arm-none-eabi/lib\libg.a(libc_a-tzset.o)
                0x0201a0a4                _tzset_unlocked
 .text.validate_structure
                0x0201a0b8      0x2e0 C:/devkitPro/devkitARM/bin/../lib/gcc/arm-none-eabi/13.1.0/../../../../arm-none-eabi/lib\libg.a(libc_a-mktime.o)
 .text.mktime   0x0201a398      0x4cc C:/devkitPro/devkitARM/bin/../lib/gcc/arm-none-eabi/13.1.0/../../../../arm-none-eabi/lib\libg.a(libc_a-mktime.o)
                0x0201a398                mktime
 .text.access   0x0201a864       0x54 C:/devkitPro/devkitARM/bin/../lib/gcc/arm-none-eabi/13.1.0/../../../../arm-none-eabi/lib\libg.a(libc_a-access.o)
                0x0201a864                access
 .text._fseek_r
                0x0201a8b8       0x20 C:/devkitPro/devkitARM/bin/../lib/gcc/arm-none-eabi/13.1.0/../../../../arm-none-eabi/lib\libg.a(libc_a-fseek.o)
                0x0201a8b8                _fseek_r
 .text.fseek    0x0201a8d8       0x38 C:/devkitPro/devkitARM/bin/../lib/gcc/arm-none-eabi/13.1.0/../../../../arm-none-eabi/lib\libg.a(libc_a-fseek.o)
                0x0201a8d8                fseek
 .text._tzset_unlocked_r
                0x0201a910      0x688 C:/devkitPro/devkitARM/bin/../lib/gcc/arm-none-eabi/13.1.0/../../../../arm-none-eabi/lib\libg.a(libc_a-tzset_r.o)
                0x0201a910                _tzset_unlocked_r
 .text._strtol_l.part.0
                0x0201af98      0x1b4 C:/devkitPro/devkitARM/bin/../lib/gcc/arm-none-eabi/13.1.0/../../../../arm-none-eabi/lib\libg.a(libc_a-strtol.o)
 .text._strtol_r
                0x0201b14c       0x64 C:/devkitPro/devkitARM/bin/../lib/gcc/arm-none-eabi/13.1.0/../../../../arm-none-eabi/lib\libg.a(libc_a-strtol.o)
                0x0201b14c                _strtol_r
 .text.realloc  0x0201b1b0       0x24 C:/devkitPro/devkitARM/bin/../lib/gcc/arm-none-eabi/13.1.0/../../../../arm-none-eabi/lib\libg.a(libc_a-realloc.o)
                0x0201b1b0                realloc
 .text.__gettzinfo
                0x0201b1d4        0xc C:/devkitPro/devkitARM/bin/../lib/gcc/arm-none-eabi/13.1.0/../../../../arm-none-eabi/lib\libg.a(libc_a-gettzinfo.o)
                0x0201b1d4                __gettzinfo
 .text._strtoul_l.isra.0
                0x0201b1e0      0x1dc C:/devkitPro/devkitARM/bin/../lib/gcc/arm-none-eabi/13.1.0/../../../../arm-none-eabi/lib\libg.a(libc_a-strtoul.o)
 .text._strtoul_r
                0x0201b3bc       0x30 C:/devkitPro/devkitARM/bin/../lib/gcc/arm-none-eabi/13.1.0/../../../../arm-none-eabi/lib\libg.a(libc_a-strtoul.o)
                0x0201b3bc                _strtoul_r
 .text.strtoul  0x0201b3ec       0x34 C:/devkitPro/devkitARM/bin/../lib/gcc/arm-none-eabi/13.1.0/../../../../arm-none-eabi/lib\libg.a(libc_a-strtoul.o)
                0x0201b3ec                strtoul
 .text.__locale_mb_cur_max
                0x0201b420       0x28 C:/devkitPro/devkitARM/bin/../lib/gcc/arm-none-eabi/13.1.0/../../../../arm-none-eabi/lib\libg.a(libc_a-locale.o)
                0x0201b420                __locale_mb_cur_max
 .text.time     0x0201b448       0x50 C:/devkitPro/devkitARM/bin/../lib/gcc/arm-none-eabi/13.1.0/../../../../arm-none-eabi/lib\libg.a(libc_a-time.o)
                0x0201b448                time
 .text._localeconv_r
                0x0201b498       0x28 C:/devkitPro/devkitARM/bin/../lib/gcc/arm-none-eabi/13.1.0/../../../../arm-none-eabi/lib\libg.a(libc_a-localeconv.o)
                0x0201b498                _localeconv_r
 .text.__tzcalc_limits
                0x0201b4c0      0x254 C:/devkitPro/devkitARM/bin/../lib/gcc/arm-none-eabi/13.1.0/../../../../arm-none-eabi/lib\libg.a(libc_a-tzcalc_limits.o)
                0x0201b4c0                __tzcalc_limits
 .text.strcpy   0x0201b714       0xf0 C:/devkitPro/devkitARM/bin/../lib/gcc/arm-none-eabi/13.1.0/../../../../arm-none-eabi/lib\libg.a(libc_a-strcpy.o)
                0x0201b714                strcpy
 .text.memchr   0x0201b804       0xf0 C:/devkitPro/devkitARM/bin/../lib/gcc/arm-none-eabi/13.1.0/../../../../arm-none-eabi/lib\libg.a(libc_a-memchr-stub.o)
                0x0201b804                memchr
 .text.__utf8_wctomb
                0x0201b8f4       0xf4 C:/devkitPro/devkitARM/bin/../lib/gcc/arm-none-eabi/13.1.0/../../../../arm-none-eabi/lib\libg.a(libc_a-wctomb_r.o)
                0x0201b8f4                __utf8_wctomb
 .text.memcpy   0x0201b9e8      0x114 C:/devkitPro/devkitARM/bin/../lib/gcc/arm-none-eabi/13.1.0/../../../../arm-none-eabi/lib\libg.a(libc_a-memcpy-stub.o)
                0x0201b9e8                memcpy
 .text.stpcpy   0x0201bafc       0x74 C:/devkitPro/devkitARM/bin/../lib/gcc/arm-none-eabi/13.1.0/../../../../arm-none-eabi/lib\libg.a(libc_a-stpcpy.o)
                0x0201bafc                stpcpy
 .text.__libc_init_array
                0x0201bb70       0x90 C:/devkitPro/devkitARM/bin/../lib/gcc/arm-none-eabi/13.1.0/../../../../arm-none-eabi/lib\libg.a(libc_a-init.o)
                0x0201bb70                __libc_init_array
 .text.__errno  0x0201bc00       0x10 C:/devkitPro/devkitARM/bin/../lib/gcc/arm-none-eabi/13.1.0/../../../../arm-none-eabi/lib\libg.a(libc_a-errno.o)
                0x0201bc00                __errno
 .text.lseek    0x0201bc10       0x3c C:/devkitPro/devkitARM/bin/../lib/gcc/arm-none-eabi/13.1.0/../../../../arm-none-eabi/lib\libg.a(libc_a-syslseek.o)
                0x0201bc10                lseek
 .text.open     0x0201bc4c       0x40 C:/devkitPro/devkitARM/bin/../lib/gcc/arm-none-eabi/13.1.0/../../../../arm-none-eabi/lib\libg.a(libc_a-sysopen.o)
                0x0201bc4c                open
 .text.read     0x0201bc8c       0x2c C:/devkitPro/devkitARM/bin/../lib/gcc/arm-none-eabi/13.1.0/../../../../arm-none-eabi/lib\libg.a(libc_a-sysread.o)
                0x0201bc8c                read
 .text.stat     0x0201bcb8       0x24 C:/devkitPro/devkitARM/bin/../lib/gcc/arm-none-eabi/13.1.0/../../../../arm-none-eabi/lib\libg.a(libc_a-sysstat.o)
                0x0201bcb8                stat
 .text.frexp    0x0201bcdc       0xa4 C:/devkitPro/devkitARM/bin/../lib/gcc/arm-none-eabi/13.1.0/../../../../arm-none-eabi/lib\libg.a(libm_a-s_frexp.o)
                0x0201bcdc                frexp
 .text._strtoll_l.isra.0
                0x0201bd80      0x23c C:/devkitPro/devkitARM/bin/../lib/gcc/arm-none-eabi/13.1.0/../../../../arm-none-eabi/lib\libg.a(libc_a-strtoll.o)
 .text._strtoll_r
                0x0201bfbc       0x30 C:/devkitPro/devkitARM/bin/../lib/gcc/arm-none-eabi/13.1.0/../../../../arm-none-eabi/lib\libg.a(libc_a-strtoll.o)
                0x0201bfbc                _strtoll_r
 .text._strtoull_l.isra.0
                0x0201bfec      0x260 C:/devkitPro/devkitARM/bin/../lib/gcc/arm-none-eabi/13.1.0/../../../../arm-none-eabi/lib\libg.a(libc_a-strtoull.o)
 .text._strtoull_r
                0x0201c24c       0x30 C:/devkitPro/devkitARM/bin/../lib/gcc/arm-none-eabi/13.1.0/../../../../arm-none-eabi/lib\libg.a(libc_a-strtoull.o)
                0x0201c24c                _strtoull_r
 .text.towctrans_l
                0x0201c27c      0x244 C:/devkitPro/devkitARM/bin/../lib/gcc/arm-none-eabi/13.1.0/../../../../arm-none-eabi/lib\libg.a(libc_a-towctrans_l.o)
                0x0201c27c                towctrans_l
 .text.iswspace
                0x0201c4c0       0x14 C:/devkitPro/devkitARM/bin/../lib/gcc/arm-none-eabi/13.1.0/../../../../arm-none-eabi/lib\libg.a(libc_a-iswspace.o)
                0x0201c4c0                iswspace
 .text.__smakebuf_r
                0x0201c4d4      0x138 C:/devkitPro/devkitARM/bin/../lib/gcc/arm-none-eabi/13.1.0/../../../../arm-none-eabi/lib\libg.a(libc_a-makebuf.o)
                0x0201c4d4                __smakebuf_r
 .text.__swhatbuf_r
                0x0201c60c       0x80 C:/devkitPro/devkitARM/bin/../lib/gcc/arm-none-eabi/13.1.0/../../../../arm-none-eabi/lib\libg.a(libc_a-makebuf.o)
                0x0201c60c                __swhatbuf_r
 .text.iswspace_l
                0x0201c68c       0x40 C:/devkitPro/devkitARM/bin/../lib/gcc/arm-none-eabi/13.1.0/../../../../arm-none-eabi/lib\libg.a(libc_a-iswspace_l.o)
                0x0201c68c                iswspace_l
 .text._mbsnrtowcs_r
                0x0201c6cc      0x104 C:/devkitPro/devkitARM/bin/../lib/gcc/arm-none-eabi/13.1.0/../../../../arm-none-eabi/lib\libg.a(libc_a-mbsnrtowcs.o)
                0x0201c6cc                _mbsnrtowcs_r
 .text._wcsrtombs_r
                0x0201c7d0       0x2c C:/devkitPro/devkitARM/bin/../lib/gcc/arm-none-eabi/13.1.0/../../../../arm-none-eabi/lib\libg.a(libc_a-wcsrtombs.o)
                0x0201c7d0                _wcsrtombs_r
 .text.__sccl   0x0201c7fc       0xe4 C:/devkitPro/devkitARM/bin/../lib/gcc/arm-none-eabi/13.1.0/../../../../arm-none-eabi/lib\libg.a(libc_a-sccl.o)
                0x0201c7fc                __sccl
 .text.lflush   0x0201c8e0       0x3c C:/devkitPro/devkitARM/bin/../lib/gcc/arm-none-eabi/13.1.0/../../../../arm-none-eabi/lib\libg.a(libc_a-refill.o)
 .text.__srefill_r
                0x0201c91c      0x19c C:/devkitPro/devkitARM/bin/../lib/gcc/arm-none-eabi/13.1.0/../../../../arm-none-eabi/lib\libg.a(libc_a-refill.o)
                0x0201c91c                __srefill_r
 .text.__submore
                0x0201cab8       0xa8 C:/devkitPro/devkitARM/bin/../lib/gcc/arm-none-eabi/13.1.0/../../../../arm-none-eabi/lib\libg.a(libc_a-ungetc.o)
                0x0201cab8                __submore
 .text.__sread  0x0201cb60       0x4c C:/devkitPro/devkitARM/bin/../lib/gcc/arm-none-eabi/13.1.0/../../../../arm-none-eabi/lib\libg.a(libc_a-stdio.o)
                0x0201cb60                __sread
 .text.__seofread
                0x0201cbac        0x8 C:/devkitPro/devkitARM/bin/../lib/gcc/arm-none-eabi/13.1.0/../../../../arm-none-eabi/lib\libg.a(libc_a-stdio.o)
                0x0201cbac                __seofread
 .text.__swrite
                0x0201cbb4       0x6c C:/devkitPro/devkitARM/bin/../lib/gcc/arm-none-eabi/13.1.0/../../../../arm-none-eabi/lib\libg.a(libc_a-stdio.o)
                0x0201cbb4                __swrite
 .text.__sseek  0x0201cc20       0x48 C:/devkitPro/devkitARM/bin/../lib/gcc/arm-none-eabi/13.1.0/../../../../arm-none-eabi/lib\libg.a(libc_a-stdio.o)
                0x0201cc20                __sseek
 .text.__sclose
                0x0201cc68       0x14 C:/devkitPro/devkitARM/bin/../lib/gcc/arm-none-eabi/13.1.0/../../../../arm-none-eabi/lib\libg.a(libc_a-stdio.o)
                0x0201cc68                __sclose
 .text.category
                0x0201cc7c       0x98 C:/devkitPro/devkitARM/bin/../lib/gcc/arm-none-eabi/13.1.0/../../../../arm-none-eabi/lib\libg.a(libc_a-categories.o)
                0x0201cc7c                category
 .text.get_arg  0x0201cd14      0x654 C:/devkitPro/devkitARM/bin/../lib/gcc/arm-none-eabi/13.1.0/../../../../arm-none-eabi/lib\libg.a(libc_a-vfiprintf.o)
 .text.__sprint_r
                0x0201d368       0x34 C:/devkitPro/devkitARM/bin/../lib/gcc/arm-none-eabi/13.1.0/../../../../arm-none-eabi/lib\libg.a(libc_a-vfiprintf.o)
                0x0201d368                __sprint_r
 .text._vfiprintf_r
                0x0201d39c     0x2334 C:/devkitPro/devkitARM/bin/../lib/gcc/arm-none-eabi/13.1.0/../../../../arm-none-eabi/lib\libg.a(libc_a-vfiprintf.o)
                0x0201d39c                _vfiprintf_r
 .text.__sbprintf
                0x0201f6d0       0xbc C:/devkitPro/devkitARM/bin/../lib/gcc/arm-none-eabi/13.1.0/../../../../arm-none-eabi/lib\libg.a(libc_a-vfiprintf.o)
 .text.__ssprint_r
                0x0201f78c      0x190 C:/devkitPro/devkitARM/bin/../lib/gcc/arm-none-eabi/13.1.0/../../../../arm-none-eabi/lib\libg.a(libc_a-svfiprintf.o)
                0x0201f78c                __ssprint_r
 .text.div      0x0201f91c       0x2c C:/devkitPro/devkitARM/bin/../lib/gcc/arm-none-eabi/13.1.0/../../../../arm-none-eabi/lib\libg.a(libc_a-div.o)
                0x0201f91c                div
 .text.__swsetup_r
                0x0201f948      0x144 C:/devkitPro/devkitARM/bin/../lib/gcc/arm-none-eabi/13.1.0/../../../../arm-none-eabi/lib\libg.a(libc_a-wsetup.o)
                0x0201f948                __swsetup_r
 .text.quorem   0x0201fa8c      0x1d8 C:/devkitPro/devkitARM/bin/../lib/gcc/arm-none-eabi/13.1.0/../../../../arm-none-eabi/lib\libg.a(libc_a-dtoa.o)
 *fill*         0x0201fc64        0x4 ff
 .text._dtoa_r  0x0201fc68     0x16cc C:/devkitPro/devkitARM/bin/../lib/gcc/arm-none-eabi/13.1.0/../../../../arm-none-eabi/lib\libg.a(libc_a-dtoa.o)
                0x0201fc68                _dtoa_r
 .text._fseeko_r
                0x02021334      0x5a4 C:/devkitPro/devkitARM/bin/../lib/gcc/arm-none-eabi/13.1.0/../../../../arm-none-eabi/lib\libg.a(libc_a-fseeko.o)
                0x02021334                _fseeko_r
 .text._findenv_r
                0x020218d8       0xd0 C:/devkitPro/devkitARM/bin/../lib/gcc/arm-none-eabi/13.1.0/../../../../arm-none-eabi/lib\libg.a(libc_a-getenv_r.o)
                0x020218d8                _findenv_r
 .text._getenv_r
                0x020219a8       0x1c C:/devkitPro/devkitARM/bin/../lib/gcc/arm-none-eabi/13.1.0/../../../../arm-none-eabi/lib\libg.a(libc_a-getenv_r.o)
                0x020219a8                _getenv_r
 .text._ftello_r
                0x020219c4      0x1c0 C:/devkitPro/devkitARM/bin/../lib/gcc/arm-none-eabi/13.1.0/../../../../arm-none-eabi/lib\libg.a(libc_a-ftello.o)
                0x020219c4                _ftello_r
 .text.__sflags
                0x02021b84       0xbc C:/devkitPro/devkitARM/bin/../lib/gcc/arm-none-eabi/13.1.0/../../../../arm-none-eabi/lib\libg.a(libc_a-flags.o)
                0x02021b84                __sflags
 .text._Balloc  0x02021c40       0x8c C:/devkitPro/devkitARM/bin/../lib/gcc/arm-none-eabi/13.1.0/../../../../arm-none-eabi/lib\libg.a(libc_a-mprec.o)
                0x02021c40                _Balloc
 .text._Bfree   0x02021ccc       0x1c C:/devkitPro/devkitARM/bin/../lib/gcc/arm-none-eabi/13.1.0/../../../../arm-none-eabi/lib\libg.a(libc_a-mprec.o)
                0x02021ccc                _Bfree
 .text.__multadd
                0x02021ce8      0x100 C:/devkitPro/devkitARM/bin/../lib/gcc/arm-none-eabi/13.1.0/../../../../arm-none-eabi/lib\libg.a(libc_a-mprec.o)
                0x02021ce8                __multadd
 .text.__hi0bits
                0x02021de8       0x60 C:/devkitPro/devkitARM/bin/../lib/gcc/arm-none-eabi/13.1.0/../../../../arm-none-eabi/lib\libg.a(libc_a-mprec.o)
                0x02021de8                __hi0bits
 .text.__lo0bits
                0x02021e48       0xa0 C:/devkitPro/devkitARM/bin/../lib/gcc/arm-none-eabi/13.1.0/../../../../arm-none-eabi/lib\libg.a(libc_a-mprec.o)
                0x02021e48                __lo0bits
 .text.__i2b    0x02021ee8       0xac C:/devkitPro/devkitARM/bin/../lib/gcc/arm-none-eabi/13.1.0/../../../../arm-none-eabi/lib\libg.a(libc_a-mprec.o)
                0x02021ee8                __i2b
 .text.__multiply
                0x02021f94      0x218 C:/devkitPro/devkitARM/bin/../lib/gcc/arm-none-eabi/13.1.0/../../../../arm-none-eabi/lib\libg.a(libc_a-mprec.o)
                0x02021f94                __multiply
 .text.__pow5mult
                0x020221ac      0x12c C:/devkitPro/devkitARM/bin/../lib/gcc/arm-none-eabi/13.1.0/../../../../arm-none-eabi/lib\libg.a(libc_a-mprec.o)
                0x020221ac                __pow5mult
 .text.__lshift
                0x020222d8      0x144 C:/devkitPro/devkitARM/bin/../lib/gcc/arm-none-eabi/13.1.0/../../../../arm-none-eabi/lib\libg.a(libc_a-mprec.o)
                0x020222d8                __lshift
 .text.__mcmp   0x0202241c       0x54 C:/devkitPro/devkitARM/bin/../lib/gcc/arm-none-eabi/13.1.0/../../../../arm-none-eabi/lib\libg.a(libc_a-mprec.o)
                0x0202241c                __mcmp
 .text.__mdiff  0x02022470      0x214 C:/devkitPro/devkitARM/bin/../lib/gcc/arm-none-eabi/13.1.0/../../../../arm-none-eabi/lib\libg.a(libc_a-mprec.o)
                0x02022470                __mdiff
 .text.__d2b    0x02022684      0x128 C:/devkitPro/devkitARM/bin/../lib/gcc/arm-none-eabi/13.1.0/../../../../arm-none-eabi/lib\libg.a(libc_a-mprec.o)
                0x02022684                __d2b
 .text.gmtime_r
                0x020227ac      0x26c C:/devkitPro/devkitARM/bin/../lib/gcc/arm-none-eabi/13.1.0/../../../../arm-none-eabi/lib\libg.a(libc_a-gmtime_r.o)
                0x020227ac                gmtime_r
 .text.__tz_lock
                0x02022a18       0x18 C:/devkitPro/devkitARM/bin/../lib/gcc/arm-none-eabi/13.1.0/../../../../arm-none-eabi/lib\libg.a(libc_a-tzlock.o)
                0x02022a18                __tz_lock
 .text.__tz_unlock
                0x02022a30       0x18 C:/devkitPro/devkitARM/bin/../lib/gcc/arm-none-eabi/13.1.0/../../../../arm-none-eabi/lib\libg.a(libc_a-tzlock.o)
                0x02022a30                __tz_unlock
 .text.__utf8_mbtowc
                0x02022a48      0x308 C:/devkitPro/devkitARM/bin/../lib/gcc/arm-none-eabi/13.1.0/../../../../arm-none-eabi/lib\libg.a(libc_a-mbtowc_r.o)
                0x02022a48                __utf8_mbtowc
 .text._wcsnrtombs_l
                0x02022d50      0x198 C:/devkitPro/devkitARM/bin/../lib/gcc/arm-none-eabi/13.1.0/../../../../arm-none-eabi/lib\libg.a(libc_a-wcsnrtombs.o)
                0x02022d50                _wcsnrtombs_l
 .text._wcsnrtombs_r
                0x02022ee8       0x68 C:/devkitPro/devkitARM/bin/../lib/gcc/arm-none-eabi/13.1.0/../../../../arm-none-eabi/lib\libg.a(libc_a-wcsnrtombs.o)
                0x02022ee8                _wcsnrtombs_r
 .text.__env_lock
                0x02022f50       0x18 C:/devkitPro/devkitARM/bin/../lib/gcc/arm-none-eabi/13.1.0/../../../../arm-none-eabi/lib\libg.a(libc_a-envlock.o)
                0x02022f50                __env_lock
 .text.__env_unlock
                0x02022f68       0x18 C:/devkitPro/devkitARM/bin/../lib/gcc/arm-none-eabi/13.1.0/../../../../arm-none-eabi/lib\libg.a(libc_a-envlock.o)
                0x02022f68                __env_unlock
 .text.__assert_func
                0x02022f80       0x5c C:/devkitPro/devkitARM/bin/../lib/gcc/arm-none-eabi/13.1.0/../../../../arm-none-eabi/lib\libg.a(libc_a-assert.o)
                0x02022f80                __assert_func
 .text.fiprintf
                0x02022fdc       0x3c C:/devkitPro/devkitARM/bin/../lib/gcc/arm-none-eabi/13.1.0/../../../../arm-none-eabi/lib\libg.a(libc_a-fiprintf.o)
                0x02022fdc                fiprintf
 .text.abort    0x02023018       0x14 C:/devkitPro/devkitARM/bin/../lib/gcc/arm-none-eabi/13.1.0/../../../../arm-none-eabi/lib\libg.a(libc_a-abort.o)
                0x02023018                abort
 .text._raise_r
                0x0202302c       0x94 C:/devkitPro/devkitARM/bin/../lib/gcc/arm-none-eabi/13.1.0/../../../../arm-none-eabi/lib\libg.a(libc_a-signal.o)
                0x0202302c                _raise_r
 .text.raise    0x020230c0       0x18 C:/devkitPro/devkitARM/bin/../lib/gcc/arm-none-eabi/13.1.0/../../../../arm-none-eabi/lib\libg.a(libc_a-signal.o)
                0x020230c0                raise
 .text._exit    0x020230d8       0x20 C:/devkitPro/devkitARM/bin/../lib/gcc/arm-none-eabi/13.1.0/../../../../arm-none-eabi/lib\libsysbase.a(libsysbase_libsysbase_a-_exit.o)
                0x020230d8                _exit
 .text.build_argv
                0x020230f8       0x90 C:/devkitPro/devkitARM/bin/../lib/gcc/arm-none-eabi/13.1.0/../../../../arm-none-eabi/lib\libsysbase.a(libsysbase_libsysbase_a-build_argv.o)
                0x020230f8                build_argv
 .text.chdir    0x02023188      0x144 C:/devkitPro/devkitARM/bin/../lib/gcc/arm-none-eabi/13.1.0/../../../../arm-none-eabi/lib\libsysbase.a(libsysbase_libsysbase_a-chdir.o)
                0x02023188                chdir
 .text.getcwd   0x020232cc       0x8c C:/devkitPro/devkitARM/bin/../lib/gcc/arm-none-eabi/13.1.0/../../../../arm-none-eabi/lib\libsysbase.a(libsysbase_libsysbase_a-chdir.o)
                0x020232cc                getcwd
 .text._concatenate_path
                0x02023358      0x1d4 C:/devkitPro/devkitARM/bin/../lib/gcc/arm-none-eabi/13.1.0/../../../../arm-none-eabi/lib\libsysbase.a(libsysbase_libsysbase_a-concatenate.o)
                0x02023358                _concatenate_path
 .text._fstat_r
                0x0202352c       0x7c C:/devkitPro/devkitARM/bin/../lib/gcc/arm-none-eabi/13.1.0/../../../../arm-none-eabi/lib\libsysbase.a(libsysbase_libsysbase_a-fstat.o)
                0x0202352c                _fstat_r
 .text._getpid_r
                0x020235a8       0x14 C:/devkitPro/devkitARM/bin/../lib/gcc/arm-none-eabi/13.1.0/../../../../arm-none-eabi/lib\libsysbase.a(libsysbase_libsysbase_a-getpid.o)
                0x020235a8                _getpid_r
 .text.__getreent
                0x020235bc       0x30 C:/devkitPro/devkitARM/bin/../lib/gcc/arm-none-eabi/13.1.0/../../../../arm-none-eabi/lib\libsysbase.a(libsysbase_libsysbase_a-getreent.o)
                0x020235bc                __getreent
 .text._gettimeofday_r
                0x020235ec       0x34 C:/devkitPro/devkitARM/bin/../lib/gcc/arm-none-eabi/13.1.0/../../../../arm-none-eabi/lib\libsysbase.a(libsysbase_libsysbase_a-gettod.o)
                0x020235ec                _gettimeofday_r
 .text.__release_handle
                0x02023620       0x90 C:/devkitPro/devkitARM/bin/../lib/gcc/arm-none-eabi/13.1.0/../../../../arm-none-eabi/lib\libsysbase.a(libsysbase_libsysbase_a-handle_manager.o)
                0x02023620                __release_handle
 .text.__alloc_handle
                0x020236b0       0xb4 C:/devkitPro/devkitARM/bin/../lib/gcc/arm-none-eabi/13.1.0/../../../../arm-none-eabi/lib\libsysbase.a(libsysbase_libsysbase_a-handle_manager.o)
                0x020236b0                __alloc_handle
 .text.__get_handle
                0x02023764       0x40 C:/devkitPro/devkitARM/bin/../lib/gcc/arm-none-eabi/13.1.0/../../../../arm-none-eabi/lib\libsysbase.a(libsysbase_libsysbase_a-handle_manager.o)
                0x02023764                __get_handle
 .text._close_r
                0x020237a4       0xfc C:/devkitPro/devkitARM/bin/../lib/gcc/arm-none-eabi/13.1.0/../../../../arm-none-eabi/lib\libsysbase.a(libsysbase_libsysbase_a-handle_manager.o)
                0x020237a4                _close_r
 .text.null_write
                0x020238a0        0x8 C:/devkitPro/devkitARM/bin/../lib/gcc/arm-none-eabi/13.1.0/../../../../arm-none-eabi/lib\libsysbase.a(libsysbase_libsysbase_a-iosupport.o)
 .text.setDefaultDevice
                0x020238a8       0x18 C:/devkitPro/devkitARM/bin/../lib/gcc/arm-none-eabi/13.1.0/../../../../arm-none-eabi/lib\libsysbase.a(libsysbase_libsysbase_a-iosupport.o)
                0x020238a8                setDefaultDevice
 .text.FindDevice
                0x020238c0       0xd4 C:/devkitPro/devkitARM/bin/../lib/gcc/arm-none-eabi/13.1.0/../../../../arm-none-eabi/lib\libsysbase.a(libsysbase_libsysbase_a-iosupport.o)
                0x020238c0                FindDevice
 .text.AddDevice
                0x02023994       0xa4 C:/devkitPro/devkitARM/bin/../lib/gcc/arm-none-eabi/13.1.0/../../../../arm-none-eabi/lib\libsysbase.a(libsysbase_libsysbase_a-iosupport.o)
                0x02023994                AddDevice
 .text.GetDeviceOpTab
                0x02023a38       0x24 C:/devkitPro/devkitARM/bin/../lib/gcc/arm-none-eabi/13.1.0/../../../../arm-none-eabi/lib\libsysbase.a(libsysbase_libsysbase_a-iosupport.o)
                0x02023a38                GetDeviceOpTab
 .text._isatty_r
                0x02023a5c        0x8 C:/devkitPro/devkitARM/bin/../lib/gcc/arm-none-eabi/13.1.0/../../../../arm-none-eabi/lib\libsysbase.a(libsysbase_libsysbase_a-isatty.o)
                0x02023a5c                _isatty_r
 .text._kill_r  0x02023a64       0x14 C:/devkitPro/devkitARM/bin/../lib/gcc/arm-none-eabi/13.1.0/../../../../arm-none-eabi/lib\libsysbase.a(libsysbase_libsysbase_a-kill.o)
                0x02023a64                _kill_r
 .text._lseek_r
                0x02023a78       0x88 C:/devkitPro/devkitARM/bin/../lib/gcc/arm-none-eabi/13.1.0/../../../../arm-none-eabi/lib\libsysbase.a(libsysbase_libsysbase_a-lseek.o)
                0x02023a78                _lseek_r
 .text._open_r  0x02023b00       0xc4 C:/devkitPro/devkitARM/bin/../lib/gcc/arm-none-eabi/13.1.0/../../../../arm-none-eabi/lib\libsysbase.a(libsysbase_libsysbase_a-open.o)
                0x02023b00                _open_r
 .text._read_r  0x02023bc4       0x84 C:/devkitPro/devkitARM/bin/../lib/gcc/arm-none-eabi/13.1.0/../../../../arm-none-eabi/lib\libsysbase.a(libsysbase_libsysbase_a-read.o)
                0x02023bc4                _read_r
 .text._sbrk_r  0x02023c48       0x7c C:/devkitPro/devkitARM/bin/../lib/gcc/arm-none-eabi/13.1.0/../../../../arm-none-eabi/lib\libsysbase.a(libsysbase_libsysbase_a-sbrk.o)
                0x02023c48                _sbrk_r
 .text._stat_r  0x02023cc4       0x74 C:/devkitPro/devkitARM/bin/../lib/gcc/arm-none-eabi/13.1.0/../../../../arm-none-eabi/lib\libsysbase.a(libsysbase_libsysbase_a-stat.o)
                0x02023cc4                _stat_r
 .text.__libc_lock_acquire
                0x02023d38       0x20 C:/devkitPro/devkitARM/bin/../lib/gcc/arm-none-eabi/13.1.0/../../../../arm-none-eabi/lib\libsysbase.a(libsysbase_libsysbase_a-syscall_support.o)
                0x02023d38                __libc_lock_acquire
 .text.__libc_lock_release
                0x02023d58       0x20 C:/devkitPro/devkitARM/bin/../lib/gcc/arm-none-eabi/13.1.0/../../../../arm-none-eabi/lib\libsysbase.a(libsysbase_libsysbase_a-syscall_support.o)
                0x02023d58                __libc_lock_release
 .text.__libc_lock_acquire_recursive
                0x02023d78       0x20 C:/devkitPro/devkitARM/bin/../lib/gcc/arm-none-eabi/13.1.0/../../../../arm-none-eabi/lib\libsysbase.a(libsysbase_libsysbase_a-syscall_support.o)
                0x02023d78                __libc_lock_acquire_recursive
 .text.__libc_lock_release_recursive
                0x02023d98       0x20 C:/devkitPro/devkitARM/bin/../lib/gcc/arm-none-eabi/13.1.0/../../../../arm-none-eabi/lib\libsysbase.a(libsysbase_libsysbase_a-syscall_support.o)
                0x02023d98                __libc_lock_release_recursive
 .text._write_r
                0x02023db8       0x84 C:/devkitPro/devkitARM/bin/../lib/gcc/arm-none-eabi/13.1.0/../../../../arm-none-eabi/lib\libsysbase.a(libsysbase_libsysbase_a-write.o)
                0x02023db8                _write_r
 *fill*         0x02023e3c        0x4 ff
 .text._write_r.__stub
                0x02023e40      0x2b4 linker stubs
 *(EXCLUDE_FILE(*.twl*) .gnu.warning)
 *(EXCLUDE_FILE(*.twl*) .gnu.linkonce.t*)
 *(.glue_7)
 .glue_7        0x02024130        0x0 linker stubs
 *(.glue_7t)
 .glue_7t       0x02024130        0x0 linker stubs
                0x02024130                        . = ALIGN (0x4)

.vfp11_veneer   0x02024130        0x0
 .vfp11_veneer  0x02024130        0x0 linker stubs

.v4_bx          0x02024130        0x0
 .v4_bx         0x02024130        0x0 linker stubs

.iplt           0x02024130        0x0
 .iplt          0x02024130        0x0 C:/devkitPro/devkitARM/bin/../lib/gcc/arm-none-eabi/13.1.0/../../../../arm-none-eabi/lib/ds_arm9_crt0.o

.fini           0x02024130       0x18
 *(.fini)
 .fini          0x02024130        0xc C:/devkitPro/devkitARM/bin/../lib/gcc/arm-none-eabi/13.1.0/crti.o
                0x02024130                _fini
 .fini          0x0202413c        0xc C:/devkitPro/devkitARM/bin/../lib/gcc/arm-none-eabi/13.1.0/crtn.o
                0x02024148                        __text_end = .

.rodata         0x02024148     0x67e8
 *(EXCLUDE_FILE(*.twl*) .rodata)
 .rodata        0x02024148       0x50 C:/devkitPro/nflib/lib\libnflib.a(nf_basic.o)
 *all.rodata*(*)
 *(EXCLUDE_FILE(*.twl*) .roda)
 *(EXCLUDE_FILE(*.twl*) .rodata.*)
 .rodata.str1.4
                0x02024198       0x6f main.o
 *fill*         0x02024207        0x1 ff
 .rodata.str1.4
                0x02024208       0x27 C:/devkitPro/nflib/lib\libnflib.a(nf_2d.o)
 *fill*         0x0202422f        0x1 ff
 .rodata.str1.4
                0x02024230      0x62b C:/devkitPro/nflib/lib\libnflib.a(nf_basic.o)
                                0x63f (size before relaxing)
 *fill*         0x0202485b        0x1 ff
 .rodata.str1.4
                0x0202485c       0x70 C:/devkitPro/nflib/lib\libnflib.a(nf_sprite256.o)
                                 0x7b (size before relaxing)
 .rodata.str1.4
                0x020248cc       0x4c C:/devkitPro/nflib/lib\libnflib.a(nf_tiledbg.o)
                                 0x70 (size before relaxing)
 .rodata.nitroFSInit.str1.4
                0x02024918        0x8 C:/devkitPro/libnds/lib\libfilesystem.a(nitrofs.o)
 .rodata.str1.4
                0x02024918        0xe C:/devkitPro/libnds/lib\libfilesystem.a(nitrofs.o)
 *fill*         0x02024926        0x2 ff
 .rodata.fatMount.part.0.str1.4
                0x02024928        0x2 C:/devkitPro/libnds/lib\libfat.a(libfat.o)
 *fill*         0x0202492a        0x2 ff
 .rodata.fatInit.str1.4
                0x0202492c        0x3 C:/devkitPro/libnds/lib\libfat.a(libfat.o)
 *fill*         0x0202492f        0x1 ff
 .rodata.str1.4
                0x02024930        0x4 C:/devkitPro/libnds/lib\libfat.a(libfat.o)
 .rodata.dotab_fat
                0x02024934       0x70 C:/devkitPro/libnds/lib\libfat.a(libfat.o)
 .rodata.str1.4
                0x020249a4        0x3 C:/devkitPro/libnds/lib\libfat.a(disc.o)
                                  0x8 (size before relaxing)
 *fill*         0x020249a7        0x1 ff
 .rodata._FAT_disc_interfaces
                0x020249a8       0x18 C:/devkitPro/libnds/lib\libfat.a(disc.o)
                0x020249a8                _FAT_disc_interfaces
 .rodata._FAT_directory_entryFromPath.str1.4
                0x020249c0        0x7 C:/devkitPro/libnds/lib\libfat.a(directory.o)
 .rodata.ILLEGAL_ALIAS_CHARACTERS
                0x020249c0       0x12 C:/devkitPro/libnds/lib\libfat.a(directory.o)
 *fill*         0x020249d2        0x2 ff
 .rodata.ILLEGAL_LFN_CHARACTERS
                0x020249d4        0xa C:/devkitPro/libnds/lib\libfat.a(directory.o)
 *fill*         0x020249de        0x2 ff
 .rodata.LFN_offset_table
                0x020249e0       0x34 C:/devkitPro/libnds/lib\libfat.a(directory.o)
 .rodata.FAT_SIG
                0x02024a14        0x3 C:/devkitPro/libnds/lib\libfat.a(partition.o)
 *fill*         0x02024a17        0x1 ff
 .rodata.FS_TWL_SIG
                0x02024a18        0x8 C:/devkitPro/libnds/lib\libfat.a(partition.o)
 .rodata.con_write.str1.4
                0x02024a20       0x30 C:/devkitPro/libnds/lib\libnds9.a(console.o)
 .rodata.con_write
                0x02024a50       0xd4 C:/devkitPro/libnds/lib\libnds9.a(console.o)
 .rodata.consoleClear.str1.4
                0x02024b24        0x5 C:/devkitPro/libnds/lib\libnds9.a(console.o)
 *fill*         0x02024b29        0x3 ff
 .rodata.str1.4
                0x02024b2c       0x14 C:/devkitPro/libnds/lib\libnds9.a(console.o)
 .rodata.dotab_stdout
                0x02024b40       0x70 C:/devkitPro/libnds/lib\libnds9.a(console.o)
 .rodata.default_font_bin
                0x02024bb0     0x2000 C:/devkitPro/libnds/lib\libnds9.a(default_font.bin.o)
                0x02024bb0                default_font_bin
                0x02026bb0                default_font_bin_end
 .rodata.SIN_LUT
                0x02026bb0      0x102 C:/devkitPro/libnds/lib\libnds9.a(trig.o)
                0x02026bb0                SIN_LUT
 .rodata._mbrtowc_r.str1.4
                0x02026cb2       0x14 C:/devkitPro/devkitARM/bin/../lib/gcc/arm-none-eabi/13.1.0/../../../../arm-none-eabi/lib\libg.a(libc_a-mbrtowc.o)
                                  0x1 (size before relaxing)
 *fill*         0x02026cb2        0x2 ff
 .rodata._ctype_
                0x02026cb4      0x101 C:/devkitPro/devkitARM/bin/../lib/gcc/arm-none-eabi/13.1.0/../../../../arm-none-eabi/lib\libg.a(libc_a-ctype_.o)
                0x02026cb4                _ctype_
 .rodata._puts_r.str1.4
                0x02026db5       0x14 C:/devkitPro/devkitARM/bin/../lib/gcc/arm-none-eabi/13.1.0/../../../../arm-none-eabi/lib\libg.a(libc_a-puts.o)
                                  0x2 (size before relaxing)
 *fill*         0x02026db5        0x3 ff
 .rodata.basefix.0
                0x02026db8       0x22 C:/devkitPro/devkitARM/bin/../lib/gcc/arm-none-eabi/13.1.0/../../../../arm-none-eabi/lib\libg.a(libc_a-svfiscanf.o)
 .rodata._svfprintf_r.str1.1
                0x02026dda       0x3b C:/devkitPro/devkitARM/bin/../lib/gcc/arm-none-eabi/13.1.0/../../../../arm-none-eabi/lib\libg.a(libc_a-svfprintf.o)
 *fill*         0x02026e15        0x3 ff
 .rodata.zeroes.0
                0x02026e18       0x10 C:/devkitPro/devkitARM/bin/../lib/gcc/arm-none-eabi/13.1.0/../../../../arm-none-eabi/lib\libg.a(libc_a-svfprintf.o)
 .rodata.blanks.1
                0x02026e28       0x10 C:/devkitPro/devkitARM/bin/../lib/gcc/arm-none-eabi/13.1.0/../../../../arm-none-eabi/lib\libg.a(libc_a-svfprintf.o)
 .rodata._DAYS_BEFORE_MONTH
                0x02026e38       0x30 C:/devkitPro/devkitARM/bin/../lib/gcc/arm-none-eabi/13.1.0/../../../../arm-none-eabi/lib\libg.a(libc_a-mktime.o)
 .rodata.DAYS_IN_MONTH
                0x02026e68       0x30 C:/devkitPro/devkitARM/bin/../lib/gcc/arm-none-eabi/13.1.0/../../../../arm-none-eabi/lib\libg.a(libc_a-mktime.o)
 .rodata._tzset_unlocked_r.str1.4
                0x02026e98       0x67 C:/devkitPro/devkitARM/bin/../lib/gcc/arm-none-eabi/13.1.0/../../../../arm-none-eabi/lib\libg.a(libc_a-tzset_r.o)
                                 0x6b (size before relaxing)
 *fill*         0x02026eff        0x1 ff
 .rodata.__month_lengths
                0x02026f00       0x60 C:/devkitPro/devkitARM/bin/../lib/gcc/arm-none-eabi/13.1.0/../../../../arm-none-eabi/lib\libg.a(libc_a-month_lengths.o)
                0x02026f00                __month_lengths
 .rodata.str1.4
                0x02026f60        0x4 C:/devkitPro/devkitARM/bin/../lib/gcc/arm-none-eabi/13.1.0/../../../../arm-none-eabi/lib\libg.a(libc_a-tzvars.o)
 .rodata.str1.4
                0x02026f60       0x44 C:/devkitPro/devkitARM/bin/../lib/gcc/arm-none-eabi/13.1.0/../../../../arm-none-eabi/lib\libg.a(libc_a-locale.o)
                                 0x4c (size before relaxing)
 .rodata.categories
                0x02026fa4     0x3528 C:/devkitPro/devkitARM/bin/../lib/gcc/arm-none-eabi/13.1.0/../../../../arm-none-eabi/lib\libg.a(libc_a-categories.o)
 .rodata._vfiprintf_r.str1.1
                0x0202a4cc       0x29 C:/devkitPro/devkitARM/bin/../lib/gcc/arm-none-eabi/13.1.0/../../../../arm-none-eabi/lib\libg.a(libc_a-vfiprintf.o)
 .rodata.zeroes.0
                0x0202a4cc       0x10 C:/devkitPro/devkitARM/bin/../lib/gcc/arm-none-eabi/13.1.0/../../../../arm-none-eabi/lib\libg.a(libc_a-vfiprintf.o)
 .rodata.blanks.1
                0x0202a4dc       0x10 C:/devkitPro/devkitARM/bin/../lib/gcc/arm-none-eabi/13.1.0/../../../../arm-none-eabi/lib\libg.a(libc_a-vfiprintf.o)
 .rodata.__action_table
                0x0202a4ec       0x6c C:/devkitPro/devkitARM/bin/../lib/gcc/arm-none-eabi/13.1.0/../../../../arm-none-eabi/lib\libg.a(libc_a-svfiprintf.o)
                0x0202a4ec                __action_table
 .rodata.__state_table
                0x0202a558       0x6c C:/devkitPro/devkitARM/bin/../lib/gcc/arm-none-eabi/13.1.0/../../../../arm-none-eabi/lib\libg.a(libc_a-svfiprintf.o)
                0x0202a558                __state_table
 .rodata.__chclass
                0x0202a5c4      0x100 C:/devkitPro/devkitARM/bin/../lib/gcc/arm-none-eabi/13.1.0/../../../../arm-none-eabi/lib\libg.a(libc_a-svfiprintf.o)
                0x0202a5c4                __chclass
 .rodata._dtoa_r.str1.4
                0x0202a6c4       0x64 C:/devkitPro/devkitARM/bin/../lib/gcc/arm-none-eabi/13.1.0/../../../../arm-none-eabi/lib\libg.a(libc_a-dtoa.o)
 .rodata.__multadd.str1.4
                0x0202a728       0x3d C:/devkitPro/devkitARM/bin/../lib/gcc/arm-none-eabi/13.1.0/../../../../arm-none-eabi/lib\libg.a(libc_a-mprec.o)
                                 0x51 (size before relaxing)
 *fill*         0x0202a765        0x3 ff
 .rodata.p05.0  0x0202a768        0xc C:/devkitPro/devkitARM/bin/../lib/gcc/arm-none-eabi/13.1.0/../../../../arm-none-eabi/lib\libg.a(libc_a-mprec.o)
 *fill*         0x0202a774        0x4 ff
 .rodata.__mprec_bigtens
                0x0202a778       0x28 C:/devkitPro/devkitARM/bin/../lib/gcc/arm-none-eabi/13.1.0/../../../../arm-none-eabi/lib\libg.a(libc_a-mprec.o)
                0x0202a778                __mprec_bigtens
 .rodata.__mprec_tens
                0x0202a7a0       0xc8 C:/devkitPro/devkitARM/bin/../lib/gcc/arm-none-eabi/13.1.0/../../../../arm-none-eabi/lib\libg.a(libc_a-mprec.o)
                0x0202a7a0                __mprec_tens
 .rodata.__assert_func.str1.4
                0x0202a868       0x3f C:/devkitPro/devkitARM/bin/../lib/gcc/arm-none-eabi/13.1.0/../../../../arm-none-eabi/lib\libg.a(libc_a-assert.o)
                                 0x43 (size before relaxing)
 *fill*         0x0202a8a7        0x1 ff
 .rodata.AddDevice.str1.4
                0x0202a8a8        0x8 C:/devkitPro/devkitARM/bin/../lib/gcc/arm-none-eabi/13.1.0/../../../../arm-none-eabi/lib\libsysbase.a(libsysbase_libsysbase_a-iosupport.o)
 .rodata.dotab_stdnull
                0x0202a8b0       0x80 C:/devkitPro/devkitARM/bin/../lib/gcc/arm-none-eabi/13.1.0/../../../../arm-none-eabi/lib\libsysbase.a(libsysbase_libsysbase_a-iosupport.o)
                0x0202a8b0                dotab_stdnull
 *(EXCLUDE_FILE(*.twl*) .gnu.linkonce.r*)
                0x0202a930                        . = ALIGN (0x4)

.ARM.extab
 *(.ARM.extab* .gnu.linkonce.armextab.*)
                0x0202a930                        __exidx_start = .

ARM.exidx
 *(.ARM.exidx* .gnu.linkonce.armexidx.*)
                0x0202a930                        __exidx_end = .
                0x0202a930                        . = ALIGN (0x4)
                0x0202a930                        PROVIDE (__preinit_array_start = .)

.preinit_array
 *(.preinit_array)
                0x0202a930                        PROVIDE (__preinit_array_end = .)
                0x0202a930                        PROVIDE (__init_array_start = .)

.init_array     0x0202a930        0x4
 *(SORT_BY_NAME(.init_array.*))
 *(.init_array)
 .init_array    0x0202a930        0x4 C:/devkitPro/devkitARM/bin/../lib/gcc/arm-none-eabi/13.1.0/crtbegin.o
                0x0202a934                        PROVIDE (__init_array_end = .)
                [!provide]                        PROVIDE (__fini_array_start = .)

.fini_array     0x0202a934        0x4
 *(.fini_array)
 .fini_array    0x0202a934        0x4 C:/devkitPro/devkitARM/bin/../lib/gcc/arm-none-eabi/13.1.0/crtbegin.o
 *(SORT_BY_NAME(.fini_array.*))
                [!provide]                        PROVIDE (__fini_array_end = .)

.ctors          0x0202a938        0x0
 *crtbegin.o(.ctors)
 *(EXCLUDE_FILE(*crtend.o) .ctors)
 *(SORT_BY_NAME(.ctors.*))
 *(.ctors)
                0x0202a938                        . = ALIGN (0x4)

.dtors          0x0202a938        0x0
 *crtbegin.o(.dtors)
 *(EXCLUDE_FILE(*crtend.o) .dtors)
 *(SORT_BY_NAME(.dtors.*))
 *(.dtors)
                0x0202a938                        . = ALIGN (0x4)

.eh_frame       0x0202a938        0x4
 *(.eh_frame)
 .eh_frame      0x0202a938        0x0 C:/devkitPro/devkitARM/bin/../lib/gcc/arm-none-eabi/13.1.0/crtbegin.o
 .eh_frame      0x0202a938        0x4 C:/devkitPro/devkitARM/bin/../lib/gcc/arm-none-eabi/13.1.0/crtend.o
                0x0202a93c                        . = ALIGN (0x4)

.gcc_except_table
                0x0202a93c        0x0
 *(.gcc_except_table)
                0x0202a93c                        . = ALIGN (0x4)

.jcr
 *(.jcr)

.got
 *(.got.plt)
 *(.got)
 *(.rel.got)

.ewram          0x0202a93c        0x0
                0x0202a93c                        __ewram_start = ABSOLUTE (.)
 *(.ewram)
 *ewram.*(.text)
                0x0202a93c                        . = ALIGN (0x4)

.data           0x0202a93c     0x2524
                0x0202a93c                        __data_start = ABSOLUTE (.)
 *(EXCLUDE_FILE(*.twl*) .data)
 .data          0x0202a93c       0x28 C:/devkitPro/libnds/lib\libnds9.a(mpu_setup.o)
 *(EXCLUDE_FILE(*.twl*) .data.*)
 .data.ndsFileFD
                0x0202a964        0x4 C:/devkitPro/libnds/lib\libfilesystem.a(nitrofs.o)
 .data.nitroFSdevoptab
                0x0202a968       0x70 C:/devkitPro/libnds/lib\libfilesystem.a(nitrofs.o)
                0x0202a968                nitroFSdevoptab
 .data.syspaths
                0x0202a9d8        0x8 C:/devkitPro/libnds/lib\libfilesystem.a(nitrofs.o)
                0x0202a9d8                syspaths
 .data.currentConsole
                0x0202a9e0        0x4 C:/devkitPro/libnds/lib\libnds9.a(console.o)
                0x0202a9e0                currentConsole
 .data.defaultConsole
                0x0202a9e4       0x5c C:/devkitPro/libnds/lib\libnds9.a(console.o)
                0x0202a9e4                defaultConsole
 .data.firstConsoleInit.0
                0x0202aa40        0x1 C:/devkitPro/libnds/lib\libnds9.a(console.o)
 *fill*         0x0202aa41        0x3 ff
 .data.oamMain  0x0202aa44       0x18 C:/devkitPro/libnds/lib\libnds9.a(sprite.o)
                0x0202aa44                oamMain
 .data.oamSub   0x0202aa5c       0x18 C:/devkitPro/libnds/lib\libnds9.a(sprite.o)
                0x0202aa5c                oamSub
 .data.fifo_buffer_free
                0x0202aa74        0x4 C:/devkitPro/libnds/lib\libnds9.a(fifosystem.o)
                0x0202aa74                fifo_buffer_free
 .data.fifo_freewords
                0x0202aa78        0x4 C:/devkitPro/libnds/lib\libnds9.a(fifosystem.o)
                0x0202aa78                fifo_freewords
 .data.fifo_receive_queue
                0x0202aa7c        0x4 C:/devkitPro/libnds/lib\libnds9.a(fifosystem.o)
                0x0202aa7c                fifo_receive_queue
 .data.fifo_send_queue
                0x0202aa80        0x4 C:/devkitPro/libnds/lib\libnds9.a(fifosystem.o)
                0x0202aa80                fifo_send_queue
 .data.bgControl
                0x0202aa84       0x20 C:/devkitPro/libnds/lib\libnds9.a(background.o)
                0x0202aa84                bgControl
 .data.bgScrollTable
                0x0202aaa4       0x20 C:/devkitPro/libnds/lib\libnds9.a(background.o)
                0x0202aaa4                bgScrollTable
 .data.bgTransform
                0x0202aac4       0x20 C:/devkitPro/libnds/lib\libnds9.a(background.o)
                0x0202aac4                bgTransform
 .data.__malloc_sbrk_base
                0x0202aae4        0x4 C:/devkitPro/devkitARM/bin/../lib/gcc/arm-none-eabi/13.1.0/../../../../arm-none-eabi/lib\libg.a(libc_a-mallocr.o)
                0x0202aae4                __malloc_sbrk_base
 .data.__malloc_trim_threshold
                0x0202aae8        0x4 C:/devkitPro/devkitARM/bin/../lib/gcc/arm-none-eabi/13.1.0/../../../../arm-none-eabi/lib\libg.a(libc_a-mallocr.o)
                0x0202aae8                __malloc_trim_threshold
 *fill*         0x0202aaec        0x4 ff
 .data.__malloc_av_
                0x0202aaf0      0x408 C:/devkitPro/devkitARM/bin/../lib/gcc/arm-none-eabi/13.1.0/../../../../arm-none-eabi/lib\libg.a(libc_a-mallocr.o)
                0x0202aaf0                __malloc_av_
 .data.__sglue  0x0202aef8        0xc C:/devkitPro/devkitARM/bin/../lib/gcc/arm-none-eabi/13.1.0/../../../../arm-none-eabi/lib\libg.a(libc_a-findfp.o)
                0x0202aef8                __sglue
 .data._tzname  0x0202af04        0x8 C:/devkitPro/devkitARM/bin/../lib/gcc/arm-none-eabi/13.1.0/../../../../arm-none-eabi/lib\libg.a(libc_a-tzvars.o)
                0x0202af04                _tzname
 *fill*         0x0202af0c        0x4 ff
 .data.tzinfo   0x0202af10       0x58 C:/devkitPro/devkitARM/bin/../lib/gcc/arm-none-eabi/13.1.0/../../../../arm-none-eabi/lib\libg.a(libc_a-gettzinfo.o)
 .data.__global_locale
                0x0202af68      0x16c C:/devkitPro/devkitARM/bin/../lib/gcc/arm-none-eabi/13.1.0/../../../../arm-none-eabi/lib\libg.a(libc_a-locale.o)
                0x0202af68                __global_locale
 .data._impure_ptr
                0x0202b0d4        0x4 C:/devkitPro/devkitARM/bin/../lib/gcc/arm-none-eabi/13.1.0/../../../../arm-none-eabi/lib\libg.a(libc_a-impure.o)
                0x0202b0d4                _impure_ptr
 .data._impure_data
                0x0202b0d8      0x120 C:/devkitPro/devkitARM/bin/../lib/gcc/arm-none-eabi/13.1.0/../../../../arm-none-eabi/lib\libg.a(libc_a-impure.o)
                0x0202b0d8                _impure_data
 .data.caseconv_table
                0x0202b1f8      0x7b0 C:/devkitPro/devkitARM/bin/../lib/gcc/arm-none-eabi/13.1.0/../../../../arm-none-eabi/lib\libg.a(libc_a-towctrans_l.o)
 .data.environ  0x0202b9a8        0x4 C:/devkitPro/devkitARM/bin/../lib/gcc/arm-none-eabi/13.1.0/../../../../arm-none-eabi/lib\libg.a(libc_a-environ.o)
                0x0202b9a8                environ
 .data._current_working_directory
                0x0202b9ac      0x400 C:/devkitPro/devkitARM/bin/../lib/gcc/arm-none-eabi/13.1.0/../../../../arm-none-eabi/lib\libsysbase.a(libsysbase_libsysbase_a-chdir.o)
 .data.handles  0x0202bdac     0x1000 C:/devkitPro/devkitARM/bin/../lib/gcc/arm-none-eabi/13.1.0/../../../../arm-none-eabi/lib\libsysbase.a(libsysbase_libsysbase_a-handle_manager.o)
 .data.__stderr_handle
                0x0202cdac        0xc C:/devkitPro/devkitARM/bin/../lib/gcc/arm-none-eabi/13.1.0/../../../../arm-none-eabi/lib\libsysbase.a(libsysbase_libsysbase_a-handle_manager.o)
 .data.__stdout_handle
                0x0202cdb8        0xc C:/devkitPro/devkitARM/bin/../lib/gcc/arm-none-eabi/13.1.0/../../../../arm-none-eabi/lib\libsysbase.a(libsysbase_libsysbase_a-handle_manager.o)
 .data.__stdin_handle
                0x0202cdc4        0xc C:/devkitPro/devkitARM/bin/../lib/gcc/arm-none-eabi/13.1.0/../../../../arm-none-eabi/lib\libsysbase.a(libsysbase_libsysbase_a-handle_manager.o)
 .data.devoptab_list
                0x0202cdd0       0x8c C:/devkitPro/devkitARM/bin/../lib/gcc/arm-none-eabi/13.1.0/../../../../arm-none-eabi/lib\libsysbase.a(libsysbase_libsysbase_a-iosupport.o)
                0x0202cdd0                devoptab_list
 .data.defaultDevice
                0x0202ce5c        0x4 C:/devkitPro/devkitARM/bin/../lib/gcc/arm-none-eabi/13.1.0/../../../../arm-none-eabi/lib\libsysbase.a(libsysbase_libsysbase_a-iosupport.o)
 *(EXCLUDE_FILE(*.twl*) .gnu.linkonce.d*)
                0x0202ce60                        . = ALIGN (0x4)
                0x0202ce60                        __data_end = ABSOLUTE (.)
                0x0202ce60                        __bss_vma = .

.igot.plt       0x0202ce60        0x0
 .igot.plt      0x0202ce60        0x0 C:/devkitPro/devkitARM/bin/../lib/gcc/arm-none-eabi/13.1.0/../../../../arm-none-eabi/lib/ds_arm9_crt0.o

.dtcm           0x02ff0000        0x0 load address 0x0202ce60
                0x0202ce60                        __dtcm_lma = LOADADDR (.dtcm)
                0x02ff0000                        __dtcm_start = ABSOLUTE (.)
 *(.dtcm)
 *(.dtcm.*)
                0x02ff0000                        . = ALIGN (0x4)
                0x02ff0000                        __dtcm_end = ABSOLUTE (.)

.itcm           0x01000100      0x194 load address 0x0202ce60