Archive member included to satisfy reference by file (symbol)

C:/devkitPro/nflib/lib\libnflib.a(nf_2d.o)
                              main.o (NF_Set2D)
C:/devkitPro/nflib/lib\libnflib.a(nf_3d.o)
                              main.o (NF_Set3D)
C:/devkitPro/nflib/lib\libnflib.a(nf_basic.o)
                              C:/devkitPro/nflib/lib\libnflib.a(nf_2d.o) (NF_Error)
C:/devkitPro/nflib/lib\libnflib.a(nf_sprite256.o)
                              main.o (NF_InitSpriteBuffers)
C:/devkitPro/nflib/lib\libnflib.a(nf_sprite3d.o)
                              main.o (NF_Init3dSpriteSys)
C:/devkitPro/nflib/lib\libnflib.a(nf_tiledbg.o)
                              main.o (NF_InitTiledBgBuffers)
C:/devkitPro/libnds/lib\libfilesystem.a(nitrofs.o)
                              main.o (nitroFSInit)
C:/devkitPro/libnds/lib\libfat.a(libfat.o)
                              C:/devkitPro/libnds/lib\libfilesystem.a(nitrofs.o) (fatInitDefault)
C:/devkitPro/libnds/lib\libfat.a(disc.o)
                              C:/devkitPro/libnds/lib\libfat.a(libfat.o) (_FAT_disc_interfaces)
C:/devkitPro/libnds/lib\libfat.a(fatfile.o)
                              C:/devkitPro/libnds/lib\libfat.a(libfat.o) (_FAT_open_r)
C:/devkitPro/libnds/lib\libfat.a(cache.o)
                              C:/devkitPro/libnds/lib\libfat.a(fatfile.o) (_FAT_cache_readSectors)
C:/devkitPro/libnds/lib\libfat.a(fatdir.o)
                              C:/devkitPro/libnds/lib\libfat.a(libfat.o) (_FAT_stat_r)
C:/devkitPro/libnds/lib\libfat.a(directory.o)
                              C:/devkitPro/libnds/lib\libfat.a(fatfile.o) (_FAT_directory_entryGetCluster)
C:/devkitPro/libnds/lib\libfat.a(partition.o)
                              C:/devkitPro/libnds/lib\libfat.a(libfat.o) (_FAT_partition_destructor)
C:/devkitPro/libnds/lib\libfat.a(lock.o)
                              C:/devkitPro/libnds/lib\libfat.a(partition.o) (_FAT_lock_init)
C:/devkitPro/libnds/lib\libfat.a(filetime.o)
                              C:/devkitPro/libnds/lib\libfat.a(fatfile.o) (_FAT_filetime_getTimeFromRTC)
C:/devkitPro/libnds/lib\libfat.a(file_allocation_table.o)
                              C:/devkitPro/libnds/lib\libfat.a(fatfile.o) (_FAT_fat_nextCluster)
C:/devkitPro/libnds/lib\libmm9.a(mm_comms.o)
                              main.o (mmStart)
C:/devkitPro/libnds/lib\libmm9.a(mm_memory.o)
                              main.o (mmLoad)
C:/devkitPro/libnds/lib\libmm9.a(mm_main9.o)
                              C:/devkitPro/libnds/lib\libmm9.a(mm_memory.o) (mmcbMemory)
C:/devkitPro/libnds/lib\libmm9.a(mm_soundbank.o)
                              C:/devkitPro/libnds/lib\libmm9.a(mm_main9.o) (mmSoundBankInMemory)
C:/devkitPro/libnds/lib\libmm9.a(mm_flusher.o)
                              C:/devkitPro/libnds/lib\libmm9.a(mm_memory.o) (mmFlushBank)
C:/devkitPro/libnds/lib\libnds9.a(trig.o)
                              C:/devkitPro/nflib/lib\libnflib.a(nf_sprite3d.o) (sinLerp)
C:/devkitPro/libnds/lib\libnds9.a(video.o)
                              C:/devkitPro/nflib/lib\libnflib.a(nf_basic.o) (setBrightness)
C:/devkitPro/libnds/lib\libnds9.a(console.o)
                              main.o (consoleDemoInit)
C:/devkitPro/libnds/lib\libnds9.a(videoGL.o)
                              C:/devkitPro/nflib/lib\libnflib.a(nf_3d.o) (glInit_C)
C:/devkitPro/libnds/lib\libnds9.a(sprite.o)
                              C:/devkitPro/nflib/lib\libnflib.a(nf_sprite256.o) (oamInit)
C:/devkitPro/libnds/lib\libnds9.a(keys.o)
                              main.o (scanKeys)
C:/devkitPro/libnds/lib\libnds9.a(dldi.o)
                              C:/devkitPro/libnds/lib\libfat.a(disc.o) (dldiGetInternal)
C:/devkitPro/libnds/lib\libnds9.a(initSystem.o)
                              C:/devkitPro/devkitARM/bin/../lib/gcc/arm-none-eabi/13.1.0/../../../../arm-none-eabi/lib/ds_arm9_crt0.o (initSystem)
C:/devkitPro/libnds/lib\libnds9.a(securearea.o)
                              C:/devkitPro/devkitARM/bin/../lib/gcc/arm-none-eabi/13.1.0/../../../../arm-none-eabi/lib/ds_arm9_crt0.o (__secure_area__)
C:/devkitPro/libnds/lib\libnds9.a(interrupts.o)
                              C:/devkitPro/libnds/lib\libnds9.a(initSystem.o) (irqInit)
C:/devkitPro/libnds/lib\libnds9.a(libnds_exit.arm.o)
                              C:/devkitPro/devkitARM/bin/../lib/gcc/arm-none-eabi/13.1.0/../../../../arm-none-eabi/lib/ds_arm9_crt0.o (__libnds_exit)
C:/devkitPro/libnds/lib\libnds9.a(card.o)
                              C:/devkitPro/libnds/lib\libfilesystem.a(nitrofs.o) (cardParamCommand)
C:/devkitPro/libnds/lib\libnds9.a(fifosystem.o)
                              C:/devkitPro/libnds/lib\libmm9.a(mm_comms.o) (fifoSetValue32Handler)
C:/devkitPro/libnds/lib\libnds9.a(dcache.o)
                              C:/devkitPro/nflib/lib\libnflib.a(nf_basic.o) (DC_FlushRange)
C:/devkitPro/libnds/lib\libnds9.a(dldi_stub.o)
[...]
Memory Configuration

Name             Origin             Length             Attributes
ewram            0x02000000         0x00380000
dtcm             0x02ff0000         0x00004000
vectors          0x01000000         0x00000100
itcm             0x01000100         0x00007f00
*default*        0x00000000         0xffffffff

Linker script and memory map

                0x02380000                        __ewram_end = (ORIGIN (ewram) + LENGTH (ewram))
                0x02380000                        __eheap_end = (ORIGIN (ewram) + LENGTH (ewram))
                0x02ff4000                        __dtcm_top = (ORIGIN (dtcm) + LENGTH (dtcm))
                0x02ff3ff8                        __irq_flags = (__dtcm_top - 0x8)
                0x02ff3ffc                        __irq_vector = (__dtcm_top - 0x4)
                0x02ff3f00                        __sp_svc = (__dtcm_top - 0x100)
                0x02ff3e00                        __sp_irq = (__sp_svc - 0x100)
                0x02ff3d00                        __sp_usr = (__sp_irq - 0x100)

.secure         0x02000000      0x800
 *(.secure)
 .secure        0x02000000      0x800 C:/devkitPro/libnds/lib\libnds9.a(securearea.o)
                0x02000000                __secure_area__

.crt0           0x02000800      0x300
                0x02000800                        __text_start = .
 *(.crt0)
 .crt0          0x02000800      0x300 C:/devkitPro/devkitARM/bin/../lib/gcc/arm-none-eabi/13.1.0/../../../../arm-none-eabi/lib/ds_arm9_crt0.o
                0x02000800                _start
                0x02000b00                        . = ALIGN (0x4)

.plt
 *(.plt)

.init           0x02000b00       0x18
 *(SORT_NONE(.init))
 .init          0x02000b00        0xc C:/devkitPro/devkitARM/bin/../lib/gcc/arm-none-eabi/13.1.0/crti.o
                0x02000b00                _init
 .init          0x02000b0c        0xc C:/devkitPro/devkitARM/bin/../lib/gcc/arm-none-eabi/13.1.0/crtn.o

.text           0x02000b40    0x29718
 *(EXCLUDE_FILE(*.twl* *.vectors* *.itcm*) .text)
 .text          0x02000b40      0x600 main.o
                0x02000b40                changeRoom
 .text          0x02001140      0x738 C:/devkitPro/nflib/lib\libnflib.a(nf_2d.o)
                0x02001140                NF_Set2D
                0x020011a4                NF_ShowBg
                0x02001218                NF_HideBg
                0x020012b4                NF_ScrollBg
                0x020015f8                NF_SpriteFrame
                0x020016c4                NF_EnableSpriteRotScale
                0x02001764                NF_DisableSpriteRotScale
                0x020017d8                NF_SpriteRotScale
 .text          0x02001878      0x2b0 C:/devkitPro/nflib/lib\libnflib.a(nf_3d.o)
                0x02001878                NF_Set3D
                0x020018cc                NF_InitOpenGL
                0x02001ac4                NF_GetTextureSize
 .text          0x02001b28      0x50c C:/devkitPro/nflib/lib\libnflib.a(nf_basic.o)
                0x02001b28                NF_Error
                0x02001dd4                NF_SetRootFolder
                0x02001fb0                NF_DmaMemCopy
 .text          0x02002034     0x1360 C:/devkitPro/nflib/lib\libnflib.a(nf_sprite256.o)
                0x02002034                NF_InitSpriteBuffers
                0x02002090                NF_ResetSpriteBuffers
                0x020020c4                NF_InitSpriteSys
                0x020022c4                NF_LoadSpriteGfx
                0x020023f0                NF_UnloadSpriteGfx
                0x0200246c                NF_LoadSpritePal
                0x02002564                NF_UnloadSpritePal
                0x020025c0                NF_VramSpriteGfx
                0x020028e4                NF_VramSpriteGfxDefrag
                0x02002b04                NF_FreeSpriteGfx
                0x02002bf4                NF_VramSpritePal
                0x02002cd8                NF_CreateSprite
                0x0200301c                NF_DeleteSprite
                0x020030b8                NF_SpriteOamSet
                0x0200317c                NF_SpriteSetPalColor
                0x02003214                NF_SpriteEditPalColor
                0x02003290                NF_SpriteUpdatePalette
                0x02003324                NF_SpriteGetPalColor
 .text          0x02003394     0x10e0 C:/devkitPro/nflib/lib\libnflib.a(nf_sprite3d.o)
                0x02003394                NF_Init3dSpriteSys
                0x0200348c                NF_Vram3dSpriteGfx
                0x02003734                NF_Vram3dSpriteGfxDefrag
                0x020038e4                NF_Free3dSpriteGfx
                0x020039a0                NF_Vram3dSpritePal
                0x02003a40                NF_Create3dSprite
                0x02003bac                NF_Delete3dSprite
                0x02003c7c                NF_Sort3dSprites
                0x02003cf0                NF_Set3dSpritePriority
                0x02003da4                NF_Swap3dSpritePriority
                0x02003dd0                NF_Set3dSpriteFrame
                0x02003e90                NF_Draw3dSprites
                0x0200414c                NF_Update3dSpritesGfx
                0x020041e8                NF_Rotate3dSprite
                0x02004220                NF_Scale3dSprite
                0x02004250                NF_Blend3dSprite
                0x02004274                NF_3dSpritesLayer
                0x02004320                NF_3dSpriteEditPalColor
                0x02004388                NF_3dSpriteUpdatePalette
                0x020043e4                NF_3dSpriteGetPalColor
                0x02004448                NF_3dSpriteSetDepth
 .text          0x02004474     0x19d4 C:/devkitPro/nflib/lib\libnflib.a(nf_tiledbg.o)
                0x02004474                NF_InitTiledBgBuffers
                0x02004508                NF_ResetTiledBgBuffers
                0x02004564                NF_InitTiledBgSys
                0x02004684                NF_LoadTiledBg
                0x0200492c                NF_LoadTilesForBg
                0x02004bc4                NF_UnloadTiledBg
                0x02004c8c                NF_DeleteTiledBg
                0x02004e40                NF_CreateTiledBg
                0x02005434                NF_GetTileMapAddress
                0x020054ec                NF_GetTileOfMap
                0x02005524                NF_SetTileOfMap
                0x02005568                NF_UpdateVramMap
                0x02005684                NF_BgSetPalColor
                0x02005734                NF_BgEditPalColor
                0x020057d8                NF_BgUpdatePalette
                0x0200589c                NF_BgGetPalColor
                0x02005938                NF_GetTilePal
                0x0200596c                NF_SetTilePal
                0x020059b0                NF_LoadExBgPal
                0x02005a9c                NF_UnloadExBgPal
                0x02005aec                NF_VramExBgPal
                0x02005b94                NF_SetExBgPal
                0x02005c7c                NF_SetTileHflip
                0x02005cb4                NF_SetTileVflip
                0x02005cec                NF_RotateTileGfx
 .text          0x02005e48      0x24c C:/devkitPro/libnds/lib\libmm9.a(mm_comms.o)
                0x02005e48                mmSetupComms
                0x02005e9a                mmSendBank
                0x02005ea4                mmLockChannels
                0x02005eaa                mmUnlockChannels
                0x02005eb0                mmStart
                0x02005eba                mmPause
                0x02005ebe                mmResume
                0x02005ec2                mmStop
                0x02005ec6                mmPosition
                0x02005eca                mmJingle
                0x02005ece                mmSetModuleVolume
                0x02005ed2                mmSetJingleVolume
                0x02005ed6                mmSetModuleTempo
                0x02005eda                mmSetModulePitch
                0x02005ede                mmSetEffectsVolume
                0x02005ee2                mmSelectMode
                0x02005ee6                mmStreamBegin
                0x02005efa                mmStreamEnd
                0x02005f50                mmEffect
                0x02005f74                mmEffectVolume
                0x02005f78                mmEffectPanning
                0x02005f7c                mmEffectRate
                0x02005f86                mmEffectScaleRate
                0x02005f90                mmEffectRelease
                0x02005f96                mmEffectCancel
                0x02005f9c                mmEffectEx
                0x02005fda                mmEffectCancelAll
                0x02005fde                mmReverbEnable
                0x02005fe2                mmReverbDisable
                0x02005fe6                mmReverbConfigure
                0x02006042                mmReverbStart
                0x02006046                mmReverbStop
 .text          0x02006094      0x120 C:/devkitPro/libnds/lib\libmm9.a(mm_memory.o)
                0x02006094                mmLoad
                0x020060e4                mmUnload
                0x0200613c                mmLoadEffect
                0x02006174                mmUnloadEffect
 .text          0x020061b4      0x108 C:/devkitPro/libnds/lib\libmm9.a(mm_main9.o)
                0x020061b4                mmActive
                0x020061ba                mmSetEventHandler
                0x020061c0                mmInit
                0x020061ea                mmInitDefault
                0x02006234                mmInitDefaultMem
                0x02006256                mmSuspendIRQ_t
                0x02006274                mmRestoreIRQ_t
 .text          0x020062bc      0x100 C:/devkitPro/libnds/lib\libmm9.a(mm_soundbank.o)
                0x020062bc                mmSoundBankInMemory
                0x020062c4                mmSoundBankInFiles
                0x020062d6                mmSetCustomSoundBankHandler
                0x02006302                mmsHandleFileOp
 .text          0x020063bc       0x3c C:/devkitPro/libnds/lib\libmm9.a(mm_flusher.o)
                0x020063bc                mmFlushBank
 *fill*         0x020063f8        0x8 ff
 .text          0x02006400     0x4000 C:/devkitPro/libnds/lib\libnds9.a(dldi_stub.o)
                0x02006400                _io_dldi_stub
 .text          0x0200a400      0x114 C:/devkitPro/devkitARM/bin/../lib/gcc/arm-none-eabi/13.1.0\libgcc.a(_udivsi3.o)
                0x0200a400                __aeabi_uidiv
                0x0200a400                __udivsi3
                0x0200a4f4                __aeabi_uidivmod
 .text          0x0200a514      0x148 C:/devkitPro/devkitARM/bin/../lib/gcc/arm-none-eabi/13.1.0\libgcc.a(_divsi3.o)
                0x0200a514                __divsi3
                0x0200a514                __aeabi_idiv
                0x0200a63c                __aeabi_idivmod
 .text          0x0200a65c        0x4 C:/devkitPro/devkitARM/bin/../lib/gcc/arm-none-eabi/13.1.0\libgcc.a(_dvmd_tls.o)
                0x0200a65c                __aeabi_idiv0
                0x0200a65c                __aeabi_ldiv0
 .text          0x0200a660       0xd4 C:/devkitPro/devkitARM/bin/../lib/gcc/arm-none-eabi/13.1.0\libgcc.a(_aeabi_ldivmod.o)
                0x0200a660                __aeabi_ldivmod
 .text          0x0200a734       0x28 C:/devkitPro/devkitARM/bin/../lib/gcc/arm-none-eabi/13.1.0\libgcc.a(_clzdi2.o)
                0x0200a734                __clzdi2
 .text          0x0200a75c       0x48 C:/devkitPro/devkitARM/bin/../lib/gcc/arm-none-eabi/13.1.0\libgcc.a(_clzsi2.o)
                0x0200a75c                __clzsi2
 .text          0x0200a7a4      0x224 C:/devkitPro/devkitARM/bin/../lib/gcc/arm-none-eabi/13.1.0/../../../../arm-none-eabi/lib\libg.a(libc_a-strcmp.o)
                0x0200a7a4                strcmp
 .text          0x0200a9c8      0x424 C:/devkitPro/devkitARM/bin/../lib/gcc/arm-none-eabi/13.1.0\libgcc.a(_arm_addsubdf3.o)
                0x0200a9c8                __aeabi_drsub
                0x0200a9d0                __aeabi_dsub
                0x0200a9d0                __subdf3
                0x0200a9d4                __aeabi_dadd
                0x0200a9d4                __adddf3
                0x0200ace4                __floatunsidf
                0x0200ace4                __aeabi_ui2d
                0x0200ad08                __floatsidf
                0x0200ad08                __aeabi_i2d
                0x0200ad30                __aeabi_f2d
                0x0200ad30                __extendsfdf2
                0x0200ad78                __floatundidf
                0x0200ad78                __aeabi_ul2d
                0x0200ad8c                __floatdidf
                0x0200ad8c                __aeabi_l2d
 .text          0x0200adec      0x49c C:/devkitPro/devkitARM/bin/../lib/gcc/arm-none-eabi/13.1.0\libgcc.a(_arm_muldivdf3.o)
                0x0200adec                __aeabi_dmul
                0x0200adec                __muldf3
                0x0200b07c                __divdf3
                0x0200b07c                __aeabi_ddiv
 .text          0x0200b288      0x144 C:/devkitPro/devkitARM/bin/../lib/gcc/arm-none-eabi/13.1.0\libgcc.a(_arm_cmpdf2.o)
                0x0200b288                __gtdf2
                0x0200b288                __gedf2
                0x0200b290                __ltdf2
                0x0200b290                __ledf2
                0x0200b298                __nedf2
                0x0200b298                __eqdf2
                0x0200b298                __cmpdf2
                0x0200b320                __aeabi_cdrcmple
                0x0200b33c                __aeabi_cdcmpeq
                0x0200b33c                __aeabi_cdcmple
                0x0200b354                __aeabi_dcmpeq
                0x0200b36c                __aeabi_dcmplt
                0x0200b384                __aeabi_dcmple
                0x0200b39c                __aeabi_dcmpge
                0x0200b3b4                __aeabi_dcmpgt
 .text          0x0200b3cc       0x38 C:/devkitPro/devkitARM/bin/../lib/gcc/arm-none-eabi/13.1.0\libgcc.a(_arm_unorddf2.o)
                0x0200b3cc                __unorddf2
                0x0200b3cc                __aeabi_dcmpun
 .text          0x0200b404       0x5c C:/devkitPro/devkitARM/bin/../lib/gcc/arm-none-eabi/13.1.0\libgcc.a(_arm_fixdfsi.o)
                0x0200b404                __aeabi_d2iz
                0x0200b404                __fixdfsi
 .text          0x0200b460       0x3c C:/devkitPro/devkitARM/bin/../lib/gcc/arm-none-eabi/13.1.0\libgcc.a(_aeabi_uldivmod.o)
                0x0200b460                __aeabi_uldivmod
 *(EXCLUDE_FILE(*.twl* *.vectors* *.itcm*) .stub)
 *(EXCLUDE_FILE(*.twl* *.vectors* *.itcm*) .text.*)
 .text.__do_global_dtors_aux
                0x0200b49c       0x40 C:/devkitPro/devkitARM/bin/../lib/gcc/arm-none-eabi/13.1.0/crtbegin.o
 .text.frame_dummy
                0x0200b4dc       0x30 C:/devkitPro/devkitARM/bin/../lib/gcc/arm-none-eabi/13.1.0/crtbegin.o
 .text.startup  0x0200b50c      0x254 main.o
                0x0200b50c                main
 .text.nitroFSDirClose
                0x0200b760        0x4 C:/devkitPro/libnds/lib\libfilesystem.a(nitrofs.o)
 .text.nitroFSSeek
                0x0200b764       0x78 C:/devkitPro/libnds/lib\libfilesystem.a(nitrofs.o)
 .text.nitroFSFstat
                0x0200b7dc       0x10 C:/devkitPro/libnds/lib\libfilesystem.a(nitrofs.o)
 .text.nitroSubReadBlock
                0x0200b7ec       0x54 C:/devkitPro/libnds/lib\libfilesystem.a(nitrofs.o)
 .text.nitroSubReadCard
                0x0200b840       0xb0 C:/devkitPro/libnds/lib\libfilesystem.a(nitrofs.o)
 .text.nitroFSClose
                0x0200b8f0        0x4 C:/devkitPro/libnds/lib\libfilesystem.a(nitrofs.o)
 .text.nitroDirReset
                0x0200b8f4       0x9c C:/devkitPro/libnds/lib\libfilesystem.a(nitrofs.o)
 .text.nitroFSRead
                0x0200b990       0xbc C:/devkitPro/libnds/lib\libfilesystem.a(nitrofs.o)
 .text.nitroFSDirNext
                0x0200ba4c      0x30c C:/devkitPro/libnds/lib\libfilesystem.a(nitrofs.o)
 .text.nitroFSDirOpen
                0x0200bd58       0xe0 C:/devkitPro/libnds/lib\libfilesystem.a(nitrofs.o)
 .text.nitroFSChdir
                0x0200be38       0x30 C:/devkitPro/libnds/lib\libfilesystem.a(nitrofs.o)
 .text.nitroFSOpen
                0x0200be68       0xc4 C:/devkitPro/libnds/lib\libfilesystem.a(nitrofs.o)
 .text.nitroFSstat
                0x0200bf2c       0x68 C:/devkitPro/libnds/lib\libfilesystem.a(nitrofs.o)
 .text.nitroFSInit
                0x0200bf94      0x12c C:/devkitPro/libnds/lib\libfilesystem.a(nitrofs.o)
                0x0200bf94                nitroFSInit
 .text.fatMount.part.0
                0x0200c0c0       0xa0 C:/devkitPro/libnds/lib\libfat.a(libfat.o)
 .text.fatMount
                0x0200c160       0x3c C:/devkitPro/libnds/lib\libfat.a(libfat.o)
                0x0200c160                fatMount
 .text.fatInit  0x0200c19c      0x130 C:/devkitPro/libnds/lib\libfat.a(libfat.o)
                0x0200c19c                fatInit
 .text.fatInitDefault
                0x0200c2cc        0xc C:/devkitPro/libnds/lib\libfat.a(libfat.o)
                0x0200c2cc                fatInitDefault
 .text._FAT_check_position_for_next_cluster.part.0
                0x0200c2d8       0x68 C:/devkitPro/libnds/lib\libfat.a(fatfile.o)
 .text._FAT_syncToDisc.part.0
                0x0200c340       0xd4 C:/devkitPro/libnds/lib\libfat.a(fatfile.o)
 .text._FAT_file_extend_r
                0x0200c414      0x208 C:/devkitPro/libnds/lib\libfat.a(fatfile.o)
 .text._FAT_open_r
                0x0200c61c      0x2d4 C:/devkitPro/libnds/lib\libfat.a(fatfile.o)
                0x0200c61c                _FAT_open_r
 .text._FAT_close_r
                0x0200c8f0       0x74 C:/devkitPro/libnds/lib\libfat.a(fatfile.o)
                0x0200c8f0                _FAT_close_r
 .text._FAT_read_r
                0x0200c964      0x398 C:/devkitPro/libnds/lib\libfat.a(fatfile.o)
                0x0200c964                _FAT_read_r
 .text._FAT_write_r
                0x0200ccfc      0x53c C:/devkitPro/libnds/lib\libfat.a(fatfile.o)
                0x0200ccfc                _FAT_write_r
 .text._FAT_seek_r
                0x0200d238      0x194 C:/devkitPro/libnds/lib\libfat.a(fatfile.o)
                0x0200d238                _FAT_seek_r
 .text._FAT_fstat_r
                0x0200d3cc       0x8c C:/devkitPro/libnds/lib\libfat.a(fatfile.o)
                0x0200d3cc                _FAT_fstat_r
 .text._FAT_ftruncate_r
                0x0200d458      0x16c C:/devkitPro/libnds/lib\libfat.a(fatfile.o)
                0x0200d458                _FAT_ftruncate_r
 .text._FAT_fsync_r
                0x0200d5c4       0x44 C:/devkitPro/libnds/lib\libfat.a(fatfile.o)
                0x0200d5c4                _FAT_fsync_r
 .text._FAT_cache_getPage
                0x0200d608       0xf0 C:/devkitPro/libnds/lib\libfat.a(cache.o)
 .text._FAT_cache_constructor
                0x0200d6f8       0x90 C:/devkitPro/libnds/lib\libfat.a(cache.o)
                0x0200d6f8                _FAT_cache_constructor
 .text._FAT_cache_readSectors
                0x0200d788       0x60 C:/devkitPro/libnds/lib\libfat.a(cache.o)
                0x0200d788                _FAT_cache_readSectors
 .text._FAT_cache_readPartialSector
                0x0200d7e8       0x3c C:/devkitPro/libnds/lib\libfat.a(cache.o)
                0x0200d7e8                _FAT_cache_readPartialSector
 .text._FAT_cache_readLittleEndianValue
                0x0200d824       0x70 C:/devkitPro/libnds/lib\libfat.a(cache.o)
                0x0200d824                _FAT_cache_readLittleEndianValue
 .text._FAT_cache_writePartialSector
                0x0200d894       0x4c C:/devkitPro/libnds/lib\libfat.a(cache.o)
                0x0200d894                _FAT_cache_writePartialSector
 .text._FAT_cache_writeLittleEndianValue
                0x0200d8e0       0x8c C:/devkitPro/libnds/lib\libfat.a(cache.o)
                0x0200d8e0                _FAT_cache_writeLittleEndianValue
 .text._FAT_cache_eraseWritePartialSector
                0x0200d96c       0x60 C:/devkitPro/libnds/lib\libfat.a(cache.o)
                0x0200d96c                _FAT_cache_eraseWritePartialSector
 .text._FAT_cache_writeSectors
                0x0200d9cc       0x80 C:/devkitPro/libnds/lib\libfat.a(cache.o)
                0x0200d9cc                _FAT_cache_writeSectors
 .text._FAT_cache_flush
                0x0200da4c       0x40 C:/devkitPro/libnds/lib\libfat.a(cache.o)
                0x0200da4c                _FAT_cache_flush
 .text._FAT_stat_r
                0x0200da8c       0x90 C:/devkitPro/libnds/lib\libfat.a(fatdir.o)
                0x0200da8c                _FAT_stat_r
 .text._FAT_link_r
                0x0200db1c        0xc C:/devkitPro/libnds/lib\libfat.a(fatdir.o)
                0x0200db1c                _FAT_link_r
 .text._FAT_unlink_r
                0x0200db28      0x184 C:/devkitPro/libnds/lib\libfat.a(fatdir.o)
                0x0200db28                _FAT_unlink_r
 .text._FAT_chdir_r
                0x0200dcac       0x70 C:/devkitPro/libnds/lib\libfat.a(fatdir.o)
                0x0200dcac                _FAT_chdir_r
 .text._FAT_rename_r
                0x0200dd1c      0x1c4 C:/devkitPro/libnds/lib\libfat.a(fatdir.o)
                0x0200dd1c                _FAT_rename_r
 .text._FAT_mkdir_r
                0x0200dee0      0x244 C:/devkitPro/libnds/lib\libfat.a(fatdir.o)
                0x0200dee0                _FAT_mkdir_r
 .text._FAT_statvfs_r
                0x0200e124       0x78 C:/devkitPro/libnds/lib\libfat.a(fatdir.o)
                0x0200e124                _FAT_statvfs_r
 .text._FAT_diropen_r
                0x0200e19c       0xb0 C:/devkitPro/libnds/lib\libfat.a(fatdir.o)
                0x0200e19c                _FAT_diropen_r
 .text._FAT_dirreset_r
                0x0200e24c       0x4c C:/devkitPro/libnds/lib\libfat.a(fatdir.o)
                0x0200e24c                _FAT_dirreset_r
 .text._FAT_dirnext_r
                0x0200e298       0x7c C:/devkitPro/libnds/lib\libfat.a(fatdir.o)
                0x0200e298                _FAT_dirnext_r
 .text._FAT_dirclose_r
                0x0200e314       0x20 C:/devkitPro/libnds/lib\libfat.a(fatdir.o)
                0x0200e314                _FAT_dirclose_r
 .text._FAT_directory_entryGetAlias
                0x0200e334       0xc8 C:/devkitPro/libnds/lib\libfat.a(directory.o)
 .text._FAT_directory_incrementDirEntryPosition
                0x0200e3fc       0x80 C:/devkitPro/libnds/lib\libfat.a(directory.o)
 .text._FAT_directory_mbsncasecmp
                0x0200e47c       0xa8 C:/devkitPro/libnds/lib\libfat.a(directory.o)
 .text._FAT_directory_ucs2tombs.constprop.0
                0x0200e524       0x90 C:/devkitPro/libnds/lib\libfat.a(directory.o)
 .text._FAT_directory_entryGetCluster
                0x0200e5b4       0x20 C:/devkitPro/libnds/lib\libfat.a(directory.o)
                0x0200e5b4                _FAT_directory_entryGetCluster
 .text._FAT_directory_getNextEntry
                0x0200e5d4      0x23c C:/devkitPro/libnds/lib\libfat.a(directory.o)
                0x0200e5d4                _FAT_directory_getNextEntry
 .text._FAT_directory_entryExists
                0x0200e810       0x80 C:/devkitPro/libnds/lib\libfat.a(directory.o)
 .text._FAT_directory_getFirstEntry
                0x0200e890       0x20 C:/devkitPro/libnds/lib\libfat.a(directory.o)
                0x0200e890                _FAT_directory_getFirstEntry
 .text._FAT_directory_getRootEntry
                0x0200e8b0       0x60 C:/devkitPro/libnds/lib\libfat.a(directory.o)
                0x0200e8b0                _FAT_directory_getRootEntry
 .text._FAT_directory_entryFromPosition
                0x0200e910      0x150 C:/devkitPro/libnds/lib\libfat.a(directory.o)
                0x0200e910                _FAT_directory_entryFromPosition
 .text._FAT_directory_entryFromPath
                0x0200ea60      0x248 C:/devkitPro/libnds/lib\libfat.a(directory.o)
                0x0200ea60                _FAT_directory_entryFromPath
 .text._FAT_directory_removeEntry
                0x0200eca8       0xd8 C:/devkitPro/libnds/lib\libfat.a(directory.o)
                0x0200eca8                _FAT_directory_removeEntry
 .text._FAT_directory_addEntry
                0x0200ed80      0x808 C:/devkitPro/libnds/lib\libfat.a(directory.o)
                0x0200ed80                _FAT_directory_addEntry
 .text._FAT_directory_chdir
                0x0200f588       0x3c C:/devkitPro/libnds/lib\libfat.a(directory.o)
                0x0200f588                _FAT_directory_chdir
 .text._FAT_directory_entryStat
                0x0200f5c4       0xe4 C:/devkitPro/libnds/lib\libfat.a(directory.o)
                0x0200f5c4                _FAT_directory_entryStat
 .text.isValidMBR
                0x0200f6a8       0x5c C:/devkitPro/libnds/lib\libfat.a(partition.o)
 .text._FAT_updateFS_INFO
                0x0200f704       0x54 C:/devkitPro/libnds/lib\libfat.a(partition.o)
 .text.FindFirstValidPartition_buf.part.0
                0x0200f758      0x11c C:/devkitPro/libnds/lib\libfat.a(partition.o)
 .text._FAT_partition_getPartitionFromPath
                0x0200f874       0x10 C:/devkitPro/libnds/lib\libfat.a(partition.o)
                0x0200f874                _FAT_partition_getPartitionFromPath
 .text._FAT_partition_createFSinfo
                0x0200f884       0x50 C:/devkitPro/libnds/lib\libfat.a(partition.o)
                0x0200f884                _FAT_partition_createFSinfo
 .text._FAT_partition_readFSinfo.part.0
                0x0200f8d4       0x74 C:/devkitPro/libnds/lib\libfat.a(partition.o)
 .text._FAT_partition_constructor_buf
                0x0200f948      0x2e8 C:/devkitPro/libnds/lib\libfat.a(partition.o)
                0x0200f948                _FAT_partition_constructor_buf
 .text._FAT_partition_constructor
                0x0200fc30       0x40 C:/devkitPro/libnds/lib\libfat.a(partition.o)
                0x0200fc30                _FAT_partition_constructor
 .text._FAT_partition_readFSinfo
                0x0200fc70       0x10 C:/devkitPro/libnds/lib\libfat.a(partition.o)
                0x0200fc70                _FAT_partition_readFSinfo
 .text._FAT_lock_init
                0x0200fc80        0x4 C:/devkitPro/libnds/lib\libfat.a(lock.o)
                0x0200fc80                _FAT_lock_init
 .text._FAT_lock
                0x0200fc84        0x4 C:/devkitPro/libnds/lib\libfat.a(lock.o)
                0x0200fc84                _FAT_lock
 .text._FAT_unlock
                0x0200fc88        0x4 C:/devkitPro/libnds/lib\libfat.a(lock.o)
                0x0200fc88                _FAT_unlock
 .text._FAT_filetime_getTimeFromRTC
                0x0200fc8c       0x44 C:/devkitPro/libnds/lib\libfat.a(filetime.o)
                0x0200fc8c                _FAT_filetime_getTimeFromRTC
 .text._FAT_filetime_getDateFromRTC
                0x0200fcd0       0x44 C:/devkitPro/libnds/lib\libfat.a(filetime.o)
                0x0200fcd0                _FAT_filetime_getDateFromRTC
 .text._FAT_filetime_to_time_t
                0x0200fd14       0x38 C:/devkitPro/libnds/lib\libfat.a(filetime.o)
                0x0200fd14                _FAT_filetime_to_time_t
 .text._FAT_fat_writeFatEntry.part.0.isra.0
                0x0200fd4c      0x12c C:/devkitPro/libnds/lib\libfat.a(file_allocation_table.o)
 .text._FAT_fat_nextCluster
                0x0200fe78      0x108 C:/devkitPro/libnds/lib\libfat.a(file_allocation_table.o)
                0x0200fe78                _FAT_fat_nextCluster
 .text._FAT_fat_linkFreeCluster
                0x0200ff80       0xac C:/devkitPro/libnds/lib\libfat.a(file_allocation_table.o)
                0x0200ff80                _FAT_fat_linkFreeCluster
 .text._FAT_fat_linkFreeClusterCleared
                0x0201002c       0x68 C:/devkitPro/libnds/lib\libfat.a(file_allocation_table.o)
                0x0201002c                _FAT_fat_linkFreeClusterCleared
 .text._FAT_fat_clearLinks
                0x02010094       0x7c C:/devkitPro/libnds/lib\libfat.a(file_allocation_table.o)
                0x02010094                _FAT_fat_clearLinks
 .text._FAT_fat_trimChain
                0x02010110       0x80 C:/devkitPro/libnds/lib\libfat.a(file_allocation_table.o)
                0x02010110                _FAT_fat_trimChain
 .text._FAT_fat_lastCluster
                0x02010190       0x34 C:/devkitPro/libnds/lib\libfat.a(file_allocation_table.o)
                0x02010190                _FAT_fat_lastCluster
 .text._FAT_fat_freeClusterCount
                0x020101c4       0x2c C:/devkitPro/libnds/lib\libfat.a(file_allocation_table.o)
                0x020101c4                _FAT_fat_freeClusterCount
 .text.sinLutLookup
                0x020101f0       0x4c C:/devkitPro/libnds/lib\libnds9.a(trig.o)
                0x020101f0                sinLutLookup
 .text.sinLerp  0x0201023c       0x40 C:/devkitPro/libnds/lib\libnds9.a(trig.o)
                0x0201023c                sinLerp
 .text.cosLerp  0x0201027c       0x4c C:/devkitPro/libnds/lib\libnds9.a(trig.o)
                0x0201027c                cosLerp
 .text.setBrightness
                0x020102c8       0x40 C:/devkitPro/libnds/lib\libnds9.a(video.o)
                0x020102c8                setBrightness
 .text.vramDefault
                0x02010308       0xd0 C:/devkitPro/libnds/lib\libnds9.a(video.o)
                0x02010308                vramDefault
 .text.newRow   0x020103d8       0xa8 C:/devkitPro/libnds/lib\libnds9.a(console.o)
 .text.consolePrintChar
                0x02010480       0xe0 C:/devkitPro/libnds/lib\libnds9.a(console.o)
                0x02010480                consolePrintChar
 .text.con_write
                0x02010560      0x36c C:/devkitPro/libnds/lib\libnds9.a(console.o)
                0x02010560                con_write
 .text.consoleLoadFont
                0x020108cc      0x2a0 C:/devkitPro/libnds/lib\libnds9.a(console.o)
                0x020108cc                consoleLoadFont
 .text.consoleInit
                0x02010b6c      0x18c C:/devkitPro/libnds/lib\libnds9.a(console.o)
                0x02010b6c                consoleInit
 .text.consoleDemoInit
                0x02010cf8       0x40 C:/devkitPro/libnds/lib\libnds9.a(console.o)
                0x02010cf8                consoleDemoInit
 .text.consoleClear
                0x02010d38       0x10 C:/devkitPro/libnds/lib\libnds9.a(console.o)
                0x02010d38                consoleClear
 .text.vramBlock_init
                0x02010d48       0x5c C:/devkitPro/libnds/lib\libnds9.a(videoGL.o)
                0x02010d48                vramBlock_init
 .text.glInit_C
                0x02010da4      0x1cc C:/devkitPro/libnds/lib\libnds9.a(videoGL.o)
                0x02010da4                glInit_C
 .text.oamInit  0x02010f70      0x114 C:/devkitPro/libnds/lib\libnds9.a(sprite.o)
                0x02010f70                oamInit
 .text.oamGfxPtrToOffset
                0x02011084       0x34 C:/devkitPro/libnds/lib\libnds9.a(sprite.o)
                0x02011084                oamGfxPtrToOffset
 .text.oamSet   0x020110b8      0x104 C:/devkitPro/libnds/lib\libnds9.a(sprite.o)
                0x020110b8                oamSet
 .text.oamRotateScale
                0x020111bc       0x4c C:/devkitPro/libnds/lib\libnds9.a(sprite.o)
                0x020111bc                oamRotateScale
 .text.scanKeys
                0x02011208       0x8c C:/devkitPro/libnds/lib\libnds9.a(keys.o)
                0x02011208                scanKeys
 .text.keysDown
                0x02011294       0x14 C:/devkitPro/libnds/lib\libnds9.a(keys.o)
                0x02011294                keysDown
 .text.dldiGetInternal
                0x020112a8       0x34 C:/devkitPro/libnds/lib\libnds9.a(dldi.o)
                0x020112a8                dldiGetInternal
 .text.get_io_dsisd
                0x020112dc       0x24 C:/devkitPro/libnds/lib\libnds9.a(dldi.o)
                0x020112dc                get_io_dsisd
 .text.__syscall_gettod_r
                0x02011300       0x28 C:/devkitPro/libnds/lib\libnds9.a(initSystem.o)
                0x02011300                __syscall_gettod_r
 .text.__syscall_exit
                0x02011328        0x8 C:/devkitPro/libnds/lib\libnds9.a(initSystem.o)
                0x02011328                __syscall_exit
 .text.initSystem
                0x02011330      0x180 C:/devkitPro/libnds/lib\libnds9.a(initSystem.o)
                0x02011330                initSystem
 .text.irqDummy
                0x020114b0        0x4 C:/devkitPro/libnds/lib\libnds9.a(interrupts.o)
                0x020114b0                irqDummy
 .text.irqSet   0x020114b4       0x6c C:/devkitPro/libnds/lib\libnds9.a(interrupts.o)
                0x020114b4                irqSet
 .text.irqInit  0x02011520       0x50 C:/devkitPro/libnds/lib\libnds9.a(interrupts.o)
                0x02011520                irqInit
 .text.irqEnable
                0x02011570       0x64 C:/devkitPro/libnds/lib\libnds9.a(interrupts.o)
                0x02011570                irqEnable
 .text.systemErrorExit
                0x020115d4        0x4 C:/devkitPro/libnds/lib\libnds9.a(libnds_exit.arm.o)
                0x020115d4                systemErrorExit
 .text.__libnds_exit
                0x020115d8       0x5c C:/devkitPro/libnds/lib\libnds9.a(libnds_exit.arm.o)
                0x020115d8                __libnds_exit
 .text.cardPolledTransfer
                0x02011634       0x54 C:/devkitPro/libnds/lib\libnds9.a(card.o)
                0x02011634                cardPolledTransfer
 .text.cardParamCommand
                0x02011688       0x34 C:/devkitPro/libnds/lib\libnds9.a(card.o)
                0x02011688                cardParamCommand
 .text.fifo_queueBlock
                0x020116bc       0x44 C:/devkitPro/libnds/lib\libnds9.a(fifosystem.o)
 .text.fifo_waitBlock
                0x02011700       0x80 C:/devkitPro/libnds/lib\libnds9.a(fifosystem.o)
 .text.fifoInternalSend.part.0
                0x02011780       0xd4 C:/devkitPro/libnds/lib\libnds9.a(fifosystem.o)
 .text.fifoInternalSendInterrupt
                0x02011854       0xb0 C:/devkitPro/libnds/lib\libnds9.a(fifosystem.o)
 .text.fifoSetValue32Handler
                0x02011904       0xd4 C:/devkitPro/libnds/lib\libnds9.a(fifosystem.o)
                0x02011904                fifoSetValue32Handler
 .text.fifoSendValue32
                0x020119d8       0x4c C:/devkitPro/libnds/lib\libnds9.a(fifosystem.o)
                0x020119d8                fifoSendValue32
 .text.fifoSendDatamsg
                0x02011a24       0x90 C:/devkitPro/libnds/lib\libnds9.a(fifosystem.o)
                0x02011a24                fifoSendDatamsg
 .text.fifoGetValue32
                0x02011ab4       0x70 C:/devkitPro/libnds/lib\libnds9.a(fifosystem.o)
                0x02011ab4                fifoGetValue32
 .text.fifoGetDatamsg
                0x02011b24       0xf4 C:/devkitPro/libnds/lib\libnds9.a(fifosystem.o)
                0x02011b24                fifoGetDatamsg
 .text.fifoInternalRecvInterrupt
                0x02011c18      0x37c C:/devkitPro/libnds/lib\libnds9.a(fifosystem.o)
 .text.fifoSetDatamsgHandler
                0x02011f94       0x9c C:/devkitPro/libnds/lib\libnds9.a(fifosystem.o)
                0x02011f94                fifoSetDatamsgHandler
 .text.fifoCheckValue32
                0x02012030       0x24 C:/devkitPro/libnds/lib\libnds9.a(fifosystem.o)
                0x02012030                fifoCheckValue32
 .text.fifoInit
                0x02012054      0x108 C:/devkitPro/libnds/lib\libnds9.a(fifosystem.o)
                0x02012054                fifoInit
 .text.DC_FlushRange
                0x0201215c       0x24 C:/devkitPro/libnds/lib\libnds9.a(dcache.o)
                0x0201215c                DC_FlushRange
 .text.DC_InvalidateRange
                0x02012180       0x2c C:/devkitPro/libnds/lib\libnds9.a(dcache.o)
                0x02012180                DC_InvalidateRange
 .text.__libnds_mpu_setup
                0x020121ac      0x174 C:/devkitPro/libnds/lib\libnds9.a(mpu_setup.o)
                0x020121ac                __libnds_mpu_setup
 .text.memUncached
                0x02012320       0x20 C:/devkitPro/libnds/lib\libnds9.a(mpu_setup.o)
                0x02012320                memUncached
 .text.swiWaitForVBlank
                0x02012340        0x8 C:/devkitPro/libnds/lib\libnds9.a(IntrWait.o)
                0x02012340                swiWaitForVBlank
 .text.swiIntrWait
                0x02012348       0x70 C:/devkitPro/libnds/lib\libnds9.a(IntrWait.o)
                0x02012348                swiIntrWait
 .text.setCpuClock
                0x020123b8       0x50 C:/devkitPro/libnds/lib\libnds9.a(cpu_clock.o)
                0x020123b8                setCpuClock
 .text.swiDelay
                0x02012408        0x4 C:/devkitPro/libnds/lib\libnds9.a(biosCalls.o)
                0x02012408                swiDelay
 .text.swiSoftReset
                0x0201240c       0x2c C:/devkitPro/libnds/lib\libnds9.a(swiSoftReset.o)
                0x0201240c                swiSoftReset
 .text.checkIfText
                0x02012438       0x5c C:/devkitPro/libnds/lib\libnds9.a(background.o)
                0x02012438                checkIfText
 .text.bgUpdate
                0x02012494       0xf4 C:/devkitPro/libnds/lib\libnds9.a(background.o)
                0x02012494                bgUpdate
 .text.bgInit_call
                0x02012588       0xc4 C:/devkitPro/libnds/lib\libnds9.a(background.o)
                0x02012588                bgInit_call
 .text.bgInitSub_call
                0x0201264c       0xcc C:/devkitPro/libnds/lib\libnds9.a(background.o)
                0x0201264c                bgInitSub_call
 .text.DynamicArrayInit
                0x02012718       0x18 C:/devkitPro/libnds/lib\libnds9.a(dynamicArray.o)
                0x02012718                DynamicArrayInit
 .text.DynamicArraySet
                0x02012730       0x48 C:/devkitPro/libnds/lib\libnds9.a(dynamicArray.o)
                0x02012730                DynamicArraySet
 .text.oamAllocReset
                0x02012778       0x1c C:/devkitPro/libnds/lib\libnds9.a(sprite_alloc.o)
                0x02012778                oamAllocReset
 .text.systemValueHandler
                0x02012794       0x48 C:/devkitPro/libnds/lib\libnds9.a(system.o)
                0x02012794                systemValueHandler
 .text.systemMsgHandler
                0x020127dc       0x60 C:/devkitPro/libnds/lib\libnds9.a(system.o)
                0x020127dc                systemMsgHandler
 .text.powerOn  0x0201283c       0x2c C:/devkitPro/libnds/lib\libnds9.a(system.o)
                0x0201283c                powerOn
 .text.__muldi3
                0x02012868       0x18 C:/devkitPro/devkitARM/bin/../lib/gcc/arm-none-eabi/13.1.0\libgcc.a(_muldi3.o)
                0x02012868                __muldi3
                0x02012868                __aeabi_lmul
 .text.__udivmoddi4
                0x02012880      0x128 C:/devkitPro/devkitARM/bin/../lib/gcc/arm-none-eabi/13.1.0\libgcc.a(_udivmoddi4.o)
                0x02012880                __udivmoddi4
 .text.towlower
                0x020129a8       0x14 C:/devkitPro/devkitARM/bin/../lib/gcc/arm-none-eabi/13.1.0/../../../../arm-none-eabi/lib\libg.a(libc_a-towlower.o)
                0x020129a8                towlower
 .text._mbrtowc_r
                0x020129bc       0xc0 C:/devkitPro/devkitARM/bin/../lib/gcc/arm-none-eabi/13.1.0/../../../../arm-none-eabi/lib\libg.a(libc_a-mbrtowc.o)
                0x020129bc                _mbrtowc_r
 .text.mbrtowc  0x02012a7c       0xc4 C:/devkitPro/devkitARM/bin/../lib/gcc/arm-none-eabi/13.1.0/../../../../arm-none-eabi/lib\libg.a(libc_a-mbrtowc.o)
                0x02012a7c                mbrtowc
 .text._wcrtomb_r
                0x02012b40       0xac C:/devkitPro/devkitARM/bin/../lib/gcc/arm-none-eabi/13.1.0/../../../../arm-none-eabi/lib\libg.a(libc_a-wcrtomb.o)
                0x02012b40                _wcrtomb_r
 .text.wcrtomb  0x02012bec       0xb4 C:/devkitPro/devkitARM/bin/../lib/gcc/arm-none-eabi/13.1.0/../../../../arm-none-eabi/lib\libg.a(libc_a-wcrtomb.o)
                0x02012bec                wcrtomb
 .text.towupper
                0x02012ca0       0x14 C:/devkitPro/devkitARM/bin/../lib/gcc/arm-none-eabi/13.1.0/../../../../arm-none-eabi/lib\libg.a(libc_a-towupper.o)
                0x02012ca0                towupper
 .text.printf   0x02012cb4       0x34 C:/devkitPro/devkitARM/bin/../lib/gcc/arm-none-eabi/13.1.0/../../../../arm-none-eabi/lib\libg.a(libc_a-printf.o)
                0x02012cb4                printf
 .text.mbsrtowcs
                0x02012ce8       0x3c C:/devkitPro/devkitARM/bin/../lib/gcc/arm-none-eabi/13.1.0/../../../../arm-none-eabi/lib\libg.a(libc_a-mbsrtowcs.o)
                0x02012ce8                mbsrtowcs
 .text.wctob    0x02012d24       0x88 C:/devkitPro/devkitARM/bin/../lib/gcc/arm-none-eabi/13.1.0/../../../../arm-none-eabi/lib\libg.a(libc_a-wctob.o)
                0x02012d24                wctob
 .text.rewind   0x02012dac       0x30 C:/devkitPro/devkitARM/bin/../lib/gcc/arm-none-eabi/13.1.0/../../../../arm-none-eabi/lib\libg.a(libc_a-rewind.o)
                0x02012dac                rewind
 .text.towctrans
                0x02012ddc       0x48 C:/devkitPro/devkitARM/bin/../lib/gcc/arm-none-eabi/13.1.0/../../../../arm-none-eabi/lib\libg.a(libc_a-towctrans.o)
                0x02012ddc                towctrans
 .text.snprintf
                0x02012e24       0xcc C:/devkitPro/devkitARM/bin/../lib/gcc/arm-none-eabi/13.1.0/../../../../arm-none-eabi/lib\libg.a(libc_a-snprintf.o)
                0x02012e24                snprintf
 .text.siscanf  0x02012ef0       0x74 C:/devkitPro/devkitARM/bin/../lib/gcc/arm-none-eabi/13.1.0/../../../../arm-none-eabi/lib\libg.a(libc_a-siscanf.o)
                0x02012ef0                siscanf
 .text.calloc   0x02012f64       0x24 C:/devkitPro/devkitARM/bin/../lib/gcc/arm-none-eabi/13.1.0/../../../../arm-none-eabi/lib\libg.a(libc_a-calloc.o)
                0x02012f64                calloc
 .text._calloc_r
                0x02012f88       0xd0 C:/devkitPro/devkitARM/bin/../lib/gcc/arm-none-eabi/13.1.0/../../../../arm-none-eabi/lib\libg.a(libc_a-callocr.o)
                0x02012f88                _calloc_r
 .text.setvbuf  0x02013058      0x25c C:/devkitPro/devkitARM/bin/../lib/gcc/arm-none-eabi/13.1.0/../../../../arm-none-eabi/lib\libg.a(libc_a-setvbuf.o)
                0x02013058                setvbuf
 .text.get_arg  0x020132b4       0x54 C:/devkitPro/devkitARM/bin/../lib/gcc/arm-none-eabi/13.1.0/../../../../arm-none-eabi/lib\libg.a(libc_a-svfiscanf.o)
 .text._sungetc_r
                0x02013308       0xe4 C:/devkitPro/devkitARM/bin/../lib/gcc/arm-none-eabi/13.1.0/../../../../arm-none-eabi/lib\libg.a(libc_a-svfiscanf.o)
                0x02013308                _sungetc_r
 .text.__ssrefill_r
                0x020133ec       0x68 C:/devkitPro/devkitARM/bin/../lib/gcc/arm-none-eabi/13.1.0/../../../../arm-none-eabi/lib\libg.a(libc_a-svfiscanf.o)
                0x020133ec                __ssrefill_r
 .text._sfread_r
                0x02013454       0xc8 C:/devkitPro/devkitARM/bin/../lib/gcc/arm-none-eabi/13.1.0/../../../../arm-none-eabi/lib\libg.a(libc_a-svfiscanf.o)
                0x02013454                _sfread_r
 .text.__ssvfiscanf_r
                0x0201351c     0x22dc C:/devkitPro/devkitARM/bin/../lib/gcc/arm-none-eabi/13.1.0/../../../../arm-none-eabi/lib\libg.a(libc_a-svfiscanf.o)
                0x0201351c                __ssvfiscanf_r
 .text._malloc_trim_r
                0x020157f8      0x100 C:/devkitPro/devkitARM/bin/../lib/gcc/arm-none-eabi/13.1.0/../../../../arm-none-eabi/lib\libg.a(libc_a-freer.o)
                0x020157f8                _malloc_trim_r
 .text._free_r  0x020158f8      0x2e8 C:/devkitPro/devkitARM/bin/../lib/gcc/arm-none-eabi/13.1.0/../../../../arm-none-eabi/lib\libg.a(libc_a-freer.o)
                0x020158f8                _free_r
 .text.iprintf  0x02015be0       0x34 C:/devkitPro/devkitARM/bin/../lib/gcc/arm-none-eabi/13.1.0/../../../../arm-none-eabi/lib\libg.a(libc_a-iprintf.o)
                0x02015be0                iprintf
 .text.strchr   0x02015c14      0x13c C:/devkitPro/devkitARM/bin/../lib/gcc/arm-none-eabi/13.1.0/../../../../arm-none-eabi/lib\libg.a(libc_a-strchr.o)
                0x02015c14                strchr
 .text.memcmp   0x02015d50       0xe0 C:/devkitPro/devkitARM/bin/../lib/gcc/arm-none-eabi/13.1.0/../../../../arm-none-eabi/lib\libg.a(libc_a-memcmp.o)
                0x02015d50                memcmp
 .text._fclose_r
                0x02015e30      0x150 C:/devkitPro/devkitARM/bin/../lib/gcc/arm-none-eabi/13.1.0/../../../../arm-none-eabi/lib\libg.a(libc_a-fclose.o)
                0x02015e30                _fclose_r
 .text.fclose   0x02015f80       0x18 C:/devkitPro/devkitARM/bin/../lib/gcc/arm-none-eabi/13.1.0/../../../../arm-none-eabi/lib\libg.a(libc_a-fclose.o)
                0x02015f80                fclose
 .text.get_arg  0x02015f98      0x654 C:/devkitPro/devkitARM/bin/../lib/gcc/arm-none-eabi/13.1.0/../../../../arm-none-eabi/lib\libg.a(libc_a-svfprintf.o)
 .text._svfprintf_r
                0x020165ec     0x3518 C:/devkitPro/devkitARM/bin/../lib/gcc/arm-none-eabi/13.1.0/../../../../arm-none-eabi/lib\libg.a(libc_a-svfprintf.o)
                0x020165ec                _svfprintf_r
 .text.malloc   0x02019b04       0x1c C:/devkitPro/devkitARM/bin/../lib/gcc/arm-none-eabi/13.1.0/../../../../arm-none-eabi/lib\libg.a(libc_a-malloc.o)
                0x02019b04                malloc
 .text.free     0x02019b20       0x1c C:/devkitPro/devkitARM/bin/../lib/gcc/arm-none-eabi/13.1.0/../../../../arm-none-eabi/lib\libg.a(libc_a-malloc.o)
                0x02019b20                free
 .text._malloc_r
                0x02019b3c      0x7a4 C:/devkitPro/devkitARM/bin/../lib/gcc/arm-none-eabi/13.1.0/../../../../arm-none-eabi/lib\libg.a(libc_a-mallocr.o)
                0x02019b3c                _malloc_r
 .text.memmove  0x0201a2e0      0x154 C:/devkitPro/devkitARM/bin/../lib/gcc/arm-none-eabi/13.1.0/../../../../arm-none-eabi/lib\libg.a(libc_a-memmove.o)
                0x0201a2e0                memmove
 .text.memset   0x0201a434       0xfc C:/devkitPro/devkitARM/bin/../lib/gcc/arm-none-eabi/13.1.0/../../../../arm-none-eabi/lib\libg.a(libc_a-memset.o)
                0x0201a434                memset
 .text.__malloc_lock
                0x0201a530       0x18 C:/devkitPro/devkitARM/bin/../lib/gcc/arm-none-eabi/13.1.0/../../../../arm-none-eabi/lib\libg.a(libc_a-mlock.o)
                0x0201a530                __malloc_lock
 .text.__malloc_unlock
                0x0201a548       0x18 C:/devkitPro/devkitARM/bin/../lib/gcc/arm-none-eabi/13.1.0/../../../../arm-none-eabi/lib\libg.a(libc_a-mlock.o)
                0x0201a548                __malloc_unlock
 .text.get_arg  0x0201a560      0x654 C:/devkitPro/devkitARM/bin/../lib/gcc/arm-none-eabi/13.1.0/../../../../arm-none-eabi/lib\libg.a(libc_a-vfprintf.o)
 .text._vfprintf_r
                0x0201abb4     0x35f8 C:/devkitPro/devkitARM/bin/../lib/gcc/arm-none-eabi/13.1.0/../../../../arm-none-eabi/lib\libg.a(libc_a-vfprintf.o)
                0x0201abb4                _vfprintf_r
 .text.__sbprintf
                0x0201e1ac       0xbc C:/devkitPro/devkitARM/bin/../lib/gcc/arm-none-eabi/13.1.0/../../../../arm-none-eabi/lib\libg.a(libc_a-vfprintf.o)
 .text.strlen   0x0201e268       0x94 C:/devkitPro/devkitARM/bin/../lib/gcc/arm-none-eabi/13.1.0/../../../../arm-none-eabi/lib\libg.a(libc_a-strlen.o)
                0x0201e268                strlen
 .text._fopen_r
                0x0201e2fc      0x138 C:/devkitPro/devkitARM/bin/../lib/gcc/arm-none-eabi/13.1.0/../../../../arm-none-eabi/lib\libg.a(libc_a-fopen.o)
                0x0201e2fc                _fopen_r
 .text.fopen    0x0201e434       0x20 C:/devkitPro/devkitARM/bin/../lib/gcc/arm-none-eabi/13.1.0/../../../../arm-none-eabi/lib\libg.a(libc_a-fopen.o)
                0x0201e434                fopen
 .text.__sflush_r
                0x0201e454      0x248 C:/devkitPro/devkitARM/bin/../lib/gcc/arm-none-eabi/13.1.0/../../../../arm-none-eabi/lib\libg.a(libc_a-fflush.o)
                0x0201e454                __sflush_r
 .text._fflush_r
                0x0201e69c       0x9c C:/devkitPro/devkitARM/bin/../lib/gcc/arm-none-eabi/13.1.0/../../../../arm-none-eabi/lib\libg.a(libc_a-fflush.o)
                0x0201e69c                _fflush_r
 .text.strpbrk  0x0201e738       0x7c C:/devkitPro/devkitARM/bin/../lib/gcc/arm-none-eabi/13.1.0/../../../../arm-none-eabi/lib\libg.a(libc_a-strpbrk.o)
                0x0201e738                strpbrk
 .text.strdup   0x0201e7b4       0x1c C:/devkitPro/devkitARM/bin/../lib/gcc/arm-none-eabi/13.1.0/../../../../arm-none-eabi/lib\libg.a(libc_a-strdup.o)
                0x0201e7b4                strdup
 .text.strcasecmp
                0x0201e7d0       0x70 C:/devkitPro/devkitARM/bin/../lib/gcc/arm-none-eabi/13.1.0/../../../../arm-none-eabi/lib\libg.a(libc_a-strcasecmp.o)
                0x0201e7d0                strcasecmp
 .text.strrchr  0x0201e840       0x58 C:/devkitPro/devkitARM/bin/../lib/gcc/arm-none-eabi/13.1.0/../../../../arm-none-eabi/lib\libg.a(libc_a-strrchr.o)
                0x0201e840                strrchr
 .text.strncasecmp
                0x0201e898       0x8c C:/devkitPro/devkitARM/bin/../lib/gcc/arm-none-eabi/13.1.0/../../../../arm-none-eabi/lib\libg.a(libc_a-strncasecmp.o)
                0x0201e898                strncasecmp
 .text._strdup_r
                0x0201e924       0x44 C:/devkitPro/devkitARM/bin/../lib/gcc/arm-none-eabi/13.1.0/../../../../arm-none-eabi/lib\libg.a(libc_a-strdup_r.o)
                0x0201e924                _strdup_r
 .text.ftell    0x0201e968       0x30 C:/devkitPro/devkitARM/bin/../lib/gcc/arm-none-eabi/13.1.0/../../../../arm-none-eabi/lib\libg.a(libc_a-ftell.o)
                0x0201e968                ftell
 .text.strncmp  0x0201e998       0xec C:/devkitPro/devkitARM/bin/../lib/gcc/arm-none-eabi/13.1.0/../../../../arm-none-eabi/lib\libg.a(libc_a-strncmp.o)
                0x0201e998                strncmp
 .text._fwalk_sglue
                0x0201ea84       0x78 C:/devkitPro/devkitARM/bin/../lib/gcc/arm-none-eabi/13.1.0/../../../../arm-none-eabi/lib\libg.a(libc_a-fwalk.o)
                0x0201ea84                _fwalk_sglue
 .text._fread_r
                0x0201eafc      0x33c C:/devkitPro/devkitARM/bin/../lib/gcc/arm-none-eabi/13.1.0/../../../../arm-none-eabi/lib\libg.a(libc_a-fread.o)
                0x0201eafc                _fread_r
 .text.fread    0x0201ee38       0x3c C:/devkitPro/devkitARM/bin/../lib/gcc/arm-none-eabi/13.1.0/../../../../arm-none-eabi/lib\libg.a(libc_a-fread.o)
                0x0201ee38                fread
 .text.clock    0x0201ee74       0x34 C:/devkitPro/devkitARM/bin/../lib/gcc/arm-none-eabi/13.1.0/../../../../arm-none-eabi/lib\libg.a(libc_a-clock.o)
                0x0201ee74                clock
 .text.strncpy  0x0201eea8       0xd0 C:/devkitPro/devkitARM/bin/../lib/gcc/arm-none-eabi/13.1.0/../../../../arm-none-eabi/lib\libg.a(libc_a-strncpy.o)
                0x0201eea8                strncpy
 .text.stdio_exit_handler
                0x0201ef78       0x28 C:/devkitPro/devkitARM/bin/../lib/gcc/arm-none-eabi/13.1.0/../../../../arm-none-eabi/lib\libg.a(libc_a-findfp.o)
 .text.cleanup_stdio
                0x0201efa0       0x54 C:/devkitPro/devkitARM/bin/../lib/gcc/arm-none-eabi/13.1.0/../../../../arm-none-eabi/lib\libg.a(libc_a-findfp.o)
 .text.global_stdio_init.part.0
                0x0201eff4      0x158 C:/devkitPro/devkitARM/bin/../lib/gcc/arm-none-eabi/13.1.0/../../../../arm-none-eabi/lib\libg.a(libc_a-findfp.o)
 .text.__sfp    0x0201f14c      0x138 C:/devkitPro/devkitARM/bin/../lib/gcc/arm-none-eabi/13.1.0/../../../../arm-none-eabi/lib\libg.a(libc_a-findfp.o)
                0x0201f14c                __sfp
 .text.__sinit  0x0201f284       0x64 C:/devkitPro/devkitARM/bin/../lib/gcc/arm-none-eabi/13.1.0/../../../../arm-none-eabi/lib\libg.a(libc_a-findfp.o)
                0x0201f284                __sinit
 .text.__sfp_lock_acquire
                0x0201f2e8       0x18 C:/devkitPro/devkitARM/bin/../lib/gcc/arm-none-eabi/13.1.0/../../../../arm-none-eabi/lib\libg.a(libc_a-findfp.o)
                0x0201f2e8                __sfp_lock_acquire
 .text.__sfp_lock_release
                0x0201f300       0x18 C:/devkitPro/devkitARM/bin/../lib/gcc/arm-none-eabi/13.1.0/../../../../arm-none-eabi/lib\libg.a(libc_a-findfp.o)
                0x0201f300                __sfp_lock_release
 .text.srand    0x0201f318       0x20 C:/devkitPro/devkitARM/bin/../lib/gcc/arm-none-eabi/13.1.0/../../../../arm-none-eabi/lib\libg.a(libc_a-rand.o)
                0x0201f318                srand
 .text.localtime_r
                0x0201f338      0x374 C:/devkitPro/devkitARM/bin/../lib/gcc/arm-none-eabi/13.1.0/../../../../arm-none-eabi/lib\libg.a(libc_a-lcltime_r.o)
                0x0201f338                localtime_r
 .text.strnlen  0x0201f6ac       0x48 C:/devkitPro/devkitARM/bin/../lib/gcc/arm-none-eabi/13.1.0/../../../../arm-none-eabi/lib\libg.a(libc_a-strnlen.o)
                0x0201f6ac                strnlen
 .text._tzset_unlocked
                0x0201f6f4       0x14 C:/devkitPro/devkitARM/bin/../lib/gcc/arm-none-eabi/13.1.0/../../../../arm-none-eabi/lib\libg.a(libc_a-tzset.o)
                0x0201f6f4                _tzset_unlocked
 .text.validate_structure
                0x0201f708      0x2e0 C:/devkitPro/devkitARM/bin/../lib/gcc/arm-none-eabi/13.1.0/../../../../arm-none-eabi/lib\libg.a(libc_a-mktime.o)
 .text.mktime   0x0201f9e8      0x4cc C:/devkitPro/devkitARM/bin/../lib/gcc/arm-none-eabi/13.1.0/../../../../arm-none-eabi/lib\libg.a(libc_a-mktime.o)
                0x0201f9e8                mktime
 .text.access   0x0201feb4       0x54 C:/devkitPro/devkitARM/bin/../lib/gcc/arm-none-eabi/13.1.0/../../../../arm-none-eabi/lib\libg.a(libc_a-access.o)
                0x0201feb4                access
 .text._fseek_r
                0x0201ff08       0x20 C:/devkitPro/devkitARM/bin/../lib/gcc/arm-none-eabi/13.1.0/../../../../arm-none-eabi/lib\libg.a(libc_a-fseek.o)
                0x0201ff08                _fseek_r
 .text.fseek    0x0201ff28       0x38 C:/devkitPro/devkitARM/bin/../lib/gcc/arm-none-eabi/13.1.0/../../../../arm-none-eabi/lib\libg.a(libc_a-fseek.o)
                0x0201ff28                fseek
 .text._tzset_unlocked_r
                0x0201ff60      0x688 C:/devkitPro/devkitARM/bin/../lib/gcc/arm-none-eabi/13.1.0/../../../../arm-none-eabi/lib\libg.a(libc_a-tzset_r.o)
                0x0201ff60                _tzset_unlocked_r
 .text._strtol_l.part.0
                0x020205e8      0x1b4 C:/devkitPro/devkitARM/bin/../lib/gcc/arm-none-eabi/13.1.0/../../../../arm-none-eabi/lib\libg.a(libc_a-strtol.o)
 .text._strtol_r
                0x0202079c       0x64 C:/devkitPro/devkitARM/bin/../lib/gcc/arm-none-eabi/13.1.0/../../../../arm-none-eabi/lib\libg.a(libc_a-strtol.o)
                0x0202079c                _strtol_r
 .text.realloc  0x02020800       0x24 C:/devkitPro/devkitARM/bin/../lib/gcc/arm-none-eabi/13.1.0/../../../../arm-none-eabi/lib\libg.a(libc_a-realloc.o)
                0x02020800                realloc
 .text.__gettzinfo
                0x02020824        0xc C:/devkitPro/devkitARM/bin/../lib/gcc/arm-none-eabi/13.1.0/../../../../arm-none-eabi/lib\libg.a(libc_a-gettzinfo.o)
                0x02020824                __gettzinfo
 .text._strtoul_l.isra.0
                0x02020830      0x1dc C:/devkitPro/devkitARM/bin/../lib/gcc/arm-none-eabi/13.1.0/../../../../arm-none-eabi/lib\libg.a(libc_a-strtoul.o)
 .text._strtoul_r
                0x02020a0c       0x30 C:/devkitPro/devkitARM/bin/../lib/gcc/arm-none-eabi/13.1.0/../../../../arm-none-eabi/lib\libg.a(libc_a-strtoul.o)
                0x02020a0c                _strtoul_r
 .text.strtoul  0x02020a3c       0x34 C:/devkitPro/devkitARM/bin/../lib/gcc/arm-none-eabi/13.1.0/../../../../arm-none-eabi/lib\libg.a(libc_a-strtoul.o)
                0x02020a3c                strtoul
 .text.__locale_mb_cur_max
                0x02020a70       0x28 C:/devkitPro/devkitARM/bin/../lib/gcc/arm-none-eabi/13.1.0/../../../../arm-none-eabi/lib\libg.a(libc_a-locale.o)
                0x02020a70                __locale_mb_cur_max
 .text.time     0x02020a98       0x50 C:/devkitPro/devkitARM/bin/../lib/gcc/arm-none-eabi/13.1.0/../../../../arm-none-eabi/lib\libg.a(libc_a-time.o)
                0x02020a98                time
 .text._localeconv_r
                0x02020ae8       0x28 C:/devkitPro/devkitARM/bin/../lib/gcc/arm-none-eabi/13.1.0/../../../../arm-none-eabi/lib\libg.a(libc_a-localeconv.o)
                0x02020ae8                _localeconv_r
 .text.__tzcalc_limits
                0x02020b10      0x254 C:/devkitPro/devkitARM/bin/../lib/gcc/arm-none-eabi/13.1.0/../../../../arm-none-eabi/lib\libg.a(libc_a-tzcalc_limits.o)
                0x02020b10                __tzcalc_limits
 .text.strcpy   0x02020d64       0xf0 C:/devkitPro/devkitARM/bin/../lib/gcc/arm-none-eabi/13.1.0/../../../../arm-none-eabi/lib\libg.a(libc_a-strcpy.o)
                0x02020d64                strcpy
 .text.memchr   0x02020e54       0xf0 C:/devkitPro/devkitARM/bin/../lib/gcc/arm-none-eabi/13.1.0/../../../../arm-none-eabi/lib\libg.a(libc_a-memchr-stub.o)
                0x02020e54                memchr
 .text.__utf8_wctomb
                0x02020f44       0xf4 C:/devkitPro/devkitARM/bin/../lib/gcc/arm-none-eabi/13.1.0/../../../../arm-none-eabi/lib\libg.a(libc_a-wctomb_r.o)
                0x02020f44                __utf8_wctomb
 .text.memcpy   0x02021038      0x114 C:/devkitPro/devkitARM/bin/../lib/gcc/arm-none-eabi/13.1.0/../../../../arm-none-eabi/lib\libg.a(libc_a-memcpy-stub.o)
                0x02021038                memcpy
 .text.stpcpy   0x0202114c       0x74 C:/devkitPro/devkitARM/bin/../lib/gcc/arm-none-eabi/13.1.0/../../../../arm-none-eabi/lib\libg.a(libc_a-stpcpy.o)
                0x0202114c                stpcpy
 .text.__libc_init_array
                0x020211c0       0x90 C:/devkitPro/devkitARM/bin/../lib/gcc/arm-none-eabi/13.1.0/../../../../arm-none-eabi/lib\libg.a(libc_a-init.o)
                0x020211c0                __libc_init_array
 .text.__errno  0x02021250       0x10 C:/devkitPro/devkitARM/bin/../lib/gcc/arm-none-eabi/13.1.0/../../../../arm-none-eabi/lib\libg.a(libc_a-errno.o)
                0x02021250                __errno
 .text.lseek    0x02021260       0x3c C:/devkitPro/devkitARM/bin/../lib/gcc/arm-none-eabi/13.1.0/../../../../arm-none-eabi/lib\libg.a(libc_a-syslseek.o)
                0x02021260                lseek
 .text.open     0x0202129c       0x40 C:/devkitPro/devkitARM/bin/../lib/gcc/arm-none-eabi/13.1.0/../../../../arm-none-eabi/lib\libg.a(libc_a-sysopen.o)
                0x0202129c                open
 .text.read     0x020212dc       0x2c C:/devkitPro/devkitARM/bin/../lib/gcc/arm-none-eabi/13.1.0/../../../../arm-none-eabi/lib\libg.a(libc_a-sysread.o)
                0x020212dc                read
 .text.stat     0x02021308       0x24 C:/devkitPro/devkitARM/bin/../lib/gcc/arm-none-eabi/13.1.0/../../../../arm-none-eabi/lib\libg.a(libc_a-sysstat.o)
                0x02021308                stat
 .text.frexp    0x0202132c       0xa4 C:/devkitPro/devkitARM/bin/../lib/gcc/arm-none-eabi/13.1.0/../../../../arm-none-eabi/lib\libg.a(libm_a-s_frexp.o)
                0x0202132c                frexp
 .text._strtoll_l.isra.0
                0x020213d0      0x23c C:/devkitPro/devkitARM/bin/../lib/gcc/arm-none-eabi/13.1.0/../../../../arm-none-eabi/lib\libg.a(libc_a-strtoll.o)
 .text._strtoll_r
                0x0202160c       0x30 C:/devkitPro/devkitARM/bin/../lib/gcc/arm-none-eabi/13.1.0/../../../../arm-none-eabi/lib\libg.a(libc_a-strtoll.o)
                0x0202160c                _strtoll_r
 .text._strtoull_l.isra.0
                0x0202163c      0x260 C:/devkitPro/devkitARM/bin/../lib/gcc/arm-none-eabi/13.1.0/../../../../arm-none-eabi/lib\libg.a(libc_a-strtoull.o)
 .text._strtoull_r
                0x0202189c       0x30 C:/devkitPro/devkitARM/bin/../lib/gcc/arm-none-eabi/13.1.0/../../../../arm-none-eabi/lib\libg.a(libc_a-strtoull.o)
                0x0202189c                _strtoull_r
 .text.towctrans_l
                0x020218cc      0x244 C:/devkitPro/devkitARM/bin/../lib/gcc/arm-none-eabi/13.1.0/../../../../arm-none-eabi/lib\libg.a(libc_a-towctrans_l.o)
                0x020218cc                towctrans_l
 .text.iswspace
                0x02021b10       0x14 C:/devkitPro/devkitARM/bin/../lib/gcc/arm-none-eabi/13.1.0/../../../../arm-none-eabi/lib\libg.a(libc_a-iswspace.o)
                0x02021b10                iswspace
 .text.__smakebuf_r
                0x02021b24      0x138 C:/devkitPro/devkitARM/bin/../lib/gcc/arm-none-eabi/13.1.0/../../../../arm-none-eabi/lib\libg.a(libc_a-makebuf.o)
                0x02021b24                __smakebuf_r
 .text.__swhatbuf_r
                0x02021c5c       0x80 C:/devkitPro/devkitARM/bin/../lib/gcc/arm-none-eabi/13.1.0/../../../../arm-none-eabi/lib\libg.a(libc_a-makebuf.o)
                0x02021c5c                __swhatbuf_r
 .text.iswspace_l
                0x02021cdc       0x40 C:/devkitPro/devkitARM/bin/../lib/gcc/arm-none-eabi/13.1.0/../../../../arm-none-eabi/lib\libg.a(libc_a-iswspace_l.o)
                0x02021cdc                iswspace_l
 .text._mbsnrtowcs_r
                0x02021d1c      0x104 C:/devkitPro/devkitARM/bin/../lib/gcc/arm-none-eabi/13.1.0/../../../../arm-none-eabi/lib\libg.a(libc_a-mbsnrtowcs.o)
                0x02021d1c                _mbsnrtowcs_r
 .text._wcsrtombs_r
                0x02021e20       0x2c C:/devkitPro/devkitARM/bin/../lib/gcc/arm-none-eabi/13.1.0/../../../../arm-none-eabi/lib\libg.a(libc_a-wcsrtombs.o)
                0x02021e20                _wcsrtombs_r
 .text.__sccl   0x02021e4c       0xe4 C:/devkitPro/devkitARM/bin/../lib/gcc/arm-none-eabi/13.1.0/../../../../arm-none-eabi/lib\libg.a(libc_a-sccl.o)
                0x02021e4c                __sccl
 .text.lflush   0x02021f30       0x3c C:/devkitPro/devkitARM/bin/../lib/gcc/arm-none-eabi/13.1.0/../../../../arm-none-eabi/lib\libg.a(libc_a-refill.o)
 .text.__srefill_r
                0x02021f6c      0x19c C:/devkitPro/devkitARM/bin/../lib/gcc/arm-none-eabi/13.1.0/../../../../arm-none-eabi/lib\libg.a(libc_a-refill.o)
                0x02021f6c                __srefill_r
 .text.__submore
                0x02022108       0xa8 C:/devkitPro/devkitARM/bin/../lib/gcc/arm-none-eabi/13.1.0/../../../../arm-none-eabi/lib\libg.a(libc_a-ungetc.o)
                0x02022108                __submore
 .text.__sread  0x020221b0       0x4c C:/devkitPro/devkitARM/bin/../lib/gcc/arm-none-eabi/13.1.0/../../../../arm-none-eabi/lib\libg.a(libc_a-stdio.o)
                0x020221b0                __sread
 .text.__seofread
                0x020221fc        0x8 C:/devkitPro/devkitARM/bin/../lib/gcc/arm-none-eabi/13.1.0/../../../../arm-none-eabi/lib\libg.a(libc_a-stdio.o)
                0x020221fc                __seofread
 .text.__swrite
                0x02022204       0x6c C:/devkitPro/devkitARM/bin/../lib/gcc/arm-none-eabi/13.1.0/../../../../arm-none-eabi/lib\libg.a(libc_a-stdio.o)
                0x02022204                __swrite
 .text.__sseek  0x02022270       0x48 C:/devkitPro/devkitARM/bin/../lib/gcc/arm-none-eabi/13.1.0/../../../../arm-none-eabi/lib\libg.a(libc_a-stdio.o)
                0x02022270                __sseek
 .text.__sclose
                0x020222b8       0x14 C:/devkitPro/devkitARM/bin/../lib/gcc/arm-none-eabi/13.1.0/../../../../arm-none-eabi/lib\libg.a(libc_a-stdio.o)
                0x020222b8                __sclose
 .text.category
                0x020222cc       0x98 C:/devkitPro/devkitARM/bin/../lib/gcc/arm-none-eabi/13.1.0/../../../../arm-none-eabi/lib\libg.a(libc_a-categories.o)
                0x020222cc                category
 .text.get_arg  0x02022364      0x654 C:/devkitPro/devkitARM/bin/../lib/gcc/arm-none-eabi/13.1.0/../../../../arm-none-eabi/lib\libg.a(libc_a-vfiprintf.o)
 .text.__sprint_r
                0x020229b8       0x34 C:/devkitPro/devkitARM/bin/../lib/gcc/arm-none-eabi/13.1.0/../../../../arm-none-eabi/lib\libg.a(libc_a-vfiprintf.o)
                0x020229b8                __sprint_r
 .text._vfiprintf_r
                0x020229ec     0x2334 C:/devkitPro/devkitARM/bin/../lib/gcc/arm-none-eabi/13.1.0/../../../../arm-none-eabi/lib\libg.a(libc_a-vfiprintf.o)
                0x020229ec                _vfiprintf_r
 .text.__sbprintf
                0x02024d20       0xbc C:/devkitPro/devkitARM/bin/../lib/gcc/arm-none-eabi/13.1.0/../../../../arm-none-eabi/lib\libg.a(libc_a-vfiprintf.o)
 .text.__ssprint_r
                0x02024ddc      0x190 C:/devkitPro/devkitARM/bin/../lib/gcc/arm-none-eabi/13.1.0/../../../../arm-none-eabi/lib\libg.a(libc_a-svfiprintf.o)
                0x02024ddc                __ssprint_r
 .text.div      0x02024f6c       0x2c C:/devkitPro/devkitARM/bin/../lib/gcc/arm-none-eabi/13.1.0/../../../../arm-none-eabi/lib\libg.a(libc_a-div.o)
                0x02024f6c                div
 .text.__swsetup_r
                0x02024f98      0x144 C:/devkitPro/devkitARM/bin/../lib/gcc/arm-none-eabi/13.1.0/../../../../arm-none-eabi/lib\libg.a(libc_a-wsetup.o)
                0x02024f98                __swsetup_r
 .text.quorem   0x020250dc      0x1d8 C:/devkitPro/devkitARM/bin/../lib/gcc/arm-none-eabi/13.1.0/../../../../arm-none-eabi/lib\libg.a(libc_a-dtoa.o)
 *fill*         0x020252b4        0x4 ff
 .text._dtoa_r  0x020252b8     0x16cc C:/devkitPro/devkitARM/bin/../lib/gcc/arm-none-eabi/13.1.0/../../../../arm-none-eabi/lib\libg.a(libc_a-dtoa.o)
                0x020252b8                _dtoa_r
 .text._fseeko_r
                0x02026984      0x5a4 C:/devkitPro/devkitARM/bin/../lib/gcc/arm-none-eabi/13.1.0/../../../../arm-none-eabi/lib\libg.a(libc_a-fseeko.o)
                0x02026984                _fseeko_r
 .text._findenv_r
                0x02026f28       0xd0 C:/devkitPro/devkitARM/bin/../lib/gcc/arm-none-eabi/13.1.0/../../../../arm-none-eabi/lib\libg.a(libc_a-getenv_r.o)
                0x02026f28                _findenv_r
 .text._getenv_r
                0x02026ff8       0x1c C:/devkitPro/devkitARM/bin/../lib/gcc/arm-none-eabi/13.1.0/../../../../arm-none-eabi/lib\libg.a(libc_a-getenv_r.o)
                0x02026ff8                _getenv_r
 .text._ftello_r
                0x02027014      0x1c0 C:/devkitPro/devkitARM/bin/../lib/gcc/arm-none-eabi/13.1.0/../../../../arm-none-eabi/lib\libg.a(libc_a-ftello.o)
                0x02027014                _ftello_r
 .text.__sflags
                0x020271d4       0xbc C:/devkitPro/devkitARM/bin/../lib/gcc/arm-none-eabi/13.1.0/../../../../arm-none-eabi/lib\libg.a(libc_a-flags.o)
                0x020271d4                __sflags
 .text._Balloc  0x02027290       0x8c C:/devkitPro/devkitARM/bin/../lib/gcc/arm-none-eabi/13.1.0/../../../../arm-none-eabi/lib\libg.a(libc_a-mprec.o)
                0x02027290                _Balloc
 .text._Bfree   0x0202731c       0x1c C:/devkitPro/devkitARM/bin/../lib/gcc/arm-none-eabi/13.1.0/../../../../arm-none-eabi/lib\libg.a(libc_a-mprec.o)
                0x0202731c                _Bfree
 .text.__multadd
                0x02027338      0x100 C:/devkitPro/devkitARM/bin/../lib/gcc/arm-none-eabi/13.1.0/../../../../arm-none-eabi/lib\libg.a(libc_a-mprec.o)
                0x02027338                __multadd
 .text.__hi0bits
                0x02027438       0x60 C:/devkitPro/devkitARM/bin/../lib/gcc/arm-none-eabi/13.1.0/../../../../arm-none-eabi/lib\libg.a(libc_a-mprec.o)
                0x02027438                __hi0bits
 .text.__lo0bits
                0x02027498       0xa0 C:/devkitPro/devkitARM/bin/../lib/gcc/arm-none-eabi/13.1.0/../../../../arm-none-eabi/lib\libg.a(libc_a-mprec.o)
                0x02027498                __lo0bits
 .text.__i2b    0x02027538       0xac C:/devkitPro/devkitARM/bin/../lib/gcc/arm-none-eabi/13.1.0/../../../../arm-none-eabi/lib\libg.a(libc_a-mprec.o)
                0x02027538                __i2b
 .text.__multiply
                0x020275e4      0x218 C:/devkitPro/devkitARM/bin/../lib/gcc/arm-none-eabi/13.1.0/../../../../arm-none-eabi/lib\libg.a(libc_a-mprec.o)
                0x020275e4                __multiply
 .text.__pow5mult
                0x020277fc      0x12c C:/devkitPro/devkitARM/bin/../lib/gcc/arm-none-eabi/13.1.0/../../../../arm-none-eabi/lib\libg.a(libc_a-mprec.o)
                0x020277fc                __pow5mult
 .text.__lshift
                0x02027928      0x144 C:/devkitPro/devkitARM/bin/../lib/gcc/arm-none-eabi/13.1.0/../../../../arm-none-eabi/lib\libg.a(libc_a-mprec.o)
                0x02027928                __lshift
 .text.__mcmp   0x02027a6c       0x54 C:/devkitPro/devkitARM/bin/../lib/gcc/arm-none-eabi/13.1.0/../../../../arm-none-eabi/lib\libg.a(libc_a-mprec.o)
                0x02027a6c                __mcmp
 .text.__mdiff  0x02027ac0      0x214 C:/devkitPro/devkitARM/bin/../lib/gcc/arm-none-eabi/13.1.0/../../../../arm-none-eabi/lib\libg.a(libc_a-mprec.o)
                0x02027ac0                __mdiff
 .text.__d2b    0x02027cd4      0x128 C:/devkitPro/devkitARM/bin/../lib/gcc/arm-none-eabi/13.1.0/../../../../arm-none-eabi/lib\libg.a(libc_a-mprec.o)
                0x02027cd4                __d2b
 .text.__sfvwrite_r
                0x02027dfc      0x4c8 C:/devkitPro/devkitARM/bin/../lib/gcc/arm-none-eabi/13.1.0/../../../../arm-none-eabi/lib\libg.a(libc_a-fvwrite.o)
                0x02027dfc                __sfvwrite_r
 .text.gmtime_r
                0x020282c4      0x26c C:/devkitPro/devkitARM/bin/../lib/gcc/arm-none-eabi/13.1.0/../../../../arm-none-eabi/lib\libg.a(libc_a-gmtime_r.o)
                0x020282c4                gmtime_r
 .text._realloc_r
                0x02028530      0x4b8 C:/devkitPro/devkitARM/bin/../lib/gcc/arm-none-eabi/13.1.0/../../../../arm-none-eabi/lib\libg.a(libc_a-reallocr.o)
                0x02028530                _realloc_r
 .text.__tz_lock
                0x020289e8       0x18 C:/devkitPro/devkitARM/bin/../lib/gcc/arm-none-eabi/13.1.0/../../../../arm-none-eabi/lib\libg.a(libc_a-tzlock.o)
                0x020289e8                __tz_lock
 .text.__tz_unlock
                0x02028a00       0x18 C:/devkitPro/devkitARM/bin/../lib/gcc/arm-none-eabi/13.1.0/../../../../arm-none-eabi/lib\libg.a(libc_a-tzlock.o)
                0x02028a00                __tz_unlock
 .text.__utf8_mbtowc
                0x02028a18      0x308 C:/devkitPro/devkitARM/bin/../lib/gcc/arm-none-eabi/13.1.0/../../../../arm-none-eabi/lib\libg.a(libc_a-mbtowc_r.o)
                0x02028a18                __utf8_mbtowc
 .text._wcsnrtombs_l
                0x02028d20      0x198 C:/devkitPro/devkitARM/bin/../lib/gcc/arm-none-eabi/13.1.0/../../../../arm-none-eabi/lib\libg.a(libc_a-wcsnrtombs.o)
                0x02028d20                _wcsnrtombs_l
 .text._wcsnrtombs_r
                0x02028eb8       0x68 C:/devkitPro/devkitARM/bin/../lib/gcc/arm-none-eabi/13.1.0/../../../../arm-none-eabi/lib\libg.a(libc_a-wcsnrtombs.o)
                0x02028eb8                _wcsnrtombs_r
 .text.__env_lock
                0x02028f20       0x18 C:/devkitPro/devkitARM/bin/../lib/gcc/arm-none-eabi/13.1.0/../../../../arm-none-eabi/lib\libg.a(libc_a-envlock.o)
                0x02028f20                __env_lock
 .text.__env_unlock
                0x02028f38       0x18 C:/devkitPro/devkitARM/bin/../lib/gcc/arm-none-eabi/13.1.0/../../../../arm-none-eabi/lib\libg.a(libc_a-envlock.o)
                0x02028f38                __env_unlock
 .text.__assert_func
                0x02028f50       0x5c C:/devkitPro/devkitARM/bin/../lib/gcc/arm-none-eabi/13.1.0/../../../../arm-none-eabi/lib\libg.a(libc_a-assert.o)
                0x02028f50                __assert_func
 .text.fiprintf
                0x02028fac       0x3c C:/devkitPro/devkitARM/bin/../lib/gcc/arm-none-eabi/13.1.0/../../../../arm-none-eabi/lib\libg.a(libc_a-fiprintf.o)
                0x02028fac                fiprintf
 .text.abort    0x02028fe8       0x14 C:/devkitPro/devkitARM/bin/../lib/gcc/arm-none-eabi/13.1.0/../../../../arm-none-eabi/lib\libg.a(libc_a-abort.o)
                0x02028fe8                abort
 .text._raise_r
                0x02028ffc       0x94 C:/devkitPro/devkitARM/bin/../lib/gcc/arm-none-eabi/13.1.0/../../../../arm-none-eabi/lib\libg.a(libc_a-signal.o)
                0x02028ffc                _raise_r
 .text.raise    0x02029090       0x18 C:/devkitPro/devkitARM/bin/../lib/gcc/arm-none-eabi/13.1.0/../../../../arm-none-eabi/lib\libg.a(libc_a-signal.o)
                0x02029090                raise
 .text._exit    0x020290a8       0x20 C:/devkitPro/devkitARM/bin/../lib/gcc/arm-none-eabi/13.1.0/../../../../arm-none-eabi/lib\libsysbase.a(libsysbase_libsysbase_a-_exit.o)
                0x020290a8                _exit
 .text.build_argv
                0x020290c8       0x90 C:/devkitPro/devkitARM/bin/../lib/gcc/arm-none-eabi/13.1.0/../../../../arm-none-eabi/lib\libsysbase.a(libsysbase_libsysbase_a-build_argv.o)
                0x020290c8                build_argv
 .text.chdir    0x02029158      0x144 C:/devkitPro/devkitARM/bin/../lib/gcc/arm-none-eabi/13.1.0/../../../../arm-none-eabi/lib\libsysbase.a(libsysbase_libsysbase_a-chdir.o)
                0x02029158                chdir
 .text.getcwd   0x0202929c       0x8c C:/devkitPro/devkitARM/bin/../lib/gcc/arm-none-eabi/13.1.0/../../../../arm-none-eabi/lib\libsysbase.a(libsysbase_libsysbase_a-chdir.o)
                0x0202929c                getcwd
 .text._concatenate_path
                0x02029328      0x1d4 C:/devkitPro/devkitARM/bin/../lib/gcc/arm-none-eabi/13.1.0/../../../../arm-none-eabi/lib\libsysbase.a(libsysbase_libsysbase_a-concatenate.o)
                0x02029328                _concatenate_path
 .text._fstat_r
                0x020294fc       0x7c C:/devkitPro/devkitARM/bin/../lib/gcc/arm-none-eabi/13.1.0/../../../../arm-none-eabi/lib\libsysbase.a(libsysbase_libsysbase_a-fstat.o)
                0x020294fc                _fstat_r
 .text._getpid_r
                0x02029578       0x14 C:/devkitPro/devkitARM/bin/../lib/gcc/arm-none-eabi/13.1.0/../../../../arm-none-eabi/lib\libsysbase.a(libsysbase_libsysbase_a-getpid.o)
                0x02029578                _getpid_r
 .text.__getreent
                0x0202958c       0x30 C:/devkitPro/devkitARM/bin/../lib/gcc/arm-none-eabi/13.1.0/../../../../arm-none-eabi/lib\libsysbase.a(libsysbase_libsysbase_a-getreent.o)
                0x0202958c                __getreent
 .text._gettimeofday_r
                0x020295bc       0x34 C:/devkitPro/devkitARM/bin/../lib/gcc/arm-none-eabi/13.1.0/../../../../arm-none-eabi/lib\libsysbase.a(libsysbase_libsysbase_a-gettod.o)
                0x020295bc                _gettimeofday_r
 .text.__release_handle
                0x020295f0       0x90 C:/devkitPro/devkitARM/bin/../lib/gcc/arm-none-eabi/13.1.0/../../../../arm-none-eabi/lib\libsysbase.a(libsysbase_libsysbase_a-handle_manager.o)
                0x020295f0                __release_handle
 .text.__alloc_handle
                0x02029680       0xb4 C:/devkitPro/devkitARM/bin/../lib/gcc/arm-none-eabi/13.1.0/../../../../arm-none-eabi/lib\libsysbase.a(libsysbase_libsysbase_a-handle_manager.o)
                0x02029680                __alloc_handle
 .text.__get_handle
                0x02029734       0x40 C:/devkitPro/devkitARM/bin/../lib/gcc/arm-none-eabi/13.1.0/../../../../arm-none-eabi/lib\libsysbase.a(libsysbase_libsysbase_a-handle_manager.o)
                0x02029734                __get_handle
 .text._close_r
                0x02029774       0xfc C:/devkitPro/devkitARM/bin/../lib/gcc/arm-none-eabi/13.1.0/../../../../arm-none-eabi/lib\libsysbase.a(libsysbase_libsysbase_a-handle_manager.o)
                0x02029774                _close_r
 .text.null_write
                0x02029870        0x8 C:/devkitPro/devkitARM/bin/../lib/gcc/arm-none-eabi/13.1.0/../../../../arm-none-eabi/lib\libsysbase.a(libsysbase_libsysbase_a-iosupport.o)
 .text.setDefaultDevice
                0x02029878       0x18 C:/devkitPro/devkitARM/bin/../lib/gcc/arm-none-eabi/13.1.0/../../../../arm-none-eabi/lib\libsysbase.a(libsysbase_libsysbase_a-iosupport.o)
                0x02029878                setDefaultDevice
 .text.FindDevice
                0x02029890       0xd4 C:/devkitPro/devkitARM/bin/../lib/gcc/arm-none-eabi/13.1.0/../../../../arm-none-eabi/lib\libsysbase.a(libsysbase_libsysbase_a-iosupport.o)
                0x02029890                FindDevice
 .text.AddDevice
                0x02029964       0xa4 C:/devkitPro/devkitARM/bin/../lib/gcc/arm-none-eabi/13.1.0/../../../../arm-none-eabi/lib\libsysbase.a(libsysbase_libsysbase_a-iosupport.o)
                0x02029964                AddDevice
 .text.GetDeviceOpTab
                0x02029a08       0x24 C:/devkitPro/devkitARM/bin/../lib/gcc/arm-none-eabi/13.1.0/../../../../arm-none-eabi/lib\libsysbase.a(libsysbase_libsysbase_a-iosupport.o)
                0x02029a08                GetDeviceOpTab
 .text._isatty_r
                0x02029a2c        0x8 C:/devkitPro/devkitARM/bin/../lib/gcc/arm-none-eabi/13.1.0/../../../../arm-none-eabi/lib\libsysbase.a(libsysbase_libsysbase_a-isatty.o)
                0x02029a2c                _isatty_r
 .text._kill_r  0x02029a34       0x14 C:/devkitPro/devkitARM/bin/../lib/gcc/arm-none-eabi/13.1.0/../../../../arm-none-eabi/lib\libsysbase.a(libsysbase_libsysbase_a-kill.o)
                0x02029a34                _kill_r
 .text._lseek_r
                0x02029a48       0x88 C:/devkitPro/devkitARM/bin/../lib/gcc/arm-none-eabi/13.1.0/../../../../arm-none-eabi/lib\libsysbase.a(libsysbase_libsysbase_a-lseek.o)
                0x02029a48                _lseek_r
 .text._open_r  0x02029ad0       0xc4 C:/devkitPro/devkitARM/bin/../lib/gcc/arm-none-eabi/13.1.0/../../../../arm-none-eabi/lib\libsysbase.a(libsysbase_libsysbase_a-open.o)
                0x02029ad0                _open_r
 .text._read_r  0x02029b94       0x84 C:/devkitPro/devkitARM/bin/../lib/gcc/arm-none-eabi/13.1.0/../../../../arm-none-eabi/lib\libsysbase.a(libsysbase_libsysbase_a-read.o)
                0x02029b94                _read_r
 .text._sbrk_r  0x02029c18       0x7c C:/devkitPro/devkitARM/bin/../lib/gcc/arm-none-eabi/13.1.0/../../../../arm-none-eabi/lib\libsysbase.a(libsysbase_libsysbase_a-sbrk.o)
                0x02029c18                _sbrk_r
 .text._stat_r  0x02029c94       0x74 C:/devkitPro/devkitARM/bin/../lib/gcc/arm-none-eabi/13.1.0/../../../../arm-none-eabi/lib\libsysbase.a(libsysbase_libsysbase_a-stat.o)
                0x02029c94                _stat_r
 .text.__libc_lock_acquire
                0x02029d08       0x20 C:/devkitPro/devkitARM/bin/../lib/gcc/arm-none-eabi/13.1.0/../../../../arm-none-eabi/lib\libsysbase.a(libsysbase_libsysbase_a-syscall_support.o)
                0x02029d08                __libc_lock_acquire
 .text.__libc_lock_release
                0x02029d28       0x20 C:/devkitPro/devkitARM/bin/../lib/gcc/arm-none-eabi/13.1.0/../../../../arm-none-eabi/lib\libsysbase.a(libsysbase_libsysbase_a-syscall_support.o)
                0x02029d28                __libc_lock_release
 .text.__libc_lock_acquire_recursive
                0x02029d48       0x20 C:/devkitPro/devkitARM/bin/../lib/gcc/arm-none-eabi/13.1.0/../../../../arm-none-eabi/lib\libsysbase.a(libsysbase_libsysbase_a-syscall_support.o)
                0x02029d48                __libc_lock_acquire_recursive
 .text.__libc_lock_release_recursive
                0x02029d68       0x20 C:/devkitPro/devkitARM/bin/../lib/gcc/arm-none-eabi/13.1.0/../../../../arm-none-eabi/lib\libsysbase.a(libsysbase_libsysbase_a-syscall_support.o)
                0x02029d68                __libc_lock_release_recursive
 .text._times_r
                0x02029d88       0x14 C:/devkitPro/devkitARM/bin/../lib/gcc/arm-none-eabi/13.1.0/../../../../arm-none-eabi/lib\libsysbase.a(libsysbase_libsysbase_a-times.o)
                0x02029d88                _times_r
 .text._write_r
                0x02029d9c       0x84 C:/devkitPro/devkitARM/bin/../lib/gcc/arm-none-eabi/13.1.0/../../../../arm-none-eabi/lib\libsysbase.a(libsysbase_libsysbase_a-write.o)
                0x02029d9c                _write_r
 .text._write_r.__stub
                0x02029e20      0x3ac linker stubs
 *(EXCLUDE_FILE(*.twl*) .gnu.warning)
 *(EXCLUDE_FILE(*.twl*) .gnu.linkonce.t*)
 *(.glue_7)
 .glue_7        0x0202a258        0x0 linker stubs
 *(.glue_7t)
 .glue_7t       0x0202a258        0x0 linker stubs
                0x0202a258                        . = ALIGN (0x4)

.vfp11_veneer   0x0202a258        0x0
 .vfp11_veneer  0x0202a258        0x0 linker stubs

.v4_bx          0x0202a258        0x0
 .v4_bx         0x0202a258        0x0 linker stubs

.iplt           0x0202a258        0x0
 .iplt          0x0202a258        0x0 C:/devkitPro/devkitARM/bin/../lib/gcc/arm-none-eabi/13.1.0/../../../../arm-none-eabi/lib/ds_arm9_crt0.o

.fini           0x0202a258       0x18
 *(.fini)
 .fini          0x0202a258        0xc C:/devkitPro/devkitARM/bin/../lib/gcc/arm-none-eabi/13.1.0/crti.o
                0x0202a258                _fini
 .fini          0x0202a264        0xc C:/devkitPro/devkitARM/bin/../lib/gcc/arm-none-eabi/13.1.0/crtn.o
                0x0202a270                        __text_end = .

.rodata         0x0202a270     0x69a8
 *(EXCLUDE_FILE(*.twl*) .rodata)
 .rodata        0x0202a270        0xc main.o
 .rodata        0x0202a27c       0x50 C:/devkitPro/nflib/lib\libnflib.a(nf_basic.o)
 *all.rodata*(*)
 *(EXCLUDE_FILE(*.twl*) .roda)
 *(EXCLUDE_FILE(*.twl*) .rodata.*)
 .rodata.str1.4
                0x0202a2cc      0x1bd main.o
                                0x1c5 (size before relaxing)
 *fill*         0x0202a489        0x3 ff
 .rodata.str1.4
                0x0202a48c       0x27 C:/devkitPro/nflib/lib\libnflib.a(nf_2d.o)
 *fill*         0x0202a4b3        0x1 ff
 .rodata.str1.4
                0x0202a4b4      0x62b C:/devkitPro/nflib/lib\libnflib.a(nf_basic.o)
                                0x63f (size before relaxing)
 *fill*         0x0202aadf        0x1 ff
 .rodata.str1.4
                0x0202aae0       0x70 C:/devkitPro/nflib/lib\libnflib.a(nf_sprite256.o)
                                 0x7b (size before relaxing)
 .rodata.str1.4
                0x0202ab50       0x47 C:/devkitPro/nflib/lib\libnflib.a(nf_sprite3d.o)
                                 0xa9 (size before relaxing)
 *fill*         0x0202ab97        0x1 ff
 .rodata.str1.4
                0x0202ab98       0x4c C:/devkitPro/nflib/lib\libnflib.a(nf_tiledbg.o)
                                 0x70 (size before relaxing)
 .rodata.nitroFSInit.str1.4
                0x0202abe4        0x8 C:/devkitPro/libnds/lib\libfilesystem.a(nitrofs.o)
 .rodata.str1.4
                0x0202abe4        0xe C:/devkitPro/libnds/lib\libfilesystem.a(nitrofs.o)
 *fill*         0x0202abf2        0x2 ff
 .rodata.fatMount.part.0.str1.4
                0x0202abf4        0x2 C:/devkitPro/libnds/lib\libfat.a(libfat.o)
 *fill*         0x0202abf6        0x2 ff
 .rodata.fatInit.str1.4
                0x0202abf8        0x3 C:/devkitPro/libnds/lib\libfat.a(libfat.o)
 *fill*         0x0202abfb        0x1 ff
 .rodata.str1.4
                0x0202abfc        0x4 C:/devkitPro/libnds/lib\libfat.a(libfat.o)
 .rodata.dotab_fat
                0x0202ac00       0x70 C:/devkitPro/libnds/lib\libfat.a(libfat.o)
 .rodata.str1.4
                0x0202ac70        0x3 C:/devkitPro/libnds/lib\libfat.a(disc.o)
                                  0x8 (size before relaxing)
 *fill*         0x0202ac73        0x1 ff
 .rodata._FAT_disc_interfaces
                0x0202ac74       0x18 C:/devkitPro/libnds/lib\libfat.a(disc.o)
                0x0202ac74                _FAT_disc_interfaces
 .rodata._FAT_directory_entryFromPath.str1.4
                0x0202ac8c        0x7 C:/devkitPro/libnds/lib\libfat.a(directory.o)
 .rodata.ILLEGAL_ALIAS_CHARACTERS
                0x0202ac8c       0x12 C:/devkitPro/libnds/lib\libfat.a(directory.o)
 *fill*         0x0202ac9e        0x2 ff
 .rodata.ILLEGAL_LFN_CHARACTERS
                0x0202aca0        0xa C:/devkitPro/libnds/lib\libfat.a(directory.o)
 *fill*         0x0202acaa        0x2 ff
 .rodata.LFN_offset_table
                0x0202acac       0x34 C:/devkitPro/libnds/lib\libfat.a(directory.o)
 .rodata.FAT_SIG
                0x0202ace0        0x3 C:/devkitPro/libnds/lib\libfat.a(partition.o)
 *fill*         0x0202ace3        0x1 ff
 .rodata.FS_TWL_SIG
                0x0202ace4        0x8 C:/devkitPro/libnds/lib\libfat.a(partition.o)
 .rodata.SIN_LUT
                0x0202acec      0x102 C:/devkitPro/libnds/lib\libnds9.a(trig.o)
                0x0202acec                SIN_LUT
 *fill*         0x0202adee        0x2 ff
 .rodata.con_write.str1.4
                0x0202adf0       0x30 C:/devkitPro/libnds/lib\libnds9.a(console.o)
 .rodata.con_write
                0x0202ae20       0xd4 C:/devkitPro/libnds/lib\libnds9.a(console.o)
 .rodata.consoleClear.str1.4
                0x0202aef4        0x5 C:/devkitPro/libnds/lib\libnds9.a(console.o)
 *fill*         0x0202aef9        0x3 ff
 .rodata.str1.4
                0x0202aefc       0x14 C:/devkitPro/libnds/lib\libnds9.a(console.o)
 .rodata.dotab_stdout
                0x0202af10       0x70 C:/devkitPro/libnds/lib\libnds9.a(console.o)
 .rodata.default_font_bin
                0x0202af80     0x2000 C:/devkitPro/libnds/lib\libnds9.a(default_font.bin.o)
                0x0202af80                default_font_bin
                0x0202cf80                default_font_bin_end
 .rodata._mbrtowc_r.str1.4
                0x0202cf80       0x14 C:/devkitPro/devkitARM/bin/../lib/gcc/arm-none-eabi/13.1.0/../../../../arm-none-eabi/lib\libg.a(libc_a-mbrtowc.o)
                                  0x1 (size before relaxing)
 .rodata._ctype_
                0x0202cf80      0x101 C:/devkitPro/devkitARM/bin/../lib/gcc/arm-none-eabi/13.1.0/../../../../arm-none-eabi/lib\libg.a(libc_a-ctype_.o)
                0x0202cf80                _ctype_
 *fill*         0x0202d081        0x3 ff
 .rodata.basefix.0
                0x0202d084       0x22 C:/devkitPro/devkitARM/bin/../lib/gcc/arm-none-eabi/13.1.0/../../../../arm-none-eabi/lib\libg.a(libc_a-svfiscanf.o)
 .rodata._svfprintf_r.str1.1
                0x0202d0a6       0x3b C:/devkitPro/devkitARM/bin/../lib/gcc/arm-none-eabi/13.1.0/../../../../arm-none-eabi/lib\libg.a(libc_a-svfprintf.o)
 *fill*         0x0202d0e1        0x3 ff
 .rodata.zeroes.0
                0x0202d0e4       0x10 C:/devkitPro/devkitARM/bin/../lib/gcc/arm-none-eabi/13.1.0/../../../../arm-none-eabi/lib\libg.a(libc_a-svfprintf.o)
 .rodata.blanks.1
                0x0202d0f4       0x10 C:/devkitPro/devkitARM/bin/../lib/gcc/arm-none-eabi/13.1.0/../../../../arm-none-eabi/lib\libg.a(libc_a-svfprintf.o)
 .rodata._vfprintf_r.str1.1
                0x0202d104       0x3b C:/devkitPro/devkitARM/bin/../lib/gcc/arm-none-eabi/13.1.0/../../../../arm-none-eabi/lib\libg.a(libc_a-vfprintf.o)
 .rodata.zeroes.0
                0x0202d104       0x10 C:/devkitPro/devkitARM/bin/../lib/gcc/arm-none-eabi/13.1.0/../../../../arm-none-eabi/lib\libg.a(libc_a-vfprintf.o)
 .rodata.blanks.1
                0x0202d114       0x10 C:/devkitPro/devkitARM/bin/../lib/gcc/arm-none-eabi/13.1.0/../../../../arm-none-eabi/lib\libg.a(libc_a-vfprintf.o)
 .rodata._DAYS_BEFORE_MONTH
                0x0202d124       0x30 C:/devkitPro/devkitARM/bin/../lib/gcc/arm-none-eabi/13.1.0/../../../../arm-none-eabi/lib\libg.a(libc_a-mktime.o)
 .rodata.DAYS_IN_MONTH
                0x0202d154       0x30 C:/devkitPro/devkitARM/bin/../lib/gcc/arm-none-eabi/13.1.0/../../../../arm-none-eabi/lib\libg.a(libc_a-mktime.o)
 .rodata._tzset_unlocked_r.str1.4
                0x0202d184       0x67 C:/devkitPro/devkitARM/bin/../lib/gcc/arm-none-eabi/13.1.0/../../../../arm-none-eabi/lib\libg.a(libc_a-tzset_r.o)
                                 0x6b (size before relaxing)
 *fill*         0x0202d1eb        0x1 ff
 .rodata.__month_lengths
                0x0202d1ec       0x60 C:/devkitPro/devkitARM/bin/../lib/gcc/arm-none-eabi/13.1.0/../../../../arm-none-eabi/lib\libg.a(libc_a-month_lengths.o)
                0x0202d1ec                __month_lengths
 .rodata.str1.4
                0x0202d24c        0x4 C:/devkitPro/devkitARM/bin/../lib/gcc/arm-none-eabi/13.1.0/../../../../arm-none-eabi/lib\libg.a(libc_a-tzvars.o)
 .rodata.str1.4
                0x0202d24c       0x44 C:/devkitPro/devkitARM/bin/../lib/gcc/arm-none-eabi/13.1.0/../../../../arm-none-eabi/lib\libg.a(libc_a-locale.o)
                                 0x4c (size before relaxing)
 .rodata.categories
                0x0202d290     0x3528 C:/devkitPro/devkitARM/bin/../lib/gcc/arm-none-eabi/13.1.0/../../../../arm-none-eabi/lib\libg.a(libc_a-categories.o)
 .rodata._vfiprintf_r.str1.1
                0x020307b8       0x29 C:/devkitPro/devkitARM/bin/../lib/gcc/arm-none-eabi/13.1.0/../../../../arm-none-eabi/lib\libg.a(libc_a-vfiprintf.o)
 .rodata.zeroes.0
                0x020307b8       0x10 C:/devkitPro/devkitARM/bin/../lib/gcc/arm-none-eabi/13.1.0/../../../../arm-none-eabi/lib\libg.a(libc_a-vfiprintf.o)
 .rodata.blanks.1
                0x020307c8       0x10 C:/devkitPro/devkitARM/bin/../lib/gcc/arm-none-eabi/13.1.0/../../../../arm-none-eabi/lib\libg.a(libc_a-vfiprintf.o)
 .rodata.__action_table
                0x020307d8       0x6c C:/devkitPro/devkitARM/bin/../lib/gcc/arm-none-eabi/13.1.0/../../../../arm-none-eabi/lib\libg.a(libc_a-svfiprintf.o)
                0x020307d8                __action_table
 .rodata.__state_table
                0x02030844       0x6c C:/devkitPro/devkitARM/bin/../lib/gcc/arm-none-eabi/13.1.0/../../../../arm-none-eabi/lib\libg.a(libc_a-svfiprintf.o)
                0x02030844                __state_table
 .rodata.__chclass
                0x020308b0      0x100 C:/devkitPro/devkitARM/bin/../lib/gcc/arm-none-eabi/13.1.0/../../../../arm-none-eabi/lib\libg.a(libc_a-svfiprintf.o)
                0x020308b0                __chclass
 .rodata._dtoa_r.str1.4
                0x020309b0       0x64 C:/devkitPro/devkitARM/bin/../lib/gcc/arm-none-eabi/13.1.0/../../../../arm-none-eabi/lib\libg.a(libc_a-dtoa.o)
 .rodata.__multadd.str1.4
                0x02030a14       0x3d C:/devkitPro/devkitARM/bin/../lib/gcc/arm-none-eabi/13.1.0/../../../../arm-none-eabi/lib\libg.a(libc_a-mprec.o)
                                 0x51 (size before relaxing)
 *fill*         0x02030a51        0x3 ff
 .rodata.p05.0  0x02030a54        0xc C:/devkitPro/devkitARM/bin/../lib/gcc/arm-none-eabi/13.1.0/../../../../arm-none-eabi/lib\libg.a(libc_a-mprec.o)
 .rodata.__mprec_bigtens
                0x02030a60       0x28 C:/devkitPro/devkitARM/bin/../lib/gcc/arm-none-eabi/13.1.0/../../../../arm-none-eabi/lib\libg.a(libc_a-mprec.o)
                0x02030a60                __mprec_bigtens
 .rodata.__mprec_tens
                0x02030a88       0xc8 C:/devkitPro/devkitARM/bin/../lib/gcc/arm-none-eabi/13.1.0/../../../../arm-none-eabi/lib\libg.a(libc_a-mprec.o)
                0x02030a88                __mprec_tens
 .rodata.__assert_func.str1.4
                0x02030b50       0x3f C:/devkitPro/devkitARM/bin/../lib/gcc/arm-none-eabi/13.1.0/../../../../arm-none-eabi/lib\libg.a(libc_a-assert.o)
                                 0x43 (size before relaxing)
 *fill*         0x02030b8f        0x1 ff
 .rodata.AddDevice.str1.4
                0x02030b90        0x8 C:/devkitPro/devkitARM/bin/../lib/gcc/arm-none-eabi/13.1.0/../../../../arm-none-eabi/lib\libsysbase.a(libsysbase_libsysbase_a-iosupport.o)
 .rodata.dotab_stdnull
                0x02030b98       0x80 C:/devkitPro/devkitARM/bin/../lib/gcc/arm-none-eabi/13.1.0/../../../../arm-none-eabi/lib\libsysbase.a(libsysbase_libsysbase_a-iosupport.o)
                0x02030b98                dotab_stdnull
 *(EXCLUDE_FILE(*.twl*) .gnu.linkonce.r*)
                0x02030c18                        . = ALIGN (0x4)

.ARM.extab
 *(.ARM.extab* .gnu.linkonce.armextab.*)
                0x02030c18                        __exidx_start = .

ARM.exidx
 *(.ARM.exidx* .gnu.linkonce.armexidx.*)
                0x02030c18                        __exidx_end = .
                0x02030c18                        . = ALIGN (0x4)
                0x02030c18                        PROVIDE (__preinit_array_start = .)

.preinit_array
 *(.preinit_array)
                0x02030c18                        PROVIDE (__preinit_array_end = .)
                0x02030c18                        PROVIDE (__init_array_start = .)

.init_array     0x02030c18        0x4
 *(SORT_BY_NAME(.init_array.*))
 *(.init_array)
 .init_array    0x02030c18        0x4 C:/devkitPro/devkitARM/bin/../lib/gcc/arm-none-eabi/13.1.0/crtbegin.o
                0x02030c1c                        PROVIDE (__init_array_end = .)
                [!provide]                        PROVIDE (__fini_array_start = .)

.fini_array     0x02030c1c        0x4
 *(.fini_array)
 .fini_array    0x02030c1c        0x4 C:/devkitPro/devkitARM/bin/../lib/gcc/arm-none-eabi/13.1.0/crtbegin.o
 *(SORT_BY_NAME(.fini_array.*))