Archive member included to satisfy reference by file (symbol)

C:/devkitPro/nflib/lib\libnflib.a(nf_2d.o)
                              main.o (NF_Set2D)
C:/devkitPro/nflib/lib\libnflib.a(nf_3d.o)
                              main.o (NF_Set3D)
C:/devkitPro/nflib/lib\libnflib.a(nf_basic.o)
                              C:/devkitPro/nflib/lib\libnflib.a(nf_2d.o) (NF_Error)
C:/devkitPro/nflib/lib\libnflib.a(nf_sprite256.o)
                              main.o (NF_InitSpriteBuffers)
C:/devkitPro/nflib/lib\libnflib.a(nf_sprite3d.o)
                              main.o (NF_Init3dSpriteSys)
C:/devkitPro/nflib/lib\libnflib.a(nf_text.o)
                              main.o (NF_InitTextSys)
C:/devkitPro/nflib/lib\libnflib.a(nf_tiledbg.o)
                              main.o (NF_InitTiledBgBuffers)
C:/devkitPro/libnds/lib\libfilesystem.a(nitrofs.o)
                              main.o (nitroFSInit)
C:/devkitPro/libnds/lib\libfat.a(libfat.o)
                              C:/devkitPro/libnds/lib\libfilesystem.a(nitrofs.o) (fatInitDefault)
C:/devkitPro/libnds/lib\libfat.a(disc.o)
                              C:/devkitPro/libnds/lib\libfat.a(libfat.o) (_FAT_disc_interfaces)
C:/devkitPro/libnds/lib\libfat.a(fatfile.o)
                              C:/devkitPro/libnds/lib\libfat.a(libfat.o) (_FAT_open_r)
C:/devkitPro/libnds/lib\libfat.a(cache.o)
                              C:/devkitPro/libnds/lib\libfat.a(fatfile.o) (_FAT_cache_readSectors)
C:/devkitPro/libnds/lib\libfat.a(fatdir.o)
                              C:/devkitPro/libnds/lib\libfat.a(libfat.o) (_FAT_stat_r)
C:/devkitPro/libnds/lib\libfat.a(directory.o)
                              C:/devkitPro/libnds/lib\libfat.a(fatfile.o) (_FAT_directory_entryGetCluster)
C:/devkitPro/libnds/lib\libfat.a(partition.o)
                              C:/devkitPro/libnds/lib\libfat.a(libfat.o) (_FAT_partition_destructor)
C:/devkitPro/libnds/lib\libfat.a(lock.o)
                              C:/devkitPro/libnds/lib\libfat.a(partition.o) (_FAT_lock_init)
C:/devkitPro/libnds/lib\libfat.a(filetime.o)
                              C:/devkitPro/libnds/lib\libfat.a(fatfile.o) (_FAT_filetime_getTimeFromRTC)
C:/devkitPro/libnds/lib\libfat.a(file_allocation_table.o)
                              C:/devkitPro/libnds/lib\libfat.a(fatfile.o) (_FAT_fat_nextCluster)
C:/devkitPro/libnds/lib\libmm9.a(mm_comms.o)
                              main.o (mmStart)
C:/devkitPro/libnds/lib\libmm9.a(mm_memory.o)
                              main.o (mmLoad)
C:/devkitPro/libnds/lib\libmm9.a(mm_main9.o)
                              C:/devkitPro/libnds/lib\libmm9.a(mm_memory.o) (mmcbMemory)
C:/devkitPro/libnds/lib\libmm9.a(mm_soundbank.o)
                              C:/devkitPro/libnds/lib\libmm9.a(mm_main9.o) (mmSoundBankInMemory)
C:/devkitPro/libnds/lib\libmm9.a(mm_flusher.o)
                              C:/devkitPro/libnds/lib\libmm9.a(mm_memory.o) (mmFlushBank)
C:/devkitPro/libnds/lib\libnds9.a(trig.o)
                              C:/devkitPro/nflib/lib\libnflib.a(nf_sprite3d.o) (sinLerp)
C:/devkitPro/libnds/lib\libnds9.a(video.o)
                              main.o (setBrightness)
C:/devkitPro/libnds/lib\libnds9.a(system.o)
                              main.o (powerOn)
C:/devkitPro/libnds/lib\libnds9.a(console.o)
                              main.o (consoleDemoInit)
C:/devkitPro/libnds/lib\libnds9.a(videoGL.o)
                              C:/devkitPro/nflib/lib\libnflib.a(nf_3d.o) (glInit_C)
C:/devkitPro/libnds/lib\libnds9.a(sprite.o)
                              C:/devkitPro/nflib/lib\libnflib.a(nf_sprite256.o) (oamInit)
C:/devkitPro/libnds/lib\libnds9.a(keys.o)
                              main.o (scanKeys)
C:/devkitPro/libnds/lib\libnds9.a(dldi.o)
                              C:/devkitPro/libnds/lib\libfat.a(disc.o) (dldiGetInternal)
C:/devkitPro/libnds/lib\libnds9.a(initSystem.o)
                              C:/devkitPro/devkitARM/bin/../lib/gcc/arm-none-eabi/13.1.0/../../../../arm-none-eabi/lib/ds_arm9_crt0.o (initSystem)
C:/devkitPro/libnds/lib\libnds9.a(securearea.o)
                              C:/devkitPro/devkitARM/bin/../lib/gcc/arm-none-eabi/13.1.0/../../../../arm-none-eabi/lib/ds_arm9_crt0.o (__secure_area__)
C:/devkitPro/libnds/lib\libnds9.a(interrupts.o)
                              C:/devkitPro/libnds/lib\libnds9.a(initSystem.o) (irqInit)
C:/devkitPro/libnds/lib\libnds9.a(libnds_exit.arm.o)
                              C:/devkitPro/devkitARM/bin/../lib/gcc/arm-none-eabi/13.1.0/../../../../arm-none-eabi/lib/ds_arm9_crt0.o (__libnds_exit)
C:/devkitPro/libnds/lib\libnds9.a(card.o)
                              C:/devkitPro/libnds/lib\libfilesystem.a(nitrofs.o) (cardParamCommand)
C:/devkitPro/libnds/lib\libnds9.a(fifosystem.o)
                              C:/devkitPro/libnds/lib\libmm9.a(mm_comms.o) (fifoSetValue32Handler)
C:/devkitPro/libnds/lib\libnds9.a(dcache.o)
                              C:/devkitPro/nflib/lib\libnflib.a(nf_basic.o) (DC_FlushRange)
[...]
Memory Configuration

Name             Origin             Length             Attributes
ewram            0x02000000         0x00380000
dtcm             0x02ff0000         0x00004000
vectors          0x01000000         0x00000100
itcm             0x01000100         0x00007f00
*default*        0x00000000         0xffffffff

Linker script and memory map

                0x02380000                        __ewram_end = (ORIGIN (ewram) + LENGTH (ewram))
                0x02380000                        __eheap_end = (ORIGIN (ewram) + LENGTH (ewram))
                0x02ff4000                        __dtcm_top = (ORIGIN (dtcm) + LENGTH (dtcm))
                0x02ff3ff8                        __irq_flags = (__dtcm_top - 0x8)
                0x02ff3ffc                        __irq_vector = (__dtcm_top - 0x4)
                0x02ff3f00                        __sp_svc = (__dtcm_top - 0x100)
                0x02ff3e00                        __sp_irq = (__sp_svc - 0x100)
                0x02ff3d00                        __sp_usr = (__sp_irq - 0x100)

.secure         0x02000000      0x800
 *(.secure)
 .secure        0x02000000      0x800 C:/devkitPro/libnds/lib\libnds9.a(securearea.o)
                0x02000000                __secure_area__

.crt0           0x02000800      0x300
                0x02000800                        __text_start = .
 *(.crt0)
 .crt0          0x02000800      0x300 C:/devkitPro/devkitARM/bin/../lib/gcc/arm-none-eabi/13.1.0/../../../../arm-none-eabi/lib/ds_arm9_crt0.o
                0x02000800                _start
                0x02000b00                        . = ALIGN (0x4)

.plt
 *(.plt)

.init           0x02000b00       0x18
 *(SORT_NONE(.init))
 .init          0x02000b00        0xc C:/devkitPro/devkitARM/bin/../lib/gcc/arm-none-eabi/13.1.0/crti.o
                0x02000b00                _init
 .init          0x02000b0c        0xc C:/devkitPro/devkitARM/bin/../lib/gcc/arm-none-eabi/13.1.0/crtn.o

.text           0x02000b40    0x2bbe8
 *(EXCLUDE_FILE(*.twl* *.vectors* *.itcm*) .text)
 .text          0x02000b40     0x1518 main.o
                0x02000b40                fadeToWhite
                0x02000b70                fadeToNormal
                0x02000b9c                createmainmenu
                0x0200103c                borrarmenu
                0x02001174                changeRoom
 .text          0x02002058      0x738 C:/devkitPro/nflib/lib\libnflib.a(nf_2d.o)
                0x02002058                NF_Set2D
                0x020020bc                NF_ShowBg
                0x02002130                NF_HideBg
                0x020021cc                NF_ScrollBg
                0x02002510                NF_SpriteFrame
                0x020025dc                NF_EnableSpriteRotScale
                0x0200267c                NF_DisableSpriteRotScale
                0x020026f0                NF_SpriteRotScale
 .text          0x02002790      0x2b0 C:/devkitPro/nflib/lib\libnflib.a(nf_3d.o)
                0x02002790                NF_Set3D
                0x020027e4                NF_InitOpenGL
                0x020029dc                NF_GetTextureSize
 .text          0x02002a40      0x50c C:/devkitPro/nflib/lib\libnflib.a(nf_basic.o)
                0x02002a40                NF_Error
                0x02002cec                NF_SetRootFolder
                0x02002ec8                NF_DmaMemCopy
 .text          0x02002f4c     0x1360 C:/devkitPro/nflib/lib\libnflib.a(nf_sprite256.o)
                0x02002f4c                NF_InitSpriteBuffers
                0x02002fa8                NF_ResetSpriteBuffers
                0x02002fdc                NF_InitSpriteSys
                0x020031dc                NF_LoadSpriteGfx
                0x02003308                NF_UnloadSpriteGfx
                0x02003384                NF_LoadSpritePal
                0x0200347c                NF_UnloadSpritePal
                0x020034d8                NF_VramSpriteGfx
                0x020037fc                NF_VramSpriteGfxDefrag
                0x02003a1c                NF_FreeSpriteGfx
                0x02003b0c                NF_VramSpritePal
                0x02003bf0                NF_CreateSprite
                0x02003f34                NF_DeleteSprite
                0x02003fd0                NF_SpriteOamSet
                0x02004094                NF_SpriteSetPalColor
                0x0200412c                NF_SpriteEditPalColor
                0x020041a8                NF_SpriteUpdatePalette
                0x0200423c                NF_SpriteGetPalColor
 .text          0x020042ac     0x10e0 C:/devkitPro/nflib/lib\libnflib.a(nf_sprite3d.o)
                0x020042ac                NF_Init3dSpriteSys
                0x020043a4                NF_Vram3dSpriteGfx
                0x0200464c                NF_Vram3dSpriteGfxDefrag
                0x020047fc                NF_Free3dSpriteGfx
                0x020048b8                NF_Vram3dSpritePal
                0x02004958                NF_Create3dSprite
                0x02004ac4                NF_Delete3dSprite
                0x02004b94                NF_Sort3dSprites
                0x02004c08                NF_Set3dSpritePriority
                0x02004cbc                NF_Swap3dSpritePriority
                0x02004ce8                NF_Set3dSpriteFrame
                0x02004da8                NF_Draw3dSprites
                0x02005064                NF_Update3dSpritesGfx
                0x02005100                NF_Rotate3dSprite
                0x02005138                NF_Scale3dSprite
                0x02005168                NF_Blend3dSprite
                0x0200518c                NF_3dSpritesLayer
                0x02005238                NF_3dSpriteEditPalColor
                0x020052a0                NF_3dSpriteUpdatePalette
                0x020052fc                NF_3dSpriteGetPalColor
                0x02005360                NF_3dSpriteSetDepth
 .text          0x0200538c      0x844 C:/devkitPro/nflib/lib\libnflib.a(nf_text.o)
                0x0200538c                NF_InitTextSys
                0x020053c4                NF_LoadTextFont
                0x02005640                NF_UnloadTextFont
                0x02005648                NF_CreateTextLayer
                0x020056dc                NF_DeleteTextLayer
                0x02005734                NF_WriteText
                0x02005a70                NF_UpdateTextLayers
                0x02005ac4                NF_ClearTextLayer
                0x02005b2c                NF_DefineTextColor
 .text          0x02005bd0     0x19d4 C:/devkitPro/nflib/lib\libnflib.a(nf_tiledbg.o)
                0x02005bd0                NF_InitTiledBgBuffers
                0x02005c64                NF_ResetTiledBgBuffers
                0x02005cc0                NF_InitTiledBgSys
                0x02005de0                NF_LoadTiledBg
                0x02006088                NF_LoadTilesForBg
                0x02006320                NF_UnloadTiledBg
                0x020063e8                NF_DeleteTiledBg
                0x0200659c                NF_CreateTiledBg
                0x02006b90                NF_GetTileMapAddress
                0x02006c48                NF_GetTileOfMap
                0x02006c80                NF_SetTileOfMap
                0x02006cc4                NF_UpdateVramMap
                0x02006de0                NF_BgSetPalColor
                0x02006e90                NF_BgEditPalColor
                0x02006f34                NF_BgUpdatePalette
                0x02006ff8                NF_BgGetPalColor
                0x02007094                NF_GetTilePal
                0x020070c8                NF_SetTilePal
                0x0200710c                NF_LoadExBgPal
                0x020071f8                NF_UnloadExBgPal
                0x02007248                NF_VramExBgPal
                0x020072f0                NF_SetExBgPal
                0x020073d8                NF_SetTileHflip
                0x02007410                NF_SetTileVflip
                0x02007448                NF_RotateTileGfx
 .text          0x020075a4      0x24c C:/devkitPro/libnds/lib\libmm9.a(mm_comms.o)
                0x020075a4                mmSetupComms
                0x020075f6                mmSendBank
                0x02007600                mmLockChannels
                0x02007606                mmUnlockChannels
                0x0200760c                mmStart
                0x02007616                mmPause
                0x0200761a                mmResume
                0x0200761e                mmStop
                0x02007622                mmPosition
                0x02007626                mmJingle
                0x0200762a                mmSetModuleVolume
                0x0200762e                mmSetJingleVolume
                0x02007632                mmSetModuleTempo
                0x02007636                mmSetModulePitch
                0x0200763a                mmSetEffectsVolume
                0x0200763e                mmSelectMode
                0x02007642                mmStreamBegin
                0x02007656                mmStreamEnd
                0x020076ac                mmEffect
                0x020076d0                mmEffectVolume
                0x020076d4                mmEffectPanning
                0x020076d8                mmEffectRate
                0x020076e2                mmEffectScaleRate
                0x020076ec                mmEffectRelease
                0x020076f2                mmEffectCancel
                0x020076f8                mmEffectEx
                0x02007736                mmEffectCancelAll
                0x0200773a                mmReverbEnable
                0x0200773e                mmReverbDisable
                0x02007742                mmReverbConfigure
                0x0200779e                mmReverbStart
                0x020077a2                mmReverbStop
 .text          0x020077f0      0x120 C:/devkitPro/libnds/lib\libmm9.a(mm_memory.o)
                0x020077f0                mmLoad
                0x02007840                mmUnload
                0x02007898                mmLoadEffect
                0x020078d0                mmUnloadEffect
 .text          0x02007910      0x108 C:/devkitPro/libnds/lib\libmm9.a(mm_main9.o)
                0x02007910                mmActive
                0x02007916                mmSetEventHandler
                0x0200791c                mmInit
                0x02007946                mmInitDefault
                0x02007990                mmInitDefaultMem
                0x020079b2                mmSuspendIRQ_t
                0x020079d0                mmRestoreIRQ_t
 .text          0x02007a18      0x100 C:/devkitPro/libnds/lib\libmm9.a(mm_soundbank.o)
                0x02007a18                mmSoundBankInMemory
                0x02007a20                mmSoundBankInFiles
                0x02007a32                mmSetCustomSoundBankHandler
                0x02007a5e                mmsHandleFileOp
 .text          0x02007b18       0x3c C:/devkitPro/libnds/lib\libmm9.a(mm_flusher.o)
                0x02007b18                mmFlushBank
 *fill*         0x02007b54       0x2c ff
 .text          0x02007b80     0x4000 C:/devkitPro/libnds/lib\libnds9.a(dldi_stub.o)
                0x02007b80                _io_dldi_stub
 .text          0x0200bb80      0x114 C:/devkitPro/devkitARM/bin/../lib/gcc/arm-none-eabi/13.1.0\libgcc.a(_udivsi3.o)
                0x0200bb80                __aeabi_uidiv
                0x0200bb80                __udivsi3
                0x0200bc74                __aeabi_uidivmod
 .text          0x0200bc94      0x148 C:/devkitPro/devkitARM/bin/../lib/gcc/arm-none-eabi/13.1.0\libgcc.a(_divsi3.o)
                0x0200bc94                __divsi3
                0x0200bc94                __aeabi_idiv
                0x0200bdbc                __aeabi_idivmod
 .text          0x0200bddc        0x4 C:/devkitPro/devkitARM/bin/../lib/gcc/arm-none-eabi/13.1.0\libgcc.a(_dvmd_tls.o)
                0x0200bddc                __aeabi_idiv0
                0x0200bddc                __aeabi_ldiv0
 .text          0x0200bde0       0xd4 C:/devkitPro/devkitARM/bin/../lib/gcc/arm-none-eabi/13.1.0\libgcc.a(_aeabi_ldivmod.o)
                0x0200bde0                __aeabi_ldivmod
 .text          0x0200beb4       0x28 C:/devkitPro/devkitARM/bin/../lib/gcc/arm-none-eabi/13.1.0\libgcc.a(_clzdi2.o)
                0x0200beb4                __clzdi2
 .text          0x0200bedc       0x48 C:/devkitPro/devkitARM/bin/../lib/gcc/arm-none-eabi/13.1.0\libgcc.a(_clzsi2.o)
                0x0200bedc                __clzsi2
 .text          0x0200bf24      0x224 C:/devkitPro/devkitARM/bin/../lib/gcc/arm-none-eabi/13.1.0/../../../../arm-none-eabi/lib\libg.a(libc_a-strcmp.o)
                0x0200bf24                strcmp
 .text          0x0200c148      0x424 C:/devkitPro/devkitARM/bin/../lib/gcc/arm-none-eabi/13.1.0\libgcc.a(_arm_addsubdf3.o)
                0x0200c148                __aeabi_drsub
                0x0200c150                __aeabi_dsub
                0x0200c150                __subdf3
                0x0200c154                __aeabi_dadd
                0x0200c154                __adddf3
                0x0200c464                __floatunsidf
                0x0200c464                __aeabi_ui2d
                0x0200c488                __floatsidf
                0x0200c488                __aeabi_i2d
                0x0200c4b0                __aeabi_f2d
                0x0200c4b0                __extendsfdf2
                0x0200c4f8                __floatundidf
                0x0200c4f8                __aeabi_ul2d
                0x0200c50c                __floatdidf
                0x0200c50c                __aeabi_l2d
 .text          0x0200c56c      0x49c C:/devkitPro/devkitARM/bin/../lib/gcc/arm-none-eabi/13.1.0\libgcc.a(_arm_muldivdf3.o)
                0x0200c56c                __aeabi_dmul
                0x0200c56c                __muldf3
                0x0200c7fc                __divdf3
                0x0200c7fc                __aeabi_ddiv
 .text          0x0200ca08      0x144 C:/devkitPro/devkitARM/bin/../lib/gcc/arm-none-eabi/13.1.0\libgcc.a(_arm_cmpdf2.o)
                0x0200ca08                __gtdf2
                0x0200ca08                __gedf2
                0x0200ca10                __ltdf2
                0x0200ca10                __ledf2
                0x0200ca18                __nedf2
                0x0200ca18                __eqdf2
                0x0200ca18                __cmpdf2
                0x0200caa0                __aeabi_cdrcmple
                0x0200cabc                __aeabi_cdcmpeq
                0x0200cabc                __aeabi_cdcmple
                0x0200cad4                __aeabi_dcmpeq
                0x0200caec                __aeabi_dcmplt
                0x0200cb04                __aeabi_dcmple
                0x0200cb1c                __aeabi_dcmpge
                0x0200cb34                __aeabi_dcmpgt
 .text          0x0200cb4c       0x38 C:/devkitPro/devkitARM/bin/../lib/gcc/arm-none-eabi/13.1.0\libgcc.a(_arm_unorddf2.o)
                0x0200cb4c                __unorddf2
                0x0200cb4c                __aeabi_dcmpun
 .text          0x0200cb84       0x5c C:/devkitPro/devkitARM/bin/../lib/gcc/arm-none-eabi/13.1.0\libgcc.a(_arm_fixdfsi.o)
                0x0200cb84                __aeabi_d2iz
                0x0200cb84                __fixdfsi
 .text          0x0200cbe0       0x3c C:/devkitPro/devkitARM/bin/../lib/gcc/arm-none-eabi/13.1.0\libgcc.a(_aeabi_uldivmod.o)
                0x0200cbe0                __aeabi_uldivmod
 *(EXCLUDE_FILE(*.twl* *.vectors* *.itcm*) .stub)
 *(EXCLUDE_FILE(*.twl* *.vectors* *.itcm*) .text.*)
 .text.__do_global_dtors_aux
                0x0200cc1c       0x40 C:/devkitPro/devkitARM/bin/../lib/gcc/arm-none-eabi/13.1.0/crtbegin.o
 .text.frame_dummy
                0x0200cc5c       0x30 C:/devkitPro/devkitARM/bin/../lib/gcc/arm-none-eabi/13.1.0/crtbegin.o
 .text.startup  0x0200cc8c      0xe68 main.o
                0x0200cc8c                main
 .text.nitroFSDirClose
                0x0200daf4        0x4 C:/devkitPro/libnds/lib\libfilesystem.a(nitrofs.o)
 .text.nitroFSSeek
                0x0200daf8       0x78 C:/devkitPro/libnds/lib\libfilesystem.a(nitrofs.o)
 .text.nitroFSFstat
                0x0200db70       0x10 C:/devkitPro/libnds/lib\libfilesystem.a(nitrofs.o)
 .text.nitroSubReadBlock
                0x0200db80       0x54 C:/devkitPro/libnds/lib\libfilesystem.a(nitrofs.o)
 .text.nitroSubReadCard
                0x0200dbd4       0xb0 C:/devkitPro/libnds/lib\libfilesystem.a(nitrofs.o)
 .text.nitroFSClose
                0x0200dc84        0x4 C:/devkitPro/libnds/lib\libfilesystem.a(nitrofs.o)
 .text.nitroDirReset
                0x0200dc88       0x9c C:/devkitPro/libnds/lib\libfilesystem.a(nitrofs.o)
 .text.nitroFSRead
                0x0200dd24       0xbc C:/devkitPro/libnds/lib\libfilesystem.a(nitrofs.o)
 .text.nitroFSDirNext
                0x0200dde0      0x30c C:/devkitPro/libnds/lib\libfilesystem.a(nitrofs.o)
 .text.nitroFSDirOpen
                0x0200e0ec       0xe0 C:/devkitPro/libnds/lib\libfilesystem.a(nitrofs.o)
 .text.nitroFSChdir
                0x0200e1cc       0x30 C:/devkitPro/libnds/lib\libfilesystem.a(nitrofs.o)
 .text.nitroFSOpen
                0x0200e1fc       0xc4 C:/devkitPro/libnds/lib\libfilesystem.a(nitrofs.o)
 .text.nitroFSstat
                0x0200e2c0       0x68 C:/devkitPro/libnds/lib\libfilesystem.a(nitrofs.o)
 .text.nitroFSInit
                0x0200e328      0x12c C:/devkitPro/libnds/lib\libfilesystem.a(nitrofs.o)
                0x0200e328                nitroFSInit
 .text.fatMount.part.0
                0x0200e454       0xa0 C:/devkitPro/libnds/lib\libfat.a(libfat.o)
 .text.fatMount
                0x0200e4f4       0x3c C:/devkitPro/libnds/lib\libfat.a(libfat.o)
                0x0200e4f4                fatMount
 .text.fatInit  0x0200e530      0x130 C:/devkitPro/libnds/lib\libfat.a(libfat.o)
                0x0200e530                fatInit
 .text.fatInitDefault
                0x0200e660        0xc C:/devkitPro/libnds/lib\libfat.a(libfat.o)
                0x0200e660                fatInitDefault
 .text._FAT_check_position_for_next_cluster.part.0
                0x0200e66c       0x68 C:/devkitPro/libnds/lib\libfat.a(fatfile.o)
 .text._FAT_syncToDisc.part.0
                0x0200e6d4       0xd4 C:/devkitPro/libnds/lib\libfat.a(fatfile.o)
 .text._FAT_file_extend_r
                0x0200e7a8      0x208 C:/devkitPro/libnds/lib\libfat.a(fatfile.o)
 .text._FAT_open_r
                0x0200e9b0      0x2d4 C:/devkitPro/libnds/lib\libfat.a(fatfile.o)
                0x0200e9b0                _FAT_open_r
 .text._FAT_close_r
                0x0200ec84       0x74 C:/devkitPro/libnds/lib\libfat.a(fatfile.o)
                0x0200ec84                _FAT_close_r
 .text._FAT_read_r
                0x0200ecf8      0x398 C:/devkitPro/libnds/lib\libfat.a(fatfile.o)
                0x0200ecf8                _FAT_read_r
 .text._FAT_write_r
                0x0200f090      0x53c C:/devkitPro/libnds/lib\libfat.a(fatfile.o)
                0x0200f090                _FAT_write_r
 .text._FAT_seek_r
                0x0200f5cc      0x194 C:/devkitPro/libnds/lib\libfat.a(fatfile.o)
                0x0200f5cc                _FAT_seek_r
 .text._FAT_fstat_r
                0x0200f760       0x8c C:/devkitPro/libnds/lib\libfat.a(fatfile.o)
                0x0200f760                _FAT_fstat_r
 .text._FAT_ftruncate_r
                0x0200f7ec      0x16c C:/devkitPro/libnds/lib\libfat.a(fatfile.o)
                0x0200f7ec                _FAT_ftruncate_r
 .text._FAT_fsync_r
                0x0200f958       0x44 C:/devkitPro/libnds/lib\libfat.a(fatfile.o)
                0x0200f958                _FAT_fsync_r
 .text._FAT_cache_getPage
                0x0200f99c       0xf0 C:/devkitPro/libnds/lib\libfat.a(cache.o)
 .text._FAT_cache_constructor
                0x0200fa8c       0x90 C:/devkitPro/libnds/lib\libfat.a(cache.o)
                0x0200fa8c                _FAT_cache_constructor
 .text._FAT_cache_readSectors
                0x0200fb1c       0x60 C:/devkitPro/libnds/lib\libfat.a(cache.o)
                0x0200fb1c                _FAT_cache_readSectors
 .text._FAT_cache_readPartialSector
                0x0200fb7c       0x3c C:/devkitPro/libnds/lib\libfat.a(cache.o)
                0x0200fb7c                _FAT_cache_readPartialSector
 .text._FAT_cache_readLittleEndianValue
                0x0200fbb8       0x70 C:/devkitPro/libnds/lib\libfat.a(cache.o)
                0x0200fbb8                _FAT_cache_readLittleEndianValue
 .text._FAT_cache_writePartialSector
                0x0200fc28       0x4c C:/devkitPro/libnds/lib\libfat.a(cache.o)
                0x0200fc28                _FAT_cache_writePartialSector
 .text._FAT_cache_writeLittleEndianValue
                0x0200fc74       0x8c C:/devkitPro/libnds/lib\libfat.a(cache.o)
                0x0200fc74                _FAT_cache_writeLittleEndianValue
 .text._FAT_cache_eraseWritePartialSector
                0x0200fd00       0x60 C:/devkitPro/libnds/lib\libfat.a(cache.o)
                0x0200fd00                _FAT_cache_eraseWritePartialSector
 .text._FAT_cache_writeSectors
                0x0200fd60       0x80 C:/devkitPro/libnds/lib\libfat.a(cache.o)
                0x0200fd60                _FAT_cache_writeSectors
 .text._FAT_cache_flush
                0x0200fde0       0x40 C:/devkitPro/libnds/lib\libfat.a(cache.o)
                0x0200fde0                _FAT_cache_flush
 .text._FAT_stat_r
                0x0200fe20       0x90 C:/devkitPro/libnds/lib\libfat.a(fatdir.o)
                0x0200fe20                _FAT_stat_r
 .text._FAT_link_r
                0x0200feb0        0xc C:/devkitPro/libnds/lib\libfat.a(fatdir.o)
                0x0200feb0                _FAT_link_r
 .text._FAT_unlink_r
                0x0200febc      0x184 C:/devkitPro/libnds/lib\libfat.a(fatdir.o)
                0x0200febc                _FAT_unlink_r
 .text._FAT_chdir_r
                0x02010040       0x70 C:/devkitPro/libnds/lib\libfat.a(fatdir.o)
                0x02010040                _FAT_chdir_r
 .text._FAT_rename_r
                0x020100b0      0x1c4 C:/devkitPro/libnds/lib\libfat.a(fatdir.o)
                0x020100b0                _FAT_rename_r
 .text._FAT_mkdir_r
                0x02010274      0x244 C:/devkitPro/libnds/lib\libfat.a(fatdir.o)
                0x02010274                _FAT_mkdir_r
 .text._FAT_statvfs_r
                0x020104b8       0x78 C:/devkitPro/libnds/lib\libfat.a(fatdir.o)
                0x020104b8                _FAT_statvfs_r
 .text._FAT_diropen_r
                0x02010530       0xb0 C:/devkitPro/libnds/lib\libfat.a(fatdir.o)
                0x02010530                _FAT_diropen_r
 .text._FAT_dirreset_r
                0x020105e0       0x4c C:/devkitPro/libnds/lib\libfat.a(fatdir.o)
                0x020105e0                _FAT_dirreset_r
 .text._FAT_dirnext_r
                0x0201062c       0x7c C:/devkitPro/libnds/lib\libfat.a(fatdir.o)
                0x0201062c                _FAT_dirnext_r
 .text._FAT_dirclose_r
                0x020106a8       0x20 C:/devkitPro/libnds/lib\libfat.a(fatdir.o)
                0x020106a8                _FAT_dirclose_r
 .text._FAT_directory_entryGetAlias
                0x020106c8       0xc8 C:/devkitPro/libnds/lib\libfat.a(directory.o)
 .text._FAT_directory_incrementDirEntryPosition
                0x02010790       0x80 C:/devkitPro/libnds/lib\libfat.a(directory.o)
 .text._FAT_directory_mbsncasecmp
                0x02010810       0xa8 C:/devkitPro/libnds/lib\libfat.a(directory.o)
 .text._FAT_directory_ucs2tombs.constprop.0
                0x020108b8       0x90 C:/devkitPro/libnds/lib\libfat.a(directory.o)
 .text._FAT_directory_entryGetCluster
                0x02010948       0x20 C:/devkitPro/libnds/lib\libfat.a(directory.o)
                0x02010948                _FAT_directory_entryGetCluster
 .text._FAT_directory_getNextEntry
                0x02010968      0x23c C:/devkitPro/libnds/lib\libfat.a(directory.o)
                0x02010968                _FAT_directory_getNextEntry
 .text._FAT_directory_entryExists
                0x02010ba4       0x80 C:/devkitPro/libnds/lib\libfat.a(directory.o)
 .text._FAT_directory_getFirstEntry
                0x02010c24       0x20 C:/devkitPro/libnds/lib\libfat.a(directory.o)
                0x02010c24                _FAT_directory_getFirstEntry
 .text._FAT_directory_getRootEntry
                0x02010c44       0x60 C:/devkitPro/libnds/lib\libfat.a(directory.o)
                0x02010c44                _FAT_directory_getRootEntry
 .text._FAT_directory_entryFromPosition
                0x02010ca4      0x150 C:/devkitPro/libnds/lib\libfat.a(directory.o)
                0x02010ca4                _FAT_directory_entryFromPosition
 .text._FAT_directory_entryFromPath
                0x02010df4      0x248 C:/devkitPro/libnds/lib\libfat.a(directory.o)
                0x02010df4                _FAT_directory_entryFromPath
 .text._FAT_directory_removeEntry
                0x0201103c       0xd8 C:/devkitPro/libnds/lib\libfat.a(directory.o)
                0x0201103c                _FAT_directory_removeEntry
 .text._FAT_directory_addEntry
                0x02011114      0x808 C:/devkitPro/libnds/lib\libfat.a(directory.o)
                0x02011114                _FAT_directory_addEntry
 .text._FAT_directory_chdir
                0x0201191c       0x3c C:/devkitPro/libnds/lib\libfat.a(directory.o)
                0x0201191c                _FAT_directory_chdir
 .text._FAT_directory_entryStat
                0x02011958       0xe4 C:/devkitPro/libnds/lib\libfat.a(directory.o)
                0x02011958                _FAT_directory_entryStat
 .text.isValidMBR
                0x02011a3c       0x5c C:/devkitPro/libnds/lib\libfat.a(partition.o)
 .text._FAT_updateFS_INFO
                0x02011a98       0x54 C:/devkitPro/libnds/lib\libfat.a(partition.o)
 .text.FindFirstValidPartition_buf.part.0
                0x02011aec      0x11c C:/devkitPro/libnds/lib\libfat.a(partition.o)
 .text._FAT_partition_getPartitionFromPath
                0x02011c08       0x10 C:/devkitPro/libnds/lib\libfat.a(partition.o)
                0x02011c08                _FAT_partition_getPartitionFromPath
 .text._FAT_partition_createFSinfo
                0x02011c18       0x50 C:/devkitPro/libnds/lib\libfat.a(partition.o)
                0x02011c18                _FAT_partition_createFSinfo
 .text._FAT_partition_readFSinfo.part.0
                0x02011c68       0x74 C:/devkitPro/libnds/lib\libfat.a(partition.o)
 .text._FAT_partition_constructor_buf
                0x02011cdc      0x2e8 C:/devkitPro/libnds/lib\libfat.a(partition.o)
                0x02011cdc                _FAT_partition_constructor_buf
 .text._FAT_partition_constructor
                0x02011fc4       0x40 C:/devkitPro/libnds/lib\libfat.a(partition.o)
                0x02011fc4                _FAT_partition_constructor
 .text._FAT_partition_readFSinfo
                0x02012004       0x10 C:/devkitPro/libnds/lib\libfat.a(partition.o)
                0x02012004                _FAT_partition_readFSinfo
 .text._FAT_lock_init
                0x02012014        0x4 C:/devkitPro/libnds/lib\libfat.a(lock.o)
                0x02012014                _FAT_lock_init
 .text._FAT_lock
                0x02012018        0x4 C:/devkitPro/libnds/lib\libfat.a(lock.o)
                0x02012018                _FAT_lock
 .text._FAT_unlock
                0x0201201c        0x4 C:/devkitPro/libnds/lib\libfat.a(lock.o)
                0x0201201c                _FAT_unlock
 .text._FAT_filetime_getTimeFromRTC
                0x02012020       0x44 C:/devkitPro/libnds/lib\libfat.a(filetime.o)
                0x02012020                _FAT_filetime_getTimeFromRTC
 .text._FAT_filetime_getDateFromRTC
                0x02012064       0x44 C:/devkitPro/libnds/lib\libfat.a(filetime.o)
                0x02012064                _FAT_filetime_getDateFromRTC
 .text._FAT_filetime_to_time_t
                0x020120a8       0x38 C:/devkitPro/libnds/lib\libfat.a(filetime.o)
                0x020120a8                _FAT_filetime_to_time_t
 .text._FAT_fat_writeFatEntry.part.0.isra.0
                0x020120e0      0x12c C:/devkitPro/libnds/lib\libfat.a(file_allocation_table.o)
 .text._FAT_fat_nextCluster
                0x0201220c      0x108 C:/devkitPro/libnds/lib\libfat.a(file_allocation_table.o)
                0x0201220c                _FAT_fat_nextCluster
 .text._FAT_fat_linkFreeCluster
                0x02012314       0xac C:/devkitPro/libnds/lib\libfat.a(file_allocation_table.o)
                0x02012314                _FAT_fat_linkFreeCluster
 .text._FAT_fat_linkFreeClusterCleared
                0x020123c0       0x68 C:/devkitPro/libnds/lib\libfat.a(file_allocation_table.o)
                0x020123c0                _FAT_fat_linkFreeClusterCleared
 .text._FAT_fat_clearLinks
                0x02012428       0x7c C:/devkitPro/libnds/lib\libfat.a(file_allocation_table.o)
                0x02012428                _FAT_fat_clearLinks
 .text._FAT_fat_trimChain
                0x020124a4       0x80 C:/devkitPro/libnds/lib\libfat.a(file_allocation_table.o)
                0x020124a4                _FAT_fat_trimChain
 .text._FAT_fat_lastCluster
                0x02012524       0x34 C:/devkitPro/libnds/lib\libfat.a(file_allocation_table.o)
                0x02012524                _FAT_fat_lastCluster
 .text._FAT_fat_freeClusterCount
                0x02012558       0x2c C:/devkitPro/libnds/lib\libfat.a(file_allocation_table.o)
                0x02012558                _FAT_fat_freeClusterCount
 .text.sinLutLookup
                0x02012584       0x4c C:/devkitPro/libnds/lib\libnds9.a(trig.o)
                0x02012584                sinLutLookup
 .text.sinLerp  0x020125d0       0x40 C:/devkitPro/libnds/lib\libnds9.a(trig.o)
                0x020125d0                sinLerp
 .text.cosLerp  0x02012610       0x4c C:/devkitPro/libnds/lib\libnds9.a(trig.o)
                0x02012610                cosLerp
 .text.setBrightness
                0x0201265c       0x40 C:/devkitPro/libnds/lib\libnds9.a(video.o)
                0x0201265c                setBrightness
 .text.vramDefault
                0x0201269c       0xd0 C:/devkitPro/libnds/lib\libnds9.a(video.o)
                0x0201269c                vramDefault
 .text.systemValueHandler
                0x0201276c       0x48 C:/devkitPro/libnds/lib\libnds9.a(system.o)
                0x0201276c                systemValueHandler
 .text.systemMsgHandler
                0x020127b4       0x60 C:/devkitPro/libnds/lib\libnds9.a(system.o)
                0x020127b4                systemMsgHandler
 .text.powerOn  0x02012814       0x2c C:/devkitPro/libnds/lib\libnds9.a(system.o)
                0x02012814                powerOn
 .text.newRow   0x02012840       0xa8 C:/devkitPro/libnds/lib\libnds9.a(console.o)
 .text.consolePrintChar
                0x020128e8       0xe0 C:/devkitPro/libnds/lib\libnds9.a(console.o)
                0x020128e8                consolePrintChar
 .text.con_write
                0x020129c8      0x36c C:/devkitPro/libnds/lib\libnds9.a(console.o)
                0x020129c8                con_write
 .text.consoleLoadFont
                0x02012d34      0x2a0 C:/devkitPro/libnds/lib\libnds9.a(console.o)
                0x02012d34                consoleLoadFont
 .text.consoleInit
                0x02012fd4      0x18c C:/devkitPro/libnds/lib\libnds9.a(console.o)
                0x02012fd4                consoleInit
 .text.consoleDemoInit
                0x02013160       0x40 C:/devkitPro/libnds/lib\libnds9.a(console.o)
                0x02013160                consoleDemoInit
 .text.consoleClear
                0x020131a0       0x10 C:/devkitPro/libnds/lib\libnds9.a(console.o)
                0x020131a0                consoleClear
 .text.vramBlock_init
                0x020131b0       0x5c C:/devkitPro/libnds/lib\libnds9.a(videoGL.o)
                0x020131b0                vramBlock_init
 .text.glInit_C
                0x0201320c      0x1cc C:/devkitPro/libnds/lib\libnds9.a(videoGL.o)
                0x0201320c                glInit_C
 .text.oamInit  0x020133d8      0x114 C:/devkitPro/libnds/lib\libnds9.a(sprite.o)
                0x020133d8                oamInit
 .text.oamGfxPtrToOffset
                0x020134ec       0x34 C:/devkitPro/libnds/lib\libnds9.a(sprite.o)
                0x020134ec                oamGfxPtrToOffset
 .text.oamSet   0x02013520      0x104 C:/devkitPro/libnds/lib\libnds9.a(sprite.o)
                0x02013520                oamSet
 .text.oamRotateScale
                0x02013624       0x4c C:/devkitPro/libnds/lib\libnds9.a(sprite.o)
                0x02013624                oamRotateScale
 .text.scanKeys
                0x02013670       0x8c C:/devkitPro/libnds/lib\libnds9.a(keys.o)
                0x02013670                scanKeys
 .text.keysDown
                0x020136fc       0x14 C:/devkitPro/libnds/lib\libnds9.a(keys.o)
                0x020136fc                keysDown
 .text.dldiGetInternal
                0x02013710       0x34 C:/devkitPro/libnds/lib\libnds9.a(dldi.o)
                0x02013710                dldiGetInternal
 .text.get_io_dsisd
                0x02013744       0x24 C:/devkitPro/libnds/lib\libnds9.a(dldi.o)
                0x02013744                get_io_dsisd
 .text.__syscall_gettod_r
                0x02013768       0x28 C:/devkitPro/libnds/lib\libnds9.a(initSystem.o)
                0x02013768                __syscall_gettod_r
 .text.__syscall_exit
                0x02013790        0x8 C:/devkitPro/libnds/lib\libnds9.a(initSystem.o)
                0x02013790                __syscall_exit
 .text.initSystem
                0x02013798      0x180 C:/devkitPro/libnds/lib\libnds9.a(initSystem.o)
                0x02013798                initSystem
 .text.irqDummy
                0x02013918        0x4 C:/devkitPro/libnds/lib\libnds9.a(interrupts.o)
                0x02013918                irqDummy
 .text.irqSet   0x0201391c       0x6c C:/devkitPro/libnds/lib\libnds9.a(interrupts.o)
                0x0201391c                irqSet
 .text.irqInit  0x02013988       0x50 C:/devkitPro/libnds/lib\libnds9.a(interrupts.o)
                0x02013988                irqInit
 .text.irqEnable
                0x020139d8       0x64 C:/devkitPro/libnds/lib\libnds9.a(interrupts.o)
                0x020139d8                irqEnable
 .text.systemErrorExit
                0x02013a3c        0x4 C:/devkitPro/libnds/lib\libnds9.a(libnds_exit.arm.o)
                0x02013a3c                systemErrorExit
 .text.__libnds_exit
                0x02013a40       0x5c C:/devkitPro/libnds/lib\libnds9.a(libnds_exit.arm.o)
                0x02013a40                __libnds_exit
 .text.cardPolledTransfer
                0x02013a9c       0x54 C:/devkitPro/libnds/lib\libnds9.a(card.o)
                0x02013a9c                cardPolledTransfer
 .text.cardParamCommand
                0x02013af0       0x34 C:/devkitPro/libnds/lib\libnds9.a(card.o)
                0x02013af0                cardParamCommand
 .text.fifo_queueBlock
                0x02013b24       0x44 C:/devkitPro/libnds/lib\libnds9.a(fifosystem.o)
 .text.fifo_waitBlock
                0x02013b68       0x80 C:/devkitPro/libnds/lib\libnds9.a(fifosystem.o)
 .text.fifoInternalSend.part.0
                0x02013be8       0xd4 C:/devkitPro/libnds/lib\libnds9.a(fifosystem.o)
 .text.fifoInternalSendInterrupt
                0x02013cbc       0xb0 C:/devkitPro/libnds/lib\libnds9.a(fifosystem.o)
 .text.fifoSetValue32Handler
                0x02013d6c       0xd4 C:/devkitPro/libnds/lib\libnds9.a(fifosystem.o)
                0x02013d6c                fifoSetValue32Handler
 .text.fifoSendValue32
                0x02013e40       0x4c C:/devkitPro/libnds/lib\libnds9.a(fifosystem.o)
                0x02013e40                fifoSendValue32
 .text.fifoSendDatamsg
                0x02013e8c       0x90 C:/devkitPro/libnds/lib\libnds9.a(fifosystem.o)
                0x02013e8c                fifoSendDatamsg
 .text.fifoGetValue32
                0x02013f1c       0x70 C:/devkitPro/libnds/lib\libnds9.a(fifosystem.o)
                0x02013f1c                fifoGetValue32
 .text.fifoGetDatamsg
                0x02013f8c       0xf4 C:/devkitPro/libnds/lib\libnds9.a(fifosystem.o)
                0x02013f8c                fifoGetDatamsg
 .text.fifoInternalRecvInterrupt
                0x02014080      0x37c C:/devkitPro/libnds/lib\libnds9.a(fifosystem.o)
 .text.fifoSetDatamsgHandler
                0x020143fc       0x9c C:/devkitPro/libnds/lib\libnds9.a(fifosystem.o)
                0x020143fc                fifoSetDatamsgHandler
 .text.fifoCheckValue32
                0x02014498       0x24 C:/devkitPro/libnds/lib\libnds9.a(fifosystem.o)
                0x02014498                fifoCheckValue32
 .text.fifoInit
                0x020144bc      0x108 C:/devkitPro/libnds/lib\libnds9.a(fifosystem.o)
                0x020144bc                fifoInit
 .text.DC_FlushRange
                0x020145c4       0x24 C:/devkitPro/libnds/lib\libnds9.a(dcache.o)
                0x020145c4                DC_FlushRange
 .text.DC_InvalidateRange
                0x020145e8       0x2c C:/devkitPro/libnds/lib\libnds9.a(dcache.o)
                0x020145e8                DC_InvalidateRange
 .text.__libnds_mpu_setup
                0x02014614      0x174 C:/devkitPro/libnds/lib\libnds9.a(mpu_setup.o)
                0x02014614                __libnds_mpu_setup
 .text.memUncached
                0x02014788       0x20 C:/devkitPro/libnds/lib\libnds9.a(mpu_setup.o)
                0x02014788                memUncached
 .text.swiWaitForVBlank
                0x020147a8        0x8 C:/devkitPro/libnds/lib\libnds9.a(IntrWait.o)
                0x020147a8                swiWaitForVBlank
 .text.swiIntrWait
                0x020147b0       0x70 C:/devkitPro/libnds/lib\libnds9.a(IntrWait.o)
                0x020147b0                swiIntrWait
 .text.setCpuClock
                0x02014820       0x50 C:/devkitPro/libnds/lib\libnds9.a(cpu_clock.o)
                0x02014820                setCpuClock
 .text.swiDelay
                0x02014870        0x4 C:/devkitPro/libnds/lib\libnds9.a(biosCalls.o)
                0x02014870                swiDelay
 .text.swiSoftReset
                0x02014874       0x2c C:/devkitPro/libnds/lib\libnds9.a(swiSoftReset.o)
                0x02014874                swiSoftReset
 .text.checkIfText
                0x020148a0       0x5c C:/devkitPro/libnds/lib\libnds9.a(background.o)
                0x020148a0                checkIfText
 .text.bgUpdate
                0x020148fc       0xf4 C:/devkitPro/libnds/lib\libnds9.a(background.o)
                0x020148fc                bgUpdate
 .text.bgInit_call
                0x020149f0       0xc4 C:/devkitPro/libnds/lib\libnds9.a(background.o)
                0x020149f0                bgInit_call
 .text.bgInitSub_call
                0x02014ab4       0xcc C:/devkitPro/libnds/lib\libnds9.a(background.o)
                0x02014ab4                bgInitSub_call
 .text.DynamicArrayInit
                0x02014b80       0x18 C:/devkitPro/libnds/lib\libnds9.a(dynamicArray.o)
                0x02014b80                DynamicArrayInit
 .text.DynamicArraySet
                0x02014b98       0x48 C:/devkitPro/libnds/lib\libnds9.a(dynamicArray.o)
                0x02014b98                DynamicArraySet
 .text.oamAllocReset
                0x02014be0       0x1c C:/devkitPro/libnds/lib\libnds9.a(sprite_alloc.o)
                0x02014be0                oamAllocReset
 .text.__muldi3
                0x02014bfc       0x18 C:/devkitPro/devkitARM/bin/../lib/gcc/arm-none-eabi/13.1.0\libgcc.a(_muldi3.o)
                0x02014bfc                __muldi3
                0x02014bfc                __aeabi_lmul
 .text.__udivmoddi4
                0x02014c14      0x128 C:/devkitPro/devkitARM/bin/../lib/gcc/arm-none-eabi/13.1.0\libgcc.a(_udivmoddi4.o)
                0x02014c14                __udivmoddi4
 .text.towlower
                0x02014d3c       0x14 C:/devkitPro/devkitARM/bin/../lib/gcc/arm-none-eabi/13.1.0/../../../../arm-none-eabi/lib\libg.a(libc_a-towlower.o)
                0x02014d3c                towlower
 .text._mbrtowc_r
                0x02014d50       0xc0 C:/devkitPro/devkitARM/bin/../lib/gcc/arm-none-eabi/13.1.0/../../../../arm-none-eabi/lib\libg.a(libc_a-mbrtowc.o)
                0x02014d50                _mbrtowc_r
 .text.mbrtowc  0x02014e10       0xc4 C:/devkitPro/devkitARM/bin/../lib/gcc/arm-none-eabi/13.1.0/../../../../arm-none-eabi/lib\libg.a(libc_a-mbrtowc.o)
                0x02014e10                mbrtowc
 .text._wcrtomb_r
                0x02014ed4       0xac C:/devkitPro/devkitARM/bin/../lib/gcc/arm-none-eabi/13.1.0/../../../../arm-none-eabi/lib\libg.a(libc_a-wcrtomb.o)
                0x02014ed4                _wcrtomb_r
 .text.wcrtomb  0x02014f80       0xb4 C:/devkitPro/devkitARM/bin/../lib/gcc/arm-none-eabi/13.1.0/../../../../arm-none-eabi/lib\libg.a(libc_a-wcrtomb.o)
                0x02014f80                wcrtomb
 .text.towupper
                0x02015034       0x14 C:/devkitPro/devkitARM/bin/../lib/gcc/arm-none-eabi/13.1.0/../../../../arm-none-eabi/lib\libg.a(libc_a-towupper.o)
                0x02015034                towupper
 .text.printf   0x02015048       0x34 C:/devkitPro/devkitARM/bin/../lib/gcc/arm-none-eabi/13.1.0/../../../../arm-none-eabi/lib\libg.a(libc_a-printf.o)
                0x02015048                printf
 .text.mbsrtowcs
                0x0201507c       0x3c C:/devkitPro/devkitARM/bin/../lib/gcc/arm-none-eabi/13.1.0/../../../../arm-none-eabi/lib\libg.a(libc_a-mbsrtowcs.o)
                0x0201507c                mbsrtowcs
 .text.wctob    0x020150b8       0x88 C:/devkitPro/devkitARM/bin/../lib/gcc/arm-none-eabi/13.1.0/../../../../arm-none-eabi/lib\libg.a(libc_a-wctob.o)
                0x020150b8                wctob
 .text.rewind   0x02015140       0x30 C:/devkitPro/devkitARM/bin/../lib/gcc/arm-none-eabi/13.1.0/../../../../arm-none-eabi/lib\libg.a(libc_a-rewind.o)
                0x02015140                rewind
 .text.towctrans
                0x02015170       0x48 C:/devkitPro/devkitARM/bin/../lib/gcc/arm-none-eabi/13.1.0/../../../../arm-none-eabi/lib\libg.a(libc_a-towctrans.o)
                0x02015170                towctrans
 .text.snprintf
                0x020151b8       0xcc C:/devkitPro/devkitARM/bin/../lib/gcc/arm-none-eabi/13.1.0/../../../../arm-none-eabi/lib\libg.a(libc_a-snprintf.o)
                0x020151b8                snprintf
 .text.siscanf  0x02015284       0x74 C:/devkitPro/devkitARM/bin/../lib/gcc/arm-none-eabi/13.1.0/../../../../arm-none-eabi/lib\libg.a(libc_a-siscanf.o)
                0x02015284                siscanf
 .text.calloc   0x020152f8       0x24 C:/devkitPro/devkitARM/bin/../lib/gcc/arm-none-eabi/13.1.0/../../../../arm-none-eabi/lib\libg.a(libc_a-calloc.o)
                0x020152f8                calloc
 .text._calloc_r
                0x0201531c       0xd0 C:/devkitPro/devkitARM/bin/../lib/gcc/arm-none-eabi/13.1.0/../../../../arm-none-eabi/lib\libg.a(libc_a-callocr.o)
                0x0201531c                _calloc_r
 .text.setvbuf  0x020153ec      0x25c C:/devkitPro/devkitARM/bin/../lib/gcc/arm-none-eabi/13.1.0/../../../../arm-none-eabi/lib\libg.a(libc_a-setvbuf.o)
                0x020153ec                setvbuf
 .text.get_arg  0x02015648       0x54 C:/devkitPro/devkitARM/bin/../lib/gcc/arm-none-eabi/13.1.0/../../../../arm-none-eabi/lib\libg.a(libc_a-svfiscanf.o)
 .text._sungetc_r
                0x0201569c       0xe4 C:/devkitPro/devkitARM/bin/../lib/gcc/arm-none-eabi/13.1.0/../../../../arm-none-eabi/lib\libg.a(libc_a-svfiscanf.o)
                0x0201569c                _sungetc_r
 .text.__ssrefill_r
                0x02015780       0x68 C:/devkitPro/devkitARM/bin/../lib/gcc/arm-none-eabi/13.1.0/../../../../arm-none-eabi/lib\libg.a(libc_a-svfiscanf.o)
                0x02015780                __ssrefill_r
 .text._sfread_r
                0x020157e8       0xc8 C:/devkitPro/devkitARM/bin/../lib/gcc/arm-none-eabi/13.1.0/../../../../arm-none-eabi/lib\libg.a(libc_a-svfiscanf.o)
                0x020157e8                _sfread_r
 .text.__ssvfiscanf_r
                0x020158b0     0x22dc C:/devkitPro/devkitARM/bin/../lib/gcc/arm-none-eabi/13.1.0/../../../../arm-none-eabi/lib\libg.a(libc_a-svfiscanf.o)
                0x020158b0                __ssvfiscanf_r
 .text._malloc_trim_r
                0x02017b8c      0x100 C:/devkitPro/devkitARM/bin/../lib/gcc/arm-none-eabi/13.1.0/../../../../arm-none-eabi/lib\libg.a(libc_a-freer.o)
                0x02017b8c                _malloc_trim_r
 .text._free_r  0x02017c8c      0x2e8 C:/devkitPro/devkitARM/bin/../lib/gcc/arm-none-eabi/13.1.0/../../../../arm-none-eabi/lib\libg.a(libc_a-freer.o)
                0x02017c8c                _free_r
 .text.iprintf  0x02017f74       0x34 C:/devkitPro/devkitARM/bin/../lib/gcc/arm-none-eabi/13.1.0/../../../../arm-none-eabi/lib\libg.a(libc_a-iprintf.o)
                0x02017f74                iprintf
 .text.strchr   0x02017fa8      0x13c C:/devkitPro/devkitARM/bin/../lib/gcc/arm-none-eabi/13.1.0/../../../../arm-none-eabi/lib\libg.a(libc_a-strchr.o)
                0x02017fa8                strchr
 .text.memcmp   0x020180e4       0xe0 C:/devkitPro/devkitARM/bin/../lib/gcc/arm-none-eabi/13.1.0/../../../../arm-none-eabi/lib\libg.a(libc_a-memcmp.o)
                0x020180e4                memcmp
 .text._fclose_r
                0x020181c4      0x150 C:/devkitPro/devkitARM/bin/../lib/gcc/arm-none-eabi/13.1.0/../../../../arm-none-eabi/lib\libg.a(libc_a-fclose.o)
                0x020181c4                _fclose_r
 .text.fclose   0x02018314       0x18 C:/devkitPro/devkitARM/bin/../lib/gcc/arm-none-eabi/13.1.0/../../../../arm-none-eabi/lib\libg.a(libc_a-fclose.o)
                0x02018314                fclose
 .text.get_arg  0x0201832c      0x654 C:/devkitPro/devkitARM/bin/../lib/gcc/arm-none-eabi/13.1.0/../../../../arm-none-eabi/lib\libg.a(libc_a-svfprintf.o)
 .text._svfprintf_r
                0x02018980     0x3518 C:/devkitPro/devkitARM/bin/../lib/gcc/arm-none-eabi/13.1.0/../../../../arm-none-eabi/lib\libg.a(libc_a-svfprintf.o)
                0x02018980                _svfprintf_r
 .text.malloc   0x0201be98       0x1c C:/devkitPro/devkitARM/bin/../lib/gcc/arm-none-eabi/13.1.0/../../../../arm-none-eabi/lib\libg.a(libc_a-malloc.o)
                0x0201be98                malloc
 .text.free     0x0201beb4       0x1c C:/devkitPro/devkitARM/bin/../lib/gcc/arm-none-eabi/13.1.0/../../../../arm-none-eabi/lib\libg.a(libc_a-malloc.o)
                0x0201beb4                free
 .text._malloc_r
                0x0201bed0      0x7a4 C:/devkitPro/devkitARM/bin/../lib/gcc/arm-none-eabi/13.1.0/../../../../arm-none-eabi/lib\libg.a(libc_a-mallocr.o)
                0x0201bed0                _malloc_r
 .text.memmove  0x0201c674      0x154 C:/devkitPro/devkitARM/bin/../lib/gcc/arm-none-eabi/13.1.0/../../../../arm-none-eabi/lib\libg.a(libc_a-memmove.o)
                0x0201c674                memmove
 .text.memset   0x0201c7c8       0xfc C:/devkitPro/devkitARM/bin/../lib/gcc/arm-none-eabi/13.1.0/../../../../arm-none-eabi/lib\libg.a(libc_a-memset.o)
                0x0201c7c8                memset
 .text.__malloc_lock
                0x0201c8c4       0x18 C:/devkitPro/devkitARM/bin/../lib/gcc/arm-none-eabi/13.1.0/../../../../arm-none-eabi/lib\libg.a(libc_a-mlock.o)
                0x0201c8c4                __malloc_lock
 .text.__malloc_unlock
                0x0201c8dc       0x18 C:/devkitPro/devkitARM/bin/../lib/gcc/arm-none-eabi/13.1.0/../../../../arm-none-eabi/lib\libg.a(libc_a-mlock.o)
                0x0201c8dc                __malloc_unlock
 .text.get_arg  0x0201c8f4      0x654 C:/devkitPro/devkitARM/bin/../lib/gcc/arm-none-eabi/13.1.0/../../../../arm-none-eabi/lib\libg.a(libc_a-vfprintf.o)
 .text._vfprintf_r
                0x0201cf48     0x35f8 C:/devkitPro/devkitARM/bin/../lib/gcc/arm-none-eabi/13.1.0/../../../../arm-none-eabi/lib\libg.a(libc_a-vfprintf.o)
                0x0201cf48                _vfprintf_r
 .text.__sbprintf
                0x02020540       0xbc C:/devkitPro/devkitARM/bin/../lib/gcc/arm-none-eabi/13.1.0/../../../../arm-none-eabi/lib\libg.a(libc_a-vfprintf.o)
 .text.strlen   0x020205fc       0x94 C:/devkitPro/devkitARM/bin/../lib/gcc/arm-none-eabi/13.1.0/../../../../arm-none-eabi/lib\libg.a(libc_a-strlen.o)
                0x020205fc                strlen
 .text._fopen_r
                0x02020690      0x138 C:/devkitPro/devkitARM/bin/../lib/gcc/arm-none-eabi/13.1.0/../../../../arm-none-eabi/lib\libg.a(libc_a-fopen.o)
                0x02020690                _fopen_r
 .text.fopen    0x020207c8       0x20 C:/devkitPro/devkitARM/bin/../lib/gcc/arm-none-eabi/13.1.0/../../../../arm-none-eabi/lib\libg.a(libc_a-fopen.o)
                0x020207c8                fopen
 .text.__sflush_r
                0x020207e8      0x248 C:/devkitPro/devkitARM/bin/../lib/gcc/arm-none-eabi/13.1.0/../../../../arm-none-eabi/lib\libg.a(libc_a-fflush.o)
                0x020207e8                __sflush_r
 .text._fflush_r
                0x02020a30       0x9c C:/devkitPro/devkitARM/bin/../lib/gcc/arm-none-eabi/13.1.0/../../../../arm-none-eabi/lib\libg.a(libc_a-fflush.o)
                0x02020a30                _fflush_r
 .text.strpbrk  0x02020acc       0x7c C:/devkitPro/devkitARM/bin/../lib/gcc/arm-none-eabi/13.1.0/../../../../arm-none-eabi/lib\libg.a(libc_a-strpbrk.o)
                0x02020acc                strpbrk
 .text.strdup   0x02020b48       0x1c C:/devkitPro/devkitARM/bin/../lib/gcc/arm-none-eabi/13.1.0/../../../../arm-none-eabi/lib\libg.a(libc_a-strdup.o)
                0x02020b48                strdup
 .text.strcasecmp
                0x02020b64       0x70 C:/devkitPro/devkitARM/bin/../lib/gcc/arm-none-eabi/13.1.0/../../../../arm-none-eabi/lib\libg.a(libc_a-strcasecmp.o)
                0x02020b64                strcasecmp
 .text.strrchr  0x02020bd4       0x58 C:/devkitPro/devkitARM/bin/../lib/gcc/arm-none-eabi/13.1.0/../../../../arm-none-eabi/lib\libg.a(libc_a-strrchr.o)
                0x02020bd4                strrchr
 .text.strncasecmp
                0x02020c2c       0x8c C:/devkitPro/devkitARM/bin/../lib/gcc/arm-none-eabi/13.1.0/../../../../arm-none-eabi/lib\libg.a(libc_a-strncasecmp.o)
                0x02020c2c                strncasecmp
 .text._strdup_r
                0x02020cb8       0x44 C:/devkitPro/devkitARM/bin/../lib/gcc/arm-none-eabi/13.1.0/../../../../arm-none-eabi/lib\libg.a(libc_a-strdup_r.o)
                0x02020cb8                _strdup_r
 .text.ftell    0x02020cfc       0x30 C:/devkitPro/devkitARM/bin/../lib/gcc/arm-none-eabi/13.1.0/../../../../arm-none-eabi/lib\libg.a(libc_a-ftell.o)
                0x02020cfc                ftell
 .text.strncmp  0x02020d2c       0xec C:/devkitPro/devkitARM/bin/../lib/gcc/arm-none-eabi/13.1.0/../../../../arm-none-eabi/lib\libg.a(libc_a-strncmp.o)
                0x02020d2c                strncmp
 .text._fwalk_sglue
                0x02020e18       0x78 C:/devkitPro/devkitARM/bin/../lib/gcc/arm-none-eabi/13.1.0/../../../../arm-none-eabi/lib\libg.a(libc_a-fwalk.o)
                0x02020e18                _fwalk_sglue
 .text._fread_r
                0x02020e90      0x33c C:/devkitPro/devkitARM/bin/../lib/gcc/arm-none-eabi/13.1.0/../../../../arm-none-eabi/lib\libg.a(libc_a-fread.o)
                0x02020e90                _fread_r
 .text.fread    0x020211cc       0x3c C:/devkitPro/devkitARM/bin/../lib/gcc/arm-none-eabi/13.1.0/../../../../arm-none-eabi/lib\libg.a(libc_a-fread.o)
                0x020211cc                fread
 .text.clock    0x02021208       0x34 C:/devkitPro/devkitARM/bin/../lib/gcc/arm-none-eabi/13.1.0/../../../../arm-none-eabi/lib\libg.a(libc_a-clock.o)
                0x02021208                clock
 .text.strncpy  0x0202123c       0xd0 C:/devkitPro/devkitARM/bin/../lib/gcc/arm-none-eabi/13.1.0/../../../../arm-none-eabi/lib\libg.a(libc_a-strncpy.o)
                0x0202123c                strncpy
 .text.stdio_exit_handler
                0x0202130c       0x28 C:/devkitPro/devkitARM/bin/../lib/gcc/arm-none-eabi/13.1.0/../../../../arm-none-eabi/lib\libg.a(libc_a-findfp.o)
 .text.cleanup_stdio
                0x02021334       0x54 C:/devkitPro/devkitARM/bin/../lib/gcc/arm-none-eabi/13.1.0/../../../../arm-none-eabi/lib\libg.a(libc_a-findfp.o)
 .text.global_stdio_init.part.0
                0x02021388      0x158 C:/devkitPro/devkitARM/bin/../lib/gcc/arm-none-eabi/13.1.0/../../../../arm-none-eabi/lib\libg.a(libc_a-findfp.o)
 .text.__sfp    0x020214e0      0x138 C:/devkitPro/devkitARM/bin/../lib/gcc/arm-none-eabi/13.1.0/../../../../arm-none-eabi/lib\libg.a(libc_a-findfp.o)
                0x020214e0                __sfp
 .text.__sinit  0x02021618       0x64 C:/devkitPro/devkitARM/bin/../lib/gcc/arm-none-eabi/13.1.0/../../../../arm-none-eabi/lib\libg.a(libc_a-findfp.o)
                0x02021618                __sinit
 .text.__sfp_lock_acquire
                0x0202167c       0x18 C:/devkitPro/devkitARM/bin/../lib/gcc/arm-none-eabi/13.1.0/../../../../arm-none-eabi/lib\libg.a(libc_a-findfp.o)
                0x0202167c                __sfp_lock_acquire
 .text.__sfp_lock_release
                0x02021694       0x18 C:/devkitPro/devkitARM/bin/../lib/gcc/arm-none-eabi/13.1.0/../../../../arm-none-eabi/lib\libg.a(libc_a-findfp.o)
                0x02021694                __sfp_lock_release
 .text.srand    0x020216ac       0x20 C:/devkitPro/devkitARM/bin/../lib/gcc/arm-none-eabi/13.1.0/../../../../arm-none-eabi/lib\libg.a(libc_a-rand.o)
                0x020216ac                srand
 .text.localtime_r
                0x020216cc      0x374 C:/devkitPro/devkitARM/bin/../lib/gcc/arm-none-eabi/13.1.0/../../../../arm-none-eabi/lib\libg.a(libc_a-lcltime_r.o)
                0x020216cc                localtime_r
 .text.strnlen  0x02021a40       0x48 C:/devkitPro/devkitARM/bin/../lib/gcc/arm-none-eabi/13.1.0/../../../../arm-none-eabi/lib\libg.a(libc_a-strnlen.o)
                0x02021a40                strnlen
 .text._tzset_unlocked
                0x02021a88       0x14 C:/devkitPro/devkitARM/bin/../lib/gcc/arm-none-eabi/13.1.0/../../../../arm-none-eabi/lib\libg.a(libc_a-tzset.o)
                0x02021a88                _tzset_unlocked
 .text.validate_structure
                0x02021a9c      0x2e0 C:/devkitPro/devkitARM/bin/../lib/gcc/arm-none-eabi/13.1.0/../../../../arm-none-eabi/lib\libg.a(libc_a-mktime.o)
 .text.mktime   0x02021d7c      0x4cc C:/devkitPro/devkitARM/bin/../lib/gcc/arm-none-eabi/13.1.0/../../../../arm-none-eabi/lib\libg.a(libc_a-mktime.o)
                0x02021d7c                mktime
 .text.access   0x02022248       0x54 C:/devkitPro/devkitARM/bin/../lib/gcc/arm-none-eabi/13.1.0/../../../../arm-none-eabi/lib\libg.a(libc_a-access.o)
                0x02022248                access
 .text._fseek_r
                0x0202229c       0x20 C:/devkitPro/devkitARM/bin/../lib/gcc/arm-none-eabi/13.1.0/../../../../arm-none-eabi/lib\libg.a(libc_a-fseek.o)
                0x0202229c                _fseek_r
 .text.fseek    0x020222bc       0x38 C:/devkitPro/devkitARM/bin/../lib/gcc/arm-none-eabi/13.1.0/../../../../arm-none-eabi/lib\libg.a(libc_a-fseek.o)
                0x020222bc                fseek
 .text._tzset_unlocked_r
                0x020222f4      0x688 C:/devkitPro/devkitARM/bin/../lib/gcc/arm-none-eabi/13.1.0/../../../../arm-none-eabi/lib\libg.a(libc_a-tzset_r.o)
                0x020222f4                _tzset_unlocked_r
 .text._strtol_l.part.0
                0x0202297c      0x1b4 C:/devkitPro/devkitARM/bin/../lib/gcc/arm-none-eabi/13.1.0/../../../../arm-none-eabi/lib\libg.a(libc_a-strtol.o)
 .text._strtol_r
                0x02022b30       0x64 C:/devkitPro/devkitARM/bin/../lib/gcc/arm-none-eabi/13.1.0/../../../../arm-none-eabi/lib\libg.a(libc_a-strtol.o)
                0x02022b30                _strtol_r
 .text.realloc  0x02022b94       0x24 C:/devkitPro/devkitARM/bin/../lib/gcc/arm-none-eabi/13.1.0/../../../../arm-none-eabi/lib\libg.a(libc_a-realloc.o)
                0x02022b94                realloc
 .text.__gettzinfo
                0x02022bb8        0xc C:/devkitPro/devkitARM/bin/../lib/gcc/arm-none-eabi/13.1.0/../../../../arm-none-eabi/lib\libg.a(libc_a-gettzinfo.o)
                0x02022bb8                __gettzinfo
 .text._strtoul_l.isra.0
                0x02022bc4      0x1dc C:/devkitPro/devkitARM/bin/../lib/gcc/arm-none-eabi/13.1.0/../../../../arm-none-eabi/lib\libg.a(libc_a-strtoul.o)
 .text._strtoul_r
                0x02022da0       0x30 C:/devkitPro/devkitARM/bin/../lib/gcc/arm-none-eabi/13.1.0/../../../../arm-none-eabi/lib\libg.a(libc_a-strtoul.o)
                0x02022da0                _strtoul_r
 .text.strtoul  0x02022dd0       0x34 C:/devkitPro/devkitARM/bin/../lib/gcc/arm-none-eabi/13.1.0/../../../../arm-none-eabi/lib\libg.a(libc_a-strtoul.o)
                0x02022dd0                strtoul
 .text.__locale_mb_cur_max
                0x02022e04       0x28 C:/devkitPro/devkitARM/bin/../lib/gcc/arm-none-eabi/13.1.0/../../../../arm-none-eabi/lib\libg.a(libc_a-locale.o)
                0x02022e04                __locale_mb_cur_max
 .text.time     0x02022e2c       0x50 C:/devkitPro/devkitARM/bin/../lib/gcc/arm-none-eabi/13.1.0/../../../../arm-none-eabi/lib\libg.a(libc_a-time.o)
                0x02022e2c                time
 .text._localeconv_r
                0x02022e7c       0x28 C:/devkitPro/devkitARM/bin/../lib/gcc/arm-none-eabi/13.1.0/../../../../arm-none-eabi/lib\libg.a(libc_a-localeconv.o)
                0x02022e7c                _localeconv_r
 .text.__tzcalc_limits
                0x02022ea4      0x254 C:/devkitPro/devkitARM/bin/../lib/gcc/arm-none-eabi/13.1.0/../../../../arm-none-eabi/lib\libg.a(libc_a-tzcalc_limits.o)
                0x02022ea4                __tzcalc_limits
 .text.strcpy   0x020230f8       0xf0 C:/devkitPro/devkitARM/bin/../lib/gcc/arm-none-eabi/13.1.0/../../../../arm-none-eabi/lib\libg.a(libc_a-strcpy.o)
                0x020230f8                strcpy
 .text.memchr   0x020231e8       0xf0 C:/devkitPro/devkitARM/bin/../lib/gcc/arm-none-eabi/13.1.0/../../../../arm-none-eabi/lib\libg.a(libc_a-memchr-stub.o)
                0x020231e8                memchr
 .text.__utf8_wctomb
                0x020232d8       0xf4 C:/devkitPro/devkitARM/bin/../lib/gcc/arm-none-eabi/13.1.0/../../../../arm-none-eabi/lib\libg.a(libc_a-wctomb_r.o)
                0x020232d8                __utf8_wctomb
 .text.memcpy   0x020233cc      0x114 C:/devkitPro/devkitARM/bin/../lib/gcc/arm-none-eabi/13.1.0/../../../../arm-none-eabi/lib\libg.a(libc_a-memcpy-stub.o)
                0x020233cc                memcpy
 .text.stpcpy   0x020234e0       0x74 C:/devkitPro/devkitARM/bin/../lib/gcc/arm-none-eabi/13.1.0/../../../../arm-none-eabi/lib\libg.a(libc_a-stpcpy.o)
                0x020234e0                stpcpy
 .text.__libc_init_array
                0x02023554       0x90 C:/devkitPro/devkitARM/bin/../lib/gcc/arm-none-eabi/13.1.0/../../../../arm-none-eabi/lib\libg.a(libc_a-init.o)
                0x02023554                __libc_init_array
 .text.__errno  0x020235e4       0x10 C:/devkitPro/devkitARM/bin/../lib/gcc/arm-none-eabi/13.1.0/../../../../arm-none-eabi/lib\libg.a(libc_a-errno.o)
                0x020235e4                __errno
 .text.lseek    0x020235f4       0x3c C:/devkitPro/devkitARM/bin/../lib/gcc/arm-none-eabi/13.1.0/../../../../arm-none-eabi/lib\libg.a(libc_a-syslseek.o)
                0x020235f4                lseek
 .text.open     0x02023630       0x40 C:/devkitPro/devkitARM/bin/../lib/gcc/arm-none-eabi/13.1.0/../../../../arm-none-eabi/lib\libg.a(libc_a-sysopen.o)
                0x02023630                open
 .text.read     0x02023670       0x2c C:/devkitPro/devkitARM/bin/../lib/gcc/arm-none-eabi/13.1.0/../../../../arm-none-eabi/lib\libg.a(libc_a-sysread.o)
                0x02023670                read
 .text.stat     0x0202369c       0x24 C:/devkitPro/devkitARM/bin/../lib/gcc/arm-none-eabi/13.1.0/../../../../arm-none-eabi/lib\libg.a(libc_a-sysstat.o)
                0x0202369c                stat
 .text.frexp    0x020236c0       0xa4 C:/devkitPro/devkitARM/bin/../lib/gcc/arm-none-eabi/13.1.0/../../../../arm-none-eabi/lib\libg.a(libm_a-s_frexp.o)
                0x020236c0                frexp
 .text._strtoll_l.isra.0
                0x02023764      0x23c C:/devkitPro/devkitARM/bin/../lib/gcc/arm-none-eabi/13.1.0/../../../../arm-none-eabi/lib\libg.a(libc_a-strtoll.o)
 .text._strtoll_r
                0x020239a0       0x30 C:/devkitPro/devkitARM/bin/../lib/gcc/arm-none-eabi/13.1.0/../../../../arm-none-eabi/lib\libg.a(libc_a-strtoll.o)
                0x020239a0                _strtoll_r
 .text._strtoull_l.isra.0
                0x020239d0      0x260 C:/devkitPro/devkitARM/bin/../lib/gcc/arm-none-eabi/13.1.0/../../../../arm-none-eabi/lib\libg.a(libc_a-strtoull.o)
 .text._strtoull_r
                0x02023c30       0x30 C:/devkitPro/devkitARM/bin/../lib/gcc/arm-none-eabi/13.1.0/../../../../arm-none-eabi/lib\libg.a(libc_a-strtoull.o)
                0x02023c30                _strtoull_r
 .text.towctrans_l
                0x02023c60      0x244 C:/devkitPro/devkitARM/bin/../lib/gcc/arm-none-eabi/13.1.0/../../../../arm-none-eabi/lib\libg.a(libc_a-towctrans_l.o)
                0x02023c60                towctrans_l
 .text.iswspace
                0x02023ea4       0x14 C:/devkitPro/devkitARM/bin/../lib/gcc/arm-none-eabi/13.1.0/../../../../arm-none-eabi/lib\libg.a(libc_a-iswspace.o)
                0x02023ea4                iswspace
 .text.__smakebuf_r
                0x02023eb8      0x138 C:/devkitPro/devkitARM/bin/../lib/gcc/arm-none-eabi/13.1.0/../../../../arm-none-eabi/lib\libg.a(libc_a-makebuf.o)
                0x02023eb8                __smakebuf_r
 .text.__swhatbuf_r
                0x02023ff0       0x80 C:/devkitPro/devkitARM/bin/../lib/gcc/arm-none-eabi/13.1.0/../../../../arm-none-eabi/lib\libg.a(libc_a-makebuf.o)
                0x02023ff0                __swhatbuf_r
 .text.iswspace_l
                0x02024070       0x40 C:/devkitPro/devkitARM/bin/../lib/gcc/arm-none-eabi/13.1.0/../../../../arm-none-eabi/lib\libg.a(libc_a-iswspace_l.o)
                0x02024070                iswspace_l
 .text._mbsnrtowcs_r
                0x020240b0      0x104 C:/devkitPro/devkitARM/bin/../lib/gcc/arm-none-eabi/13.1.0/../../../../arm-none-eabi/lib\libg.a(libc_a-mbsnrtowcs.o)
                0x020240b0                _mbsnrtowcs_r
 .text._wcsrtombs_r
                0x020241b4       0x2c C:/devkitPro/devkitARM/bin/../lib/gcc/arm-none-eabi/13.1.0/../../../../arm-none-eabi/lib\libg.a(libc_a-wcsrtombs.o)
                0x020241b4                _wcsrtombs_r
 .text.__sccl   0x020241e0       0xe4 C:/devkitPro/devkitARM/bin/../lib/gcc/arm-none-eabi/13.1.0/../../../../arm-none-eabi/lib\libg.a(libc_a-sccl.o)
                0x020241e0                __sccl
 .text.lflush   0x020242c4       0x3c C:/devkitPro/devkitARM/bin/../lib/gcc/arm-none-eabi/13.1.0/../../../../arm-none-eabi/lib\libg.a(libc_a-refill.o)
 .text.__srefill_r
                0x02024300      0x19c C:/devkitPro/devkitARM/bin/../lib/gcc/arm-none-eabi/13.1.0/../../../../arm-none-eabi/lib\libg.a(libc_a-refill.o)
                0x02024300                __srefill_r
 .text.__submore
                0x0202449c       0xa8 C:/devkitPro/devkitARM/bin/../lib/gcc/arm-none-eabi/13.1.0/../../../../arm-none-eabi/lib\libg.a(libc_a-ungetc.o)
                0x0202449c                __submore
 .text.__sread  0x02024544       0x4c C:/devkitPro/devkitARM/bin/../lib/gcc/arm-none-eabi/13.1.0/../../../../arm-none-eabi/lib\libg.a(libc_a-stdio.o)
                0x02024544                __sread
 .text.__seofread
                0x02024590        0x8 C:/devkitPro/devkitARM/bin/../lib/gcc/arm-none-eabi/13.1.0/../../../../arm-none-eabi/lib\libg.a(libc_a-stdio.o)
                0x02024590                __seofread
 .text.__swrite
                0x02024598       0x6c C:/devkitPro/devkitARM/bin/../lib/gcc/arm-none-eabi/13.1.0/../../../../arm-none-eabi/lib\libg.a(libc_a-stdio.o)
                0x02024598                __swrite
 .text.__sseek  0x02024604       0x48 C:/devkitPro/devkitARM/bin/../lib/gcc/arm-none-eabi/13.1.0/../../../../arm-none-eabi/lib\libg.a(libc_a-stdio.o)
                0x02024604                __sseek
 .text.__sclose
                0x0202464c       0x14 C:/devkitPro/devkitARM/bin/../lib/gcc/arm-none-eabi/13.1.0/../../../../arm-none-eabi/lib\libg.a(libc_a-stdio.o)
                0x0202464c                __sclose
 .text.category
                0x02024660       0x98 C:/devkitPro/devkitARM/bin/../lib/gcc/arm-none-eabi/13.1.0/../../../../arm-none-eabi/lib\libg.a(libc_a-categories.o)
                0x02024660                category
 .text.get_arg  0x020246f8      0x654 C:/devkitPro/devkitARM/bin/../lib/gcc/arm-none-eabi/13.1.0/../../../../arm-none-eabi/lib\libg.a(libc_a-vfiprintf.o)
 .text.__sprint_r
                0x02024d4c       0x34 C:/devkitPro/devkitARM/bin/../lib/gcc/arm-none-eabi/13.1.0/../../../../arm-none-eabi/lib\libg.a(libc_a-vfiprintf.o)
                0x02024d4c                __sprint_r
 .text._vfiprintf_r
                0x02024d80     0x2334 C:/devkitPro/devkitARM/bin/../lib/gcc/arm-none-eabi/13.1.0/../../../../arm-none-eabi/lib\libg.a(libc_a-vfiprintf.o)
                0x02024d80                _vfiprintf_r
 .text.__sbprintf
                0x020270b4       0xbc C:/devkitPro/devkitARM/bin/../lib/gcc/arm-none-eabi/13.1.0/../../../../arm-none-eabi/lib\libg.a(libc_a-vfiprintf.o)
 .text.__ssprint_r
                0x02027170      0x190 C:/devkitPro/devkitARM/bin/../lib/gcc/arm-none-eabi/13.1.0/../../../../arm-none-eabi/lib\libg.a(libc_a-svfiprintf.o)
                0x02027170                __ssprint_r
 .text.div      0x02027300       0x2c C:/devkitPro/devkitARM/bin/../lib/gcc/arm-none-eabi/13.1.0/../../../../arm-none-eabi/lib\libg.a(libc_a-div.o)
                0x02027300                div
 .text.__swsetup_r
                0x0202732c      0x144 C:/devkitPro/devkitARM/bin/../lib/gcc/arm-none-eabi/13.1.0/../../../../arm-none-eabi/lib\libg.a(libc_a-wsetup.o)
                0x0202732c                __swsetup_r
 .text.quorem   0x02027470      0x1d8 C:/devkitPro/devkitARM/bin/../lib/gcc/arm-none-eabi/13.1.0/../../../../arm-none-eabi/lib\libg.a(libc_a-dtoa.o)
 .text._dtoa_r  0x02027648     0x16cc C:/devkitPro/devkitARM/bin/../lib/gcc/arm-none-eabi/13.1.0/../../../../arm-none-eabi/lib\libg.a(libc_a-dtoa.o)
                0x02027648                _dtoa_r
 .text._fseeko_r
                0x02028d14      0x5a4 C:/devkitPro/devkitARM/bin/../lib/gcc/arm-none-eabi/13.1.0/../../../../arm-none-eabi/lib\libg.a(libc_a-fseeko.o)
                0x02028d14                _fseeko_r
 .text._findenv_r
                0x020292b8       0xd0 C:/devkitPro/devkitARM/bin/../lib/gcc/arm-none-eabi/13.1.0/../../../../arm-none-eabi/lib\libg.a(libc_a-getenv_r.o)
                0x020292b8                _findenv_r
 .text._getenv_r
                0x02029388       0x1c C:/devkitPro/devkitARM/bin/../lib/gcc/arm-none-eabi/13.1.0/../../../../arm-none-eabi/lib\libg.a(libc_a-getenv_r.o)
                0x02029388                _getenv_r
 .text._ftello_r
                0x020293a4      0x1c0 C:/devkitPro/devkitARM/bin/../lib/gcc/arm-none-eabi/13.1.0/../../../../arm-none-eabi/lib\libg.a(libc_a-ftello.o)
                0x020293a4                _ftello_r
 .text.__sflags
                0x02029564       0xbc C:/devkitPro/devkitARM/bin/../lib/gcc/arm-none-eabi/13.1.0/../../../../arm-none-eabi/lib\libg.a(libc_a-flags.o)
                0x02029564                __sflags
 .text._Balloc  0x02029620       0x8c C:/devkitPro/devkitARM/bin/../lib/gcc/arm-none-eabi/13.1.0/../../../../arm-none-eabi/lib\libg.a(libc_a-mprec.o)
                0x02029620                _Balloc
 .text._Bfree   0x020296ac       0x1c C:/devkitPro/devkitARM/bin/../lib/gcc/arm-none-eabi/13.1.0/../../../../arm-none-eabi/lib\libg.a(libc_a-mprec.o)
                0x020296ac                _Bfree
 .text.__multadd
                0x020296c8      0x100 C:/devkitPro/devkitARM/bin/../lib/gcc/arm-none-eabi/13.1.0/../../../../arm-none-eabi/lib\libg.a(libc_a-mprec.o)
                0x020296c8                __multadd
 .text.__hi0bits
                0x020297c8       0x60 C:/devkitPro/devkitARM/bin/../lib/gcc/arm-none-eabi/13.1.0/../../../../arm-none-eabi/lib\libg.a(libc_a-mprec.o)
                0x020297c8                __hi0bits
 .text.__lo0bits
                0x02029828       0xa0 C:/devkitPro/devkitARM/bin/../lib/gcc/arm-none-eabi/13.1.0/../../../../arm-none-eabi/lib\libg.a(libc_a-mprec.o)
                0x02029828                __lo0bits
 .text.__i2b    0x020298c8       0xac C:/devkitPro/devkitARM/bin/../lib/gcc/arm-none-eabi/13.1.0/../../../../arm-none-eabi/lib\libg.a(libc_a-mprec.o)
                0x020298c8                __i2b
 .text.__multiply
                0x02029974      0x218 C:/devkitPro/devkitARM/bin/../lib/gcc/arm-none-eabi/13.1.0/../../../../arm-none-eabi/lib\libg.a(libc_a-mprec.o)
                0x02029974                __multiply
 .text.__pow5mult
                0x02029b8c      0x12c C:/devkitPro/devkitARM/bin/../lib/gcc/arm-none-eabi/13.1.0/../../../../arm-none-eabi/lib\libg.a(libc_a-mprec.o)
                0x02029b8c                __pow5mult
 .text.__lshift
                0x02029cb8      0x144 C:/devkitPro/devkitARM/bin/../lib/gcc/arm-none-eabi/13.1.0/../../../../arm-none-eabi/lib\libg.a(libc_a-mprec.o)
                0x02029cb8                __lshift
 .text.__mcmp   0x02029dfc       0x54 C:/devkitPro/devkitARM/bin/../lib/gcc/arm-none-eabi/13.1.0/../../../../arm-none-eabi/lib\libg.a(libc_a-mprec.o)
                0x02029dfc                __mcmp
 .text.__mdiff  0x02029e50      0x214 C:/devkitPro/devkitARM/bin/../lib/gcc/arm-none-eabi/13.1.0/../../../../arm-none-eabi/lib\libg.a(libc_a-mprec.o)
                0x02029e50                __mdiff
 .text.__d2b    0x0202a064      0x128 C:/devkitPro/devkitARM/bin/../lib/gcc/arm-none-eabi/13.1.0/../../../../arm-none-eabi/lib\libg.a(libc_a-mprec.o)
                0x0202a064                __d2b
 .text.__sfvwrite_r
                0x0202a18c      0x4c8 C:/devkitPro/devkitARM/bin/../lib/gcc/arm-none-eabi/13.1.0/../../../../arm-none-eabi/lib\libg.a(libc_a-fvwrite.o)
                0x0202a18c                __sfvwrite_r
 .text.gmtime_r
                0x0202a654      0x26c C:/devkitPro/devkitARM/bin/../lib/gcc/arm-none-eabi/13.1.0/../../../../arm-none-eabi/lib\libg.a(libc_a-gmtime_r.o)
                0x0202a654                gmtime_r
 .text._realloc_r
                0x0202a8c0      0x4b8 C:/devkitPro/devkitARM/bin/../lib/gcc/arm-none-eabi/13.1.0/../../../../arm-none-eabi/lib\libg.a(libc_a-reallocr.o)
                0x0202a8c0                _realloc_r
 .text.__tz_lock
                0x0202ad78       0x18 C:/devkitPro/devkitARM/bin/../lib/gcc/arm-none-eabi/13.1.0/../../../../arm-none-eabi/lib\libg.a(libc_a-tzlock.o)
                0x0202ad78                __tz_lock
 .text.__tz_unlock
                0x0202ad90       0x18 C:/devkitPro/devkitARM/bin/../lib/gcc/arm-none-eabi/13.1.0/../../../../arm-none-eabi/lib\libg.a(libc_a-tzlock.o)
                0x0202ad90                __tz_unlock
 .text.__utf8_mbtowc
                0x0202ada8      0x308 C:/devkitPro/devkitARM/bin/../lib/gcc/arm-none-eabi/13.1.0/../../../../arm-none-eabi/lib\libg.a(libc_a-mbtowc_r.o)
                0x0202ada8                __utf8_mbtowc
 .text._wcsnrtombs_l
                0x0202b0b0      0x198 C:/devkitPro/devkitARM/bin/../lib/gcc/arm-none-eabi/13.1.0/../../../../arm-none-eabi/lib\libg.a(libc_a-wcsnrtombs.o)
                0x0202b0b0                _wcsnrtombs_l
 .text._wcsnrtombs_r
                0x0202b248       0x68 C:/devkitPro/devkitARM/bin/../lib/gcc/arm-none-eabi/13.1.0/../../../../arm-none-eabi/lib\libg.a(libc_a-wcsnrtombs.o)
                0x0202b248                _wcsnrtombs_r
 .text.__env_lock
                0x0202b2b0       0x18 C:/devkitPro/devkitARM/bin/../lib/gcc/arm-none-eabi/13.1.0/../../../../arm-none-eabi/lib\libg.a(libc_a-envlock.o)
                0x0202b2b0                __env_lock
 .text.__env_unlock
                0x0202b2c8       0x18 C:/devkitPro/devkitARM/bin/../lib/gcc/arm-none-eabi/13.1.0/../../../../arm-none-eabi/lib\libg.a(libc_a-envlock.o)
                0x0202b2c8                __env_unlock
 .text.__assert_func
                0x0202b2e0       0x5c C:/devkitPro/devkitARM/bin/../lib/gcc/arm-none-eabi/13.1.0/../../../../arm-none-eabi/lib\libg.a(libc_a-assert.o)
                0x0202b2e0                __assert_func
 .text.fiprintf
                0x0202b33c       0x3c C:/devkitPro/devkitARM/bin/../lib/gcc/arm-none-eabi/13.1.0/../../../../arm-none-eabi/lib\libg.a(libc_a-fiprintf.o)
                0x0202b33c                fiprintf
 .text.abort    0x0202b378       0x14 C:/devkitPro/devkitARM/bin/../lib/gcc/arm-none-eabi/13.1.0/../../../../arm-none-eabi/lib\libg.a(libc_a-abort.o)
                0x0202b378                abort
 .text._raise_r
                0x0202b38c       0x94 C:/devkitPro/devkitARM/bin/../lib/gcc/arm-none-eabi/13.1.0/../../../../arm-none-eabi/lib\libg.a(libc_a-signal.o)
                0x0202b38c                _raise_r
 .text.raise    0x0202b420       0x18 C:/devkitPro/devkitARM/bin/../lib/gcc/arm-none-eabi/13.1.0/../../../../arm-none-eabi/lib\libg.a(libc_a-signal.o)
                0x0202b420                raise
 .text._exit    0x0202b438       0x20 C:/devkitPro/devkitARM/bin/../lib/gcc/arm-none-eabi/13.1.0/../../../../arm-none-eabi/lib\libsysbase.a(libsysbase_libsysbase_a-_exit.o)
                0x0202b438                _exit
 .text.build_argv
                0x0202b458       0x90 C:/devkitPro/devkitARM/bin/../lib/gcc/arm-none-eabi/13.1.0/../../../../arm-none-eabi/lib\libsysbase.a(libsysbase_libsysbase_a-build_argv.o)
                0x0202b458                build_argv
 .text.chdir    0x0202b4e8      0x144 C:/devkitPro/devkitARM/bin/../lib/gcc/arm-none-eabi/13.1.0/../../../../arm-none-eabi/lib\libsysbase.a(libsysbase_libsysbase_a-chdir.o)
                0x0202b4e8                chdir
 .text.getcwd   0x0202b62c       0x8c C:/devkitPro/devkitARM/bin/../lib/gcc/arm-none-eabi/13.1.0/../../../../arm-none-eabi/lib\libsysbase.a(libsysbase_libsysbase_a-chdir.o)
                0x0202b62c                getcwd
 .text._concatenate_path
                0x0202b6b8      0x1d4 C:/devkitPro/devkitARM/bin/../lib/gcc/arm-none-eabi/13.1.0/../../../../arm-none-eabi/lib\libsysbase.a(libsysbase_libsysbase_a-concatenate.o)
                0x0202b6b8                _concatenate_path
 .text._fstat_r
                0x0202b88c       0x7c C:/devkitPro/devkitARM/bin/../lib/gcc/arm-none-eabi/13.1.0/../../../../arm-none-eabi/lib\libsysbase.a(libsysbase_libsysbase_a-fstat.o)
                0x0202b88c                _fstat_r
 .text._getpid_r
                0x0202b908       0x14 C:/devkitPro/devkitARM/bin/../lib/gcc/arm-none-eabi/13.1.0/../../../../arm-none-eabi/lib\libsysbase.a(libsysbase_libsysbase_a-getpid.o)
                0x0202b908                _getpid_r
 .text.__getreent
                0x0202b91c       0x30 C:/devkitPro/devkitARM/bin/../lib/gcc/arm-none-eabi/13.1.0/../../../../arm-none-eabi/lib\libsysbase.a(libsysbase_libsysbase_a-getreent.o)
                0x0202b91c                __getreent
 .text._gettimeofday_r
                0x0202b94c       0x34 C:/devkitPro/devkitARM/bin/../lib/gcc/arm-none-eabi/13.1.0/../../../../arm-none-eabi/lib\libsysbase.a(libsysbase_libsysbase_a-gettod.o)
                0x0202b94c                _gettimeofday_r
 .text.__release_handle
                0x0202b980       0x90 C:/devkitPro/devkitARM/bin/../lib/gcc/arm-none-eabi/13.1.0/../../../../arm-none-eabi/lib\libsysbase.a(libsysbase_libsysbase_a-handle_manager.o)
                0x0202b980                __release_handle
 .text.__alloc_handle
                0x0202ba10       0xb4 C:/devkitPro/devkitARM/bin/../lib/gcc/arm-none-eabi/13.1.0/../../../../arm-none-eabi/lib\libsysbase.a(libsysbase_libsysbase_a-handle_manager.o)
                0x0202ba10                __alloc_handle
 .text.__get_handle
                0x0202bac4       0x40 C:/devkitPro/devkitARM/bin/../lib/gcc/arm-none-eabi/13.1.0/../../../../arm-none-eabi/lib\libsysbase.a(libsysbase_libsysbase_a-handle_manager.o)
                0x0202bac4                __get_handle
 .text._close_r
                0x0202bb04       0xfc C:/devkitPro/devkitARM/bin/../lib/gcc/arm-none-eabi/13.1.0/../../../../arm-none-eabi/lib\libsysbase.a(libsysbase_libsysbase_a-handle_manager.o)
                0x0202bb04                _close_r
 .text.null_write
                0x0202bc00        0x8 C:/devkitPro/devkitARM/bin/../lib/gcc/arm-none-eabi/13.1.0/../../../../arm-none-eabi/lib\libsysbase.a(libsysbase_libsysbase_a-iosupport.o)
 .text.setDefaultDevice
                0x0202bc08       0x18 C:/devkitPro/devkitARM/bin/../lib/gcc/arm-none-eabi/13.1.0/../../../../arm-none-eabi/lib\libsysbase.a(libsysbase_libsysbase_a-iosupport.o)
                0x0202bc08                setDefaultDevice
 .text.FindDevice
                0x0202bc20       0xd4 C:/devkitPro/devkitARM/bin/../lib/gcc/arm-none-eabi/13.1.0/../../../../arm-none-eabi/lib\libsysbase.a(libsysbase_libsysbase_a-iosupport.o)
                0x0202bc20                FindDevice
 .text.AddDevice
                0x0202bcf4       0xa4 C:/devkitPro/devkitARM/bin/../lib/gcc/arm-none-eabi/13.1.0/../../../../arm-none-eabi/lib\libsysbase.a(libsysbase_libsysbase_a-iosupport.o)
                0x0202bcf4                AddDevice
 .text.GetDeviceOpTab
                0x0202bd98       0x24 C:/devkitPro/devkitARM/bin/../lib/gcc/arm-none-eabi/13.1.0/../../../../arm-none-eabi/lib\libsysbase.a(libsysbase_libsysbase_a-iosupport.o)
                0x0202bd98                GetDeviceOpTab
 .text._isatty_r
                0x0202bdbc        0x8 C:/devkitPro/devkitARM/bin/../lib/gcc/arm-none-eabi/13.1.0/../../../../arm-none-eabi/lib\libsysbase.a(libsysbase_libsysbase_a-isatty.o)
                0x0202bdbc                _isatty_r
 .text._kill_r  0x0202bdc4       0x14 C:/devkitPro/devkitARM/bin/../lib/gcc/arm-none-eabi/13.1.0/../../../../arm-none-eabi/lib\libsysbase.a(libsysbase_libsysbase_a-kill.o)
                0x0202bdc4                _kill_r
 .text._lseek_r
                0x0202bdd8       0x88 C:/devkitPro/devkitARM/bin/../lib/gcc/arm-none-eabi/13.1.0/../../../../arm-none-eabi/lib\libsysbase.a(libsysbase_libsysbase_a-lseek.o)
                0x0202bdd8                _lseek_r
 .text._open_r  0x0202be60       0xc4 C:/devkitPro/devkitARM/bin/../lib/gcc/arm-none-eabi/13.1.0/../../../../arm-none-eabi/lib\libsysbase.a(libsysbase_libsysbase_a-open.o)
                0x0202be60                _open_r
 .text._read_r  0x0202bf24       0x84 C:/devkitPro/devkitARM/bin/../lib/gcc/arm-none-eabi/13.1.0/../../../../arm-none-eabi/lib\libsysbase.a(libsysbase_libsysbase_a-read.o)
                0x0202bf24                _read_r
 .text._sbrk_r  0x0202bfa8       0x7c C:/devkitPro/devkitARM/bin/../lib/gcc/arm-none-eabi/13.1.0/../../../../arm-none-eabi/lib\libsysbase.a(libsysbase_libsysbase_a-sbrk.o)
                0x0202bfa8                _sbrk_r
 .text.sleep    0x0202c024       0x4c C:/devkitPro/devkitARM/bin/../lib/gcc/arm-none-eabi/13.1.0/../../../../arm-none-eabi/lib\libsysbase.a(libsysbase_libsysbase_a-sleep.o)
                0x0202c024                sleep
 .text._stat_r  0x0202c070       0x74 C:/devkitPro/devkitARM/bin/../lib/gcc/arm-none-eabi/13.1.0/../../../../arm-none-eabi/lib\libsysbase.a(libsysbase_libsysbase_a-stat.o)
                0x0202c070                _stat_r
 .text.__libc_lock_acquire
                0x0202c0e4       0x20 C:/devkitPro/devkitARM/bin/../lib/gcc/arm-none-eabi/13.1.0/../../../../arm-none-eabi/lib\libsysbase.a(libsysbase_libsysbase_a-syscall_support.o)
                0x0202c0e4                __libc_lock_acquire
 .text.__libc_lock_release
                0x0202c104       0x20 C:/devkitPro/devkitARM/bin/../lib/gcc/arm-none-eabi/13.1.0/../../../../arm-none-eabi/lib\libsysbase.a(libsysbase_libsysbase_a-syscall_support.o)
                0x0202c104                __libc_lock_release
 .text.__libc_lock_acquire_recursive
                0x0202c124       0x20 C:/devkitPro/devkitARM/bin/../lib/gcc/arm-none-eabi/13.1.0/../../../../arm-none-eabi/lib\libsysbase.a(libsysbase_libsysbase_a-syscall_support.o)
                0x0202c124                __libc_lock_acquire_recursive
 .text.__libc_lock_release_recursive
                0x0202c144       0x20 C:/devkitPro/devkitARM/bin/../lib/gcc/arm-none-eabi/13.1.0/../../../../arm-none-eabi/lib\libsysbase.a(libsysbase_libsysbase_a-syscall_support.o)
                0x0202c144                __libc_lock_release_recursive
 .text._times_r
                0x0202c164       0x14 C:/devkitPro/devkitARM/bin/../lib/gcc/arm-none-eabi/13.1.0/../../../../arm-none-eabi/lib\libsysbase.a(libsysbase_libsysbase_a-times.o)
                0x0202c164                _times_r
 .text._write_r
                0x0202c178       0x84 C:/devkitPro/devkitARM/bin/../lib/gcc/arm-none-eabi/13.1.0/../../../../arm-none-eabi/lib\libsysbase.a(libsysbase_libsysbase_a-write.o)
                0x0202c178                _write_r
 .text.nanosleep
                0x0202c1fc       0x44 C:/devkitPro/devkitARM/bin/../lib/gcc/arm-none-eabi/13.1.0/../../../../arm-none-eabi/lib\libsysbase.a(libsysbase_libsysbase_a-nanosleep.o)
                0x0202c1fc                nanosleep
 .text.nanosleep.__stub
                0x0202c240      0x430 linker stubs
 *(EXCLUDE_FILE(*.twl*) .gnu.warning)
 *(EXCLUDE_FILE(*.twl*) .gnu.linkonce.t*)
 *(.glue_7)
 .glue_7        0x0202c728        0x0 linker stubs
 *(.glue_7t)
 .glue_7t       0x0202c728        0x0 linker stubs
                0x0202c728                        . = ALIGN (0x4)

.vfp11_veneer   0x0202c728        0x0
 .vfp11_veneer  0x0202c728        0x0 linker stubs

.v4_bx          0x0202c728        0x0
 .v4_bx         0x0202c728        0x0 linker stubs

.iplt           0x0202c728        0x0
 .iplt          0x0202c728        0x0 C:/devkitPro/devkitARM/bin/../lib/gcc/arm-none-eabi/13.1.0/../../../../arm-none-eabi/lib/ds_arm9_crt0.o

.fini           0x0202c728       0x18
 *(.fini)
 .fini          0x0202c728        0xc C:/devkitPro/devkitARM/bin/../lib/gcc/arm-none-eabi/13.1.0/crti.o
                0x0202c728                _fini
 .fini          0x0202c734        0xc C:/devkitPro/devkitARM/bin/../lib/gcc/arm-none-eabi/13.1.0/crtn.o
                0x0202c740                        __text_end = .

.rodata         0x0202c740     0x6f30
 *(EXCLUDE_FILE(*.twl*) .rodata)
 .rodata        0x0202c740       0x50 C:/devkitPro/nflib/lib\libnflib.a(nf_basic.o)
 .rodata        0x0202c790      0x170 C:/devkitPro/nflib/lib\libnflib.a(nf_text.o)
 *all.rodata*(*)
 *(EXCLUDE_FILE(*.twl*) .roda)
 *(EXCLUDE_FILE(*.twl*) .rodata.*)
 .rodata.str1.4
                0x0202c900      0x5d8 main.o
                                0x5e0 (size before relaxing)
 .rodata.str1.4
                0x0202ced8       0x27 C:/devkitPro/nflib/lib\libnflib.a(nf_2d.o)
 *fill*         0x0202ceff        0x1 ff
 .rodata.str1.4
                0x0202cf00      0x62b C:/devkitPro/nflib/lib\libnflib.a(nf_basic.o)
                                0x63f (size before relaxing)
 *fill*         0x0202d52b        0x1 ff
 .rodata.str1.4
                0x0202d52c       0x70 C:/devkitPro/nflib/lib\libnflib.a(nf_sprite256.o)
                                 0x7b (size before relaxing)
 .rodata.str1.4
                0x0202d59c       0x47 C:/devkitPro/nflib/lib\libnflib.a(nf_sprite3d.o)
                                 0xa9 (size before relaxing)
 *fill*         0x0202d5e3        0x1 ff
 .rodata.str1.4
                0x0202d5e4       0x16 C:/devkitPro/nflib/lib\libnflib.a(nf_text.o)
                                 0x2b (size before relaxing)
 *fill*         0x0202d5fa        0x2 ff
 .rodata.str1.4
                0x0202d5fc       0x40 C:/devkitPro/nflib/lib\libnflib.a(nf_tiledbg.o)
                                 0x70 (size before relaxing)
 .rodata.nitroFSInit.str1.4
                0x0202d63c        0x8 C:/devkitPro/libnds/lib\libfilesystem.a(nitrofs.o)
 .rodata.str1.4
                0x0202d63c        0xa C:/devkitPro/libnds/lib\libfilesystem.a(nitrofs.o)
                                  0xe (size before relaxing)
 *fill*         0x0202d646        0x2 ff
 .rodata.fatMount.part.0.str1.4
                0x0202d648        0x2 C:/devkitPro/libnds/lib\libfat.a(libfat.o)
 *fill*         0x0202d64a        0x2 ff
 .rodata.fatInit.str1.4
                0x0202d64c        0x3 C:/devkitPro/libnds/lib\libfat.a(libfat.o)
 *fill*         0x0202d64f        0x1 ff
 .rodata.str1.4
                0x0202d650        0x4 C:/devkitPro/libnds/lib\libfat.a(libfat.o)
 .rodata.dotab_fat
                0x0202d654       0x70 C:/devkitPro/libnds/lib\libfat.a(libfat.o)
 .rodata.str1.4
                0x0202d6c4        0x3 C:/devkitPro/libnds/lib\libfat.a(disc.o)
                                  0x8 (size before relaxing)
 *fill*         0x0202d6c7        0x1 ff
 .rodata._FAT_disc_interfaces
                0x0202d6c8       0x18 C:/devkitPro/libnds/lib\libfat.a(disc.o)
                0x0202d6c8                _FAT_disc_interfaces
 .rodata._FAT_directory_entryFromPath.str1.4
                0x0202d6e0        0x7 C:/devkitPro/libnds/lib\libfat.a(directory.o)
 .rodata.ILLEGAL_ALIAS_CHARACTERS
                0x0202d6e0       0x12 C:/devkitPro/libnds/lib\libfat.a(directory.o)
 *fill*         0x0202d6f2        0x2 ff
 .rodata.ILLEGAL_LFN_CHARACTERS
                0x0202d6f4        0xa C:/devkitPro/libnds/lib\libfat.a(directory.o)
 *fill*         0x0202d6fe        0x2 ff
 .rodata.LFN_offset_table
                0x0202d700       0x34 C:/devkitPro/libnds/lib\libfat.a(directory.o)
 .rodata.FAT_SIG
                0x0202d734        0x3 C:/devkitPro/libnds/lib\libfat.a(partition.o)
 *fill*         0x0202d737        0x1 ff
 .rodata.FS_TWL_SIG
                0x0202d738        0x8 C:/devkitPro/libnds/lib\libfat.a(partition.o)
 .rodata.SIN_LUT
                0x0202d740      0x102 C:/devkitPro/libnds/lib\libnds9.a(trig.o)
                0x0202d740                SIN_LUT
 *fill*         0x0202d842        0x2 ff
 .rodata.con_write.str1.4
                0x0202d844       0x30 C:/devkitPro/libnds/lib\libnds9.a(console.o)
 .rodata.con_write
                0x0202d874       0xd4 C:/devkitPro/libnds/lib\libnds9.a(console.o)
 .rodata.consoleClear.str1.4
                0x0202d948        0x5 C:/devkitPro/libnds/lib\libnds9.a(console.o)
 *fill*         0x0202d94d        0x3 ff
 .rodata.str1.4
                0x0202d950       0x14 C:/devkitPro/libnds/lib\libnds9.a(console.o)
 .rodata.dotab_stdout
                0x0202d964       0x70 C:/devkitPro/libnds/lib\libnds9.a(console.o)
 .rodata.default_font_bin
                0x0202d9d4     0x2000 C:/devkitPro/libnds/lib\libnds9.a(default_font.bin.o)
                0x0202d9d4                default_font_bin
                0x0202f9d4                default_font_bin_end
 .rodata._mbrtowc_r.str1.4
                0x0202f9d4       0x14 C:/devkitPro/devkitARM/bin/../lib/gcc/arm-none-eabi/13.1.0/../../../../arm-none-eabi/lib\libg.a(libc_a-mbrtowc.o)
                                  0x1 (size before relaxing)
 .rodata._ctype_
                0x0202f9d4      0x101 C:/devkitPro/devkitARM/bin/../lib/gcc/arm-none-eabi/13.1.0/../../../../arm-none-eabi/lib\libg.a(libc_a-ctype_.o)
                0x0202f9d4                _ctype_
 *fill*         0x0202fad5        0x3 ff
 .rodata.basefix.0
                0x0202fad8       0x22 C:/devkitPro/devkitARM/bin/../lib/gcc/arm-none-eabi/13.1.0/../../../../arm-none-eabi/lib\libg.a(libc_a-svfiscanf.o)
 .rodata._svfprintf_r.str1.1
                0x0202fafa       0x3b C:/devkitPro/devkitARM/bin/../lib/gcc/arm-none-eabi/13.1.0/../../../../arm-none-eabi/lib\libg.a(libc_a-svfprintf.o)
 *fill*         0x0202fb35        0x3 ff
 .rodata.zeroes.0
                0x0202fb38       0x10 C:/devkitPro/devkitARM/bin/../lib/gcc/arm-none-eabi/13.1.0/../../../../arm-none-eabi/lib\libg.a(libc_a-svfprintf.o)
 .rodata.blanks.1
                0x0202fb48       0x10 C:/devkitPro/devkitARM/bin/../lib/gcc/arm-none-eabi/13.1.0/../../../../arm-none-eabi/lib\libg.a(libc_a-svfprintf.o)
 .rodata._vfprintf_r.str1.1
                0x0202fb58       0x3b C:/devkitPro/devkitARM/bin/../lib/gcc/arm-none-eabi/13.1.0/../../../../arm-none-eabi/lib\libg.a(libc_a-vfprintf.o)
 .rodata.zeroes.0
                0x0202fb58       0x10 C:/devkitPro/devkitARM/bin/../lib/gcc/arm-none-eabi/13.1.0/../../../../arm-none-eabi/lib\libg.a(libc_a-vfprintf.o)
 .rodata.blanks.1
                0x0202fb68       0x10 C:/devkitPro/devkitARM/bin/../lib/gcc/arm-none-eabi/13.1.0/../../../../arm-none-eabi/lib\libg.a(libc_a-vfprintf.o)
 .rodata._DAYS_BEFORE_MONTH
                0x0202fb78       0x30 C:/devkitPro/devkitARM/bin/../lib/gcc/arm-none-eabi/13.1.0/../../../../arm-none-eabi/lib\libg.a(libc_a-mktime.o)
 .rodata.DAYS_IN_MONTH
                0x0202fba8       0x30 C:/devkitPro/devkitARM/bin/../lib/gcc/arm-none-eabi/13.1.0/../../../../arm-none-eabi/lib\libg.a(libc_a-mktime.o)
 .rodata._tzset_unlocked_r.str1.4
                0x0202fbd8       0x67 C:/devkitPro/devkitARM/bin/../lib/gcc/arm-none-eabi/13.1.0/../../../../arm-none-eabi/lib\libg.a(libc_a-tzset_r.o)
                                 0x6b (size before relaxing)
 *fill*         0x0202fc3f        0x1 ff
 .rodata.__month_lengths
                0x0202fc40       0x60 C:/devkitPro/devkitARM/bin/../lib/gcc/arm-none-eabi/13.1.0/../../../../arm-none-eabi/lib\libg.a(libc_a-month_lengths.o)
                0x0202fc40                __month_lengths
 .rodata.str1.4
                0x0202fca0        0x4 C:/devkitPro/devkitARM/bin/../lib/gcc/arm-none-eabi/13.1.0/../../../../arm-none-eabi/lib\libg.a(libc_a-tzvars.o)
 .rodata.str1.4
                0x0202fca0       0x44 C:/devkitPro/devkitARM/bin/../lib/gcc/arm-none-eabi/13.1.0/../../../../arm-none-eabi/lib\libg.a(libc_a-locale.o)
                                 0x4c (size before relaxing)
 .rodata.categories
                0x0202fce4     0x3528 C:/devkitPro/devkitARM/bin/../lib/gcc/arm-none-eabi/13.1.0/../../../../arm-none-eabi/lib\libg.a(libc_a-categories.o)
 .rodata._vfiprintf_r.str1.1
                0x0203320c       0x29 C:/devkitPro/devkitARM/bin/../lib/gcc/arm-none-eabi/13.1.0/../../../../arm-none-eabi/lib\libg.a(libc_a-vfiprintf.o)
 .rodata.zeroes.0
                0x0203320c       0x10 C:/devkitPro/devkitARM/bin/../lib/gcc/arm-none-eabi/13.1.0/../../../../arm-none-eabi/lib\libg.a(libc_a-vfiprintf.o)
 .rodata.blanks.1
                0x0203321c       0x10 C:/devkitPro/devkitARM/bin/../lib/gcc/arm-none-eabi/13.1.0/../../../../arm-none-eabi/lib\libg.a(libc_a-vfiprintf.o)
 .rodata.__action_table
                0x0203322c       0x6c C:/devkitPro/devkitARM/bin/../lib/gcc/arm-none-eabi/13.1.0/../../../../arm-none-eabi/lib\libg.a(libc_a-svfiprintf.o)
                0x0203322c                __action_table
 .rodata.__state_table
                0x02033298       0x6c C:/devkitPro/devkitARM/bin/../lib/gcc/arm-none-eabi/13.1.0/../../../../arm-none-eabi/lib\libg.a(libc_a-svfiprintf.o)
                0x02033298                __state_table
 .rodata.__chclass
                0x02033304      0x100 C:/devkitPro/devkitARM/bin/../lib/gcc/arm-none-eabi/13.1.0/../../../../arm-none-eabi/lib\libg.a(libc_a-svfiprintf.o)
                0x02033304                __chclass
 .rodata._dtoa_r.str1.4
                0x02033404       0x64 C:/devkitPro/devkitARM/bin/../lib/gcc/arm-none-eabi/13.1.0/../../../../arm-none-eabi/lib\libg.a(libc_a-dtoa.o)
 .rodata.__multadd.str1.4
                0x02033468       0x3d C:/devkitPro/devkitARM/bin/../lib/gcc/arm-none-eabi/13.1.0/../../../../arm-none-eabi/lib\libg.a(libc_a-mprec.o)
                                 0x51 (size before relaxing)
 *fill*         0x020334a5        0x3 ff
 .rodata.p05.0  0x020334a8        0xc C:/devkitPro/devkitARM/bin/../lib/gcc/arm-none-eabi/13.1.0/../../../../arm-none-eabi/lib\libg.a(libc_a-mprec.o)
 *fill*         0x020334b4        0x4 ff
 .rodata.__mprec_bigtens
                0x020334b8       0x28 C:/devkitPro/devkitARM/bin/../lib/gcc/arm-none-eabi/13.1.0/../../../../arm-none-eabi/lib\libg.a(libc_a-mprec.o)
                0x020334b8                __mprec_bigtens
 .rodata.__mprec_tens
                0x020334e0       0xc8 C:/devkitPro/devkitARM/bin/../lib/gcc/arm-none-eabi/13.1.0/../../../../arm-none-eabi/lib\libg.a(libc_a-mprec.o)
                0x020334e0                __mprec_tens
 .rodata.__assert_func.str1.4
                0x020335a8       0x3f C:/devkitPro/devkitARM/bin/../lib/gcc/arm-none-eabi/13.1.0/../../../../arm-none-eabi/lib\libg.a(libc_a-assert.o)
                                 0x43 (size before relaxing)
 *fill*         0x020335e7        0x1 ff
 .rodata.AddDevice.str1.4
                0x020335e8        0x8 C:/devkitPro/devkitARM/bin/../lib/gcc/arm-none-eabi/13.1.0/../../../../arm-none-eabi/lib\libsysbase.a(libsysbase_libsysbase_a-iosupport.o)
 .rodata.dotab_stdnull
                0x020335f0       0x80 C:/devkitPro/devkitARM/bin/../lib/gcc/arm-none-eabi/13.1.0/../../../../arm-none-eabi/lib\libsysbase.a(libsysbase_libsysbase_a-iosupport.o)
                0x020335f0                dotab_stdnull
 *(EXCLUDE_FILE(*.twl*) .gnu.linkonce.r*)
                0x02033670                        . = ALIGN (0x4)

.ARM.extab
 *(.ARM.extab* .gnu.linkonce.armextab.*)
                0x02033670                        __exidx_start = .

ARM.exidx
 *(.ARM.exidx* .gnu.linkonce.armexidx.*)
                0x02033670                        __exidx_end = .
                0x02033670                        . = ALIGN (0x4)
                0x02033670                        PROVIDE (__preinit_array_start = .)

.preinit_array
 *(.preinit_array)
                0x02033670                        PROVIDE (__preinit_array_end = .)
                0x02033670                        PROVIDE (__init_array_start = .)

.init_array     0x02033670        0x4
 *(SORT_BY_NAME(.init_array.*))
 *(.init_array)
 .init_array    0x02033670        0x4 C:/devkitPro/devkitARM/bin/../lib/gcc/arm-none-eabi/13.1.0/crtbegin.o
                0x02033674                        PROVIDE (__init_array_end = .)
                [!provide]                        PROVIDE (__fini_array_start = .)

.fini_array     0x02033674        0x4
 *(.fini_array)